2026-03-09 04:57:03.362  5279  6166 I [CT]          : SP:AP:AnchorPersistenceConfig: getSceneRuntimePermissionEnabled: USE_SCENE permission is enabled on this device
2026-03-09 04:57:03.362  5279  6166 I [CT]          : SP:AP:AnchorPersistenceScenePermissions: hasClientGrantedScenePermission: USE_SCENE permission is enabled on this device, check client 1869454968, grant is true
2026-03-09 04:57:03.362  5279  6166 I [CT]          : SP:AP:AnchorPersistenceConfig: getSceneRuntimePermissionEnabled: USE_SCENE permission is enabled on this device
2026-03-09 04:57:03.362   895  1280 D EpsStreamParamsStore: operator(): Setting volumetric token for session 2193 to 0xb40000799efecaf0
2026-03-09 04:57:03.363   895  1281 D EpsSpatialWindowSettingsClientImpl: Global spatial settings change {
2026-03-09 04:57:03.363   895  1281 D EpsSpatialWindowSettingsClientImpl: "global spatial preference": true,
2026-03-09 04:57:03.363   895  1281 D EpsSpatialWindowSettingsClientImpl: "in shell env": true,
2026-03-09 04:57:03.363   895  1281 D EpsSpatialWindowSettingsClientImpl: "package spatial preference": false
2026-03-09 04:57:03.363   895  1281 D EpsSpatialWindowSettingsClientImpl: }
2026-03-09 04:57:03.363   895  1281 D EpsMixerShimEngineStream: STREAM_TYPE_STATE change for session(2193): {
2026-03-09 04:57:03.363   895  1281 D EpsMixerShimEngineStream: "is_initial": true,
2026-03-09 04:57:03.363   895  1281 D EpsMixerShimEngineStream: "package": "com.oculus.vrshell",
2026-03-09 04:57:03.363   895  1281 D EpsMixerShimEngineStream: "session": 2193,
2026-03-09 04:57:03.363   895  1281 D EpsMixerShimEngineStream: "state": {
2026-03-09 04:57:03.363   895  1281 D EpsMixerShimEngineStream: "flags": {
2026-03-09 04:57:03.363   895  1281 D EpsMixerShimEngineStream: "AMBISONIC_IN_FORMAT": false,
2026-03-09 04:57:03.363   895  1281 D EpsMixerShimEngineStream: "FORMAT_UNSPECIFIED": true,
2026-03-09 04:57:03.363   895  1281 D EpsMixerShimEngineStream: "HAS_SINGLE_OBJECT": false,
2026-03-09 04:57:03.363   895  1281 D EpsMixerShimEngineStream: "HAS_SOUNDFIELD_FORMAT_INDICATOR": false,
2026-03-09 04:57:03.363   895  1281 D EpsMixerShimEngineStream: "HAS_TRUE_AMBISONIC_FORMAT": false,
2026-03-09 04:57:03.363   895  1281 D EpsMixerShimEngineStream: "HAS_VOLUMETRIC_TOKEN": true,
2026-03-09 04:57:03.363   895  1281 D EpsMixerShimEngineStream: "IS_BUNDLED_FORMAT": false,
2026-03-09 04:57:03.363   895  1281 D EpsMixerShimEngineStream: "IS_SINGULAR_FORMAT": false,
2026-03-09 04:57:03.363   895  1281 D EpsMixerShimEngineStream: "IS_SUPPORTED_SOUNDFIELD_MASK": false,
2026-03-09 04:57:03.363   895  1281 D EpsMixerShimEngineStream: "OBJECT_IN_FORMAT": false,
2026-03-09 04:57:03.363   895  1281 D EpsMixerShimEngineStream: "PACKAGE_ALLOWED_FOR_WINDOW_AUDIO": false,
2026-03-09 04:57:03.363   895  1281 D EpsMixerShimEngineStream: "PASSTHROUGH_IN_FORMAT": false,
2026-03-09 04:57:03.363   895  1281 D EpsMixerShimEngineStream: "SPATIALIZATION_PERMITTED": true,
2026-03-09 04:57:03.363   895  1281 D EpsMixerShimEngineStream: "STREAM_TYPE_SUPPORTED_FOR_WINDOW_AUDIO": true,
2026-03-09 04:57:03.363   895  1281 D EpsMixerShimEngineStream: "TRACK_FLAGS_SUPPORT_SPATIALIZATION": true
2026-03-09 04:57:03.363   895  1281 D EpsMixerShimEngineStream: },
2026-03-09 04:57:03.363   895  1281 D EpsMixerShimEngineStream: "type": "EPS_STREAM_TYPE_UNKNOWN"
2026-03-09 04:57:03.363   895  1281 D EpsMixerShimEngineStream: },
2026-03-09 04:57:03.363   895  1281 D EpsMixerShimEngineStream: "state_start_time": 1773050223362
2026-03-09 04:57:03.363   895  1281 D EpsMixerShimEngineStream: }
2026-03-09 04:57:03.363   895  1281 D EpsMixerShimEngineStream: Duration of previous STREAM_TYPE_STATE for session(2193): {
2026-03-09 04:57:03.363   895  1281 D EpsMixerShimEngineStream: "duration_ms": 0,
2026-03-09 04:57:03.363   895  1281 D EpsMixerShimEngineStream: "package": "com.oculus.vrshell",
2026-03-09 04:57:03.363   895  1281 D EpsMixerShimEngineStream: "session": 2193,
2026-03-09 04:57:03.363   895  1281 D EpsMixerShimEngineStream: "state": "stopped",
2026-03-09 04:57:03.363   895  1281 D EpsMixerShimEngineStream: "state_start_time": 1773050223362
2026-03-09 04:57:03.363   895  1281 D EpsMixerShimEngineStream: }
2026-03-09 04:57:03.363  3696  4173 I VrRuntimeClient: UpdateEvents: Detected LOCAL_FLOOR reference space update. Sending reference space update event
2026-03-09 04:57:03.363  3696  4173 I VrRuntimeClient: UpdateEvents: Detected LOCAL reference space update. Sending reference space update event
2026-03-09 04:57:03.363  3696  4173 I [CT]          : SP:TREX:SpatialPersistencePlugin: Event type: 6
2026-03-09 04:57:03.363  3696  4173 I TREX          : Spatial Persistence event: QuerySpacesFinish
2026-03-09 04:57:03.363  3696  4173 I OpenXR        : PostSessionStateChange:[pid: 3696] XR_SESSION_STATE_READY -> XR_SESSION_STATE_SYNCHRONIZED
2026-03-09 04:57:03.363  3696  4173 I [SEO] VrPlatformOpenXr: xrPollEvent: received XR_TYPE_EVENT_DATA_SESSION_STATE_CHANGED: 3 for session 0x2 at time 49410.793660
2026-03-09 04:57:03.363  3696  4173 I [SEO] VrPlatformOpenXr: Session state changed XR_SESSION_STATE_SYNCHRONIZED
2026-03-09 04:57:03.363  3696  4173 I OpenXR        : PostSessionStateChange:[pid: 3696] XR_SESSION_STATE_SYNCHRONIZED -> XR_SESSION_STATE_VISIBLE
2026-03-09 04:57:03.363  3696  4173 I OpenXR        : PostSessionStateChange:[pid: 3696] XR_SESSION_STATE_VISIBLE -> XR_SESSION_STATE_FOCUSED
2026-03-09 04:57:03.363  3696  4173 I [SEO] VrPlatformOpenXr: xrPollEvent: received XR_TYPE_EVENT_DATA_SESSION_STATE_CHANGED: 4 for session 0x2 at time 49410.793702
2026-03-09 04:57:03.363  3696  4173 I [SEO] VrPlatformOpenXr: Session state changed XR_SESSION_STATE_VISIBLE
2026-03-09 04:57:03.363  3696  4173 I [SEO] VrPlatformOpenXr: xrPollEvent: received XR_TYPE_EVENT_DATA_SESSION_STATE_CHANGED: 5 for session 0x2 at time 49410.793708
2026-03-09 04:57:03.363  3696  4173 I [SEO] VrPlatformOpenXr: Session state changed XR_SESSION_STATE_FOCUSED
2026-03-09 04:57:03.364  5279  6166 I [CT]          : SP:SceneAnchorFilterUtil: filterSceneDataByPermission: com.oculus.vrshell permission check passed, keep scene data. anchors size: 0
2026-03-09 04:57:03.364  3696  4569 I [CT]          : SP:AF:InsightAnchorApi: QueryAnchorSpaces (task finish) returnCode: AnchorResultCode::SUCCESS(0), numSpacesFound: 0, spacesFoundUuids: [], duration: 0.000000000 [sec], flags: 44, location: 1, method: 1, request: 4128
2026-03-09 04:57:03.366  3696  6992 D AAudioStream  : setState(s#133) from 3 to 4
2026-03-09 04:57:03.365     9     9 I CAM_INFO      : CAM-SMMU: cam_smmu_map_user_iova: 3257 fd=852 already in list [9:57:3:357] cb=ife idx=0 handle=37111 len=495616,give same addr back
2026-03-09 04:57:03.373     0     0 I CAM_INFO      : CAM-CRM: cam_req_mgr_link_v3: 4951 link reserved 0000000000000000 0 trigger_type:1 num_devs:2 sess_hdl:11862528 no_crm:4
2026-03-09 04:57:03.374     0     0 I CAM_INFO      : CAM-ISP: cam_ife_hw_mgr_print_acquire_info: 2027 9:57:3.366 Acquired Single IFE[1] with [9 pix] [0 pd] [0 rdi] ports for ctx:0 per_port_enabled :0 sensor:-559038737 ul: 0
2026-03-09 04:57:03.370  3696  4173 I [SEO] LocalSpace: New Space: quat(-0.042398, 0.000800, 0.018858, 0.998922), translation(0.000000, 1.547113, 0.000000) - Prior Space: quat(-0.042398, 0.000800, 0.018858, 0.998922), translation(0.000000, 1.547113, 0.000000)
2026-03-09 04:57:03.370  3696  4173 I [SEO] LocalSpace: Local space version from 63 to 64, local space user version from 0 to 0.
2026-03-09 04:57:03.370  3696  4173 I [SEO] DisplayStatePreservationController: Applied preserved state by adapter: taskBarPositionAdapter
2026-03-09 04:57:03.370  3696  4173 I [SEO] DisplayStatePreservationController: Applied preserved state by adapter: keyboardPreservationAdapter
2026-03-09 04:57:03.370  3696  4173 I [SEO] DisplayStatePreservationController: Applied preserved state by adapter: spatialPanelsPositionAdapter
2026-03-09 04:57:03.371  3696  4173 I OpenXR_ClientState: [OATS]: IP changed: /user/hand/right/interaction_profiles/meta/touch_controller_plus, -1
2026-03-09 04:57:03.371  3696  4173 I OpenXR_ClientState: [OATS]: IP changed: /user/hand/left/interaction_profiles/meta/touch_controller_plus, -1
2026-03-09 04:57:03.371  3696  4173 I [SEO] SystemUXControllerHelper: OnReorient(reason: 3)
2026-03-09 04:57:03.371  3696  4173 I [SEO] TelemetryProvider: aui_reorient system 0 0 0 com.oculus.vrshell
2026-03-09 04:57:03.374     0     0 I CAM_INFO      : CAM-ISP: __cam_isp_ctx_acquire_hw_v2: 9792 NO CRM session,top state machine assigned for no crm ctx 0
2026-03-09 04:57:03.378     0     0 I CAM_INFO      : CAM-ISP: __cam_isp_ctx_start_dev_in_ready: 10826 Start IFE device ctx 0 with irq state machine [Activated State Machine IRQ] in initial SubState [SOF] UL_path 0
2026-03-09 04:57:03.378     0     0 I CAM_INFO      : CAM-SENSOR: cam_sensor_driver_cmd: 1352 9:57:3.370 CAM_START_DEV[5] Success for imx471 sensor_id:0x471,sensor_slave_addr:0x34
2026-03-09 04:57:03.378     0     0 I CAM_INFO      : CAM-CRM: cam_req_mgr_link_v3: 4951 link reserved 0000000000000000 0 trigger_type:1 num_devs:2 sess_hdl:11862528 no_crm:4
2026-03-09 04:57:03.379     0     0 I CAM_INFO      : CAM-ISP: cam_ife_hw_mgr_print_acquire_info: 2027 9:57:3.370 Acquired Single IFE[0] with [9 pix] [0 pd] [0 rdi] ports for ctx:1 per_port_enabled :0 sensor:-559038737 ul: 0
2026-03-09 04:57:03.371  3696  4173 I OpenXR_Anchor : xrQuerySpacesFB: split anchor query enabled
2026-03-09 04:57:03.371  3696  4173 I [CT]          : SP:AF:InsightAnchorApi: QueryAnchorSpaces loadAndQueryAvailableAnchors flow. (task start) duration: 0.000000000 [sec], flags: 44, location: StorageLocation::LOCAL(1), method: 1, request: 4129, source: SourceType::LIVE_TRACKER(1)
2026-03-09 04:57:03.372  3696  5405 I [CT]          : RuntimeIpcHelper: RuntimeIpcClient::CALL_RPC isAsync: true, func: loadAvailableAnchors
2026-03-09 04:57:03.372   855   935 I Tracking      : BoltSDK::Soc: [EVENT] executorch::HexagonRpcMemory: Hexagon ref count changed from 43 to 44
2026-03-09 04:57:03.372  5279  6166 I [CT]          : SP:AP:AnchorPersistenceRuntimeIpcServer: checkRPC start: sessionUuid:c401f3bb-af84-68c4-787a-5fe720803f58, clientId:1869454968, givenPackageName:com.oculus.vrshell
2026-03-09 04:57:03.372  5279  6166 I [CT]          : SP:AP:AnchorPersistenceRuntimeIpcServer: checkPackageAccess - detectedPackageName:com.oculus.vrshell, detectedProcessName:com.oculus.vrshell, givenPackageName:com.oculus.vrshell
2026-03-09 04:57:03.372  5279  6166 I [CT]          : SP:AP:AnchorPersistenceRuntimeIpcServer: checkRPC package name matches: sessionUuid:c401f3bb-af84-68c4-787a-5fe720803f58, clientId:1869454968, givenPackageName:com.oculus.vrshell, detectedPackageName:com.oculus.vrshell, detectedProcessName:com.oculus.vrshell
2026-03-09 04:57:03.372  5279  6166 I [CT]          : SP:AP:AnchorPersistenceRuntimeIpcServer: queryAvailableAnchorsSMV2: clientId: 1869454968, maxAnchors: 500, filter: 0, queryMultipleRoomsEnabledByOpenXrVersion: true, source: 1, appId: com.oculus.vrshell
2026-03-09 04:57:03.372  5279  6166 I [CT]          : SP:AP:AnchorPersistenceConfig: getSceneRuntimePermissionEnabled: USE_SCENE permission is enabled on this device
2026-03-09 04:57:03.372  5279  6166 I [CT]          : SP:AP:AnchorPersistenceScenePermissions: hasClientGrantedScenePermission: USE_SCENE permission is enabled on this device, check client 1869454968, grant is true
2026-03-09 04:57:03.372  5279  6166 I [CT]          : SP:AP:AnchorPersistenceConfig: getSceneRuntimePermissionEnabled: USE_SCENE permission is enabled on this device
2026-03-09 04:57:03.372   855   935 I Tracking      : BoltSDK::Soc: [EVENT] executorch::HexagonRpcMemory: Hexagon ref count changed from 44 to 45
2026-03-09 04:57:03.372   866  6872 I SyncBossInput : [info   ] [ruby (right) 0348e0779e9017c4]: 8284923 [info   ] {INPM}:       0 [info   ] {MAIN}: v201.37.4
2026-03-09 04:57:03.372   855   935 I Tracking      : BoltSDK::Soc: [EVENT] BoundingBoxDetector: Hexagon ref count changed from 45 to 46
2026-03-09 04:57:03.373   855   935 E Tracking      : Executorch: program.cpp:261 !!DEPRECATED!! This branch is deprecated from ExecuTorch 0.7; re-export this PTE file to ensure support on newer runtimes.
2026-03-09 04:57:03.373  3696  4173 W [SEO] InputOpenXr: Interaction Profile retrieval failed: /user/eyes_ext
2026-03-09 04:57:03.373  5279  6166 I [CT]          : SP:SceneAnchorFilterUtil: filterSceneDataByPermission: com.oculus.vrshell permission check passed, keep scene data. anchors size: 0
2026-03-09 04:57:03.373  3696  4173 I [CT]          : SP:TREX:SpatialPersistencePlugin: Event type: 6
2026-03-09 04:57:03.373  3696  4173 I TREX          : Spatial Persistence event: QuerySpacesFinish
2026-03-09 04:57:03.373   855   935 I Tracking      : BoltSDK::Soc: [EVENT] executorch::HexagonRpcMemory: Hexagon ref count changed from 46 to 47
2026-03-09 04:57:03.373   855   935 I Tracking      : Executorch: HexagonRpcBackend.cpp:145 Initializing model unnamed_et.
2026-03-09 04:57:03.373   855   935 I Tracking      : BoltSDK::Soc: [EVENT] HexagonRpcBackend: Hexagon ref count changed from 47 to 48
2026-03-09 04:57:03.373  3696  4569 I [CT]          : SP:AF:InsightAnchorApi: QueryAnchorSpaces (task finish) returnCode: AnchorResultCode::SUCCESS(0), numSpacesFound: 0, spacesFoundUuids: [], duration: 0.000000000 [sec], flags: 44, location: 1, method: 1, request: 4129
2026-03-09 04:57:03.379     0     0 I CAM_INFO      : CAM-ISP: __cam_isp_ctx_acquire_hw_v2: 9792 NO CRM session,top state machine assigned for no crm ctx 1
2026-03-09 04:57:03.382     0     0 I CAM_INFO      : CAM-ISP: __cam_isp_ctx_start_dev_in_ready: 10826 Start IFE device ctx 1 with irq state machine [Activated State Machine IRQ] in initial SubState [SOF] UL_path 0
2026-03-09 04:57:03.375   866  1662 I XrCameraHal   : XrCameraPhysical.cpp:EnableCamera: Camera 5 EnableCamera
2026-03-09 04:57:03.375   866  1662 I XrCameraHal   : Xr3AManager.cpp:onCameraEnabled: Camera 5 enabled for 3A processing
2026-03-09 04:57:03.375   866  1662 I XrCameraHal   : XrCameraLogical.cpp:onEnableCamera: 5 already enabled
2026-03-09 04:57:03.375   866  1662 I SensorService : doEnableHalCameras[Color] Create SyncbossHandleWrapper
2026-03-09 04:57:03.375   866  1662 I SensorService : doEnableHalCameras[Color] FsyncEventHandler::GetInstance
2026-03-09 04:57:03.375   866  1662 W SensorService : Enabling sensor HMD_FSIN with noop callback
2026-03-09 04:57:03.375   866  1662 D SensorService : SyncbossEventHandler: acquired session; approx # alive: 4
2026-03-09 04:57:03.375   866  1662 D SensorService : SyncbossEventHandler: Enabled sensor HMD_FSIN - Active sensors: synthetic[HMD_DOUBLETAP,EXTERNAL_TIMING,ZAP] non-synth[HMD_MAG,HMD_IMU,HMD_FSIN,PULSA
2026-03-09 04:57:03.376  3696  4173 I [SEO] DisplayStatePreservationController: Applied preserved state by adapter: taskBarPositionAdapter
2026-03-09 04:57:03.376  3696  4173 I [SEO] DisplayStatePreservationController: Applied preserved state by adapter: keyboardPreservationAdapter
2026-03-09 04:57:03.376  3696  4173 I [SEO] DisplayStatePreservationController: Applied preserved state by adapter: spatialPanelsPositionAdapter
2026-03-09 04:57:03.378  3696  4173 I [CT]          : SP:TREX:SpatialPersistencePlugin: Event type: 6
2026-03-09 04:57:03.378  3696  4173 I TREX          : Spatial Persistence event: QuerySpacesFinish
2026-03-09 04:57:03.379   855   935 I Tracking      : BoltSDK::Soc: [EVENT] executorch::HexagonRpcMemory: Hexagon ref count changed from 48 to 49
2026-03-09 04:57:03.379   855   935 I Tracking      : BoltSDK::Soc: [EVENT] executorch::HexagonRpcMemory: Hexagon ref count changed from 49 to 50
2026-03-09 04:57:03.379   855   935 I Tracking      : BoltSDK::Soc: [EVENT] OFIMotionDetector: Hexagon ref count changed from 50 to 51
2026-03-09 04:57:03.382   859   950 I SyncBossFW    : 38626765 [info   ] {GCM }: general_cam_mgr_init for cameras 0x30
2026-03-09 04:57:03.383   855   935 I Tracking      : KEYBOARD: ObjectTrackingEngine::startTrackingKeyboard(): Requesting to start tracking. Model `Generic Keyboard` (id: 1000043). Current State: Configured
2026-03-09 04:57:03.383   855   935 I Tracking      : KEYBOARD: ObjectTrackingEngine::startTrackingKeyboard(): Successfully registered new keyboard: Model `Generic Keyboard` (id: 1000043)
2026-03-09 04:57:03.383   855   935 I Tracking      : KEYBOARD: ObjectTrackingEngine::onStart() done.
2026-03-09 04:57:03.383   855   935 I TrackingService: [                          object] Power transition: SLEEP -> STANDBY transition time: 84 ms
2026-03-09 04:57:03.383   866 11607 D libsensorscommon: ControllerProvider: StreamingClient requested by 855
2026-03-09 04:57:03.383   866 11607 D SensorService : ControllerProvider: acquiring StreamingClient impl; approx # alive: 2
2026-03-09 04:57:03.383  2752  6895 D ControllerManagement: processStateChange([PairedControllerInfo RUBY 0348e0779e9017c4 connected detached mcnt=4])
2026-03-09 04:57:03.383   855   935 I TrackingService: [                      controller] Power transition: SLEEP -> STANDBY transition time: 0 ms
2026-03-09 04:57:03.383   855   935 I TrackingService: [            ExposureControlCmmv2] Power transition: SLEEP -> STANDBY transition time: 0 ms
2026-03-09 04:57:03.383   855  1786 I Tracking      : BoltSDK::Soc: [EVENT] FaceTrackingEngineVisionInterface: Hexagon ref count changed from 51 to 52
2026-03-09 04:57:03.383   855  1786 I Tracking      : FaceTracking: Creating audio-based face tracking pipeline (A2E).
2026-03-09 04:57:03.384   855   935 I TrackingService: [                            face] Power transition: SLEEP -> STANDBY transition time: 0 ms
2026-03-09 04:57:03.384   855  6035 D TrackingService: Transition completed for NONE
2026-03-09 04:57:03.384   855  6035 D PowerMonitor  : Executing transition from STANDBY to RUNNING
2026-03-09 04:57:03.384   855  6035 D TrackingService: StateHandler setState powerState=RUNNING
2026-03-09 04:57:03.384   855  6035 D TrackingService: Enqueued transition to (targetPowerState, targetMuxName): (RUNNING, --) - transition timeout: 1000000000 ns
2026-03-09 04:57:03.384   855   935 I TrackingService: [                   PerfLockHooks] Power transition: STANDBY -> RUNNING transition time: 0 ms
2026-03-09 04:57:03.384   855   935 I TrackingService: [                            bolt] Power transition: STANDBY -> RUNNING transition time: 0 ms
2026-03-09 04:57:03.384   855   935 D TrackingService: IOT standby to running started
2026-03-09 04:57:03.384   855   935 I Tracking      : RateDownsampler: Activate requested, enable cameras? -> no.
2026-03-09 04:57:03.384   866 32099 D CameraStream  : [iot] Client [IOT(855)] attempting start
2026-03-09 04:57:03.384   866 32099 I FrameSetDispatcher: [{WT:RAW10}] Client pid=855 (IOT): Client thread[{WT:RAW10}:IOT] started
2026-03-09 04:57:03.384   866 32099 I CameraClientManager: [IOT(855)][iot] client started (estimated 1 started clients total)
2026-03-09 04:57:03.384   866 32099 I CameraClientManager: [[IOT(855)][iot]] definitely starting stream
2026-03-09 04:57:03.384   866 11607 D SensorService : Found paired controllers: 2
2026-03-09 04:57:03.384   866 11607 D SensorService : Syncboss input 0348e0779e9017c4 hardware type 6, subtype 2, revision 0x10
2026-03-09 04:57:03.384   866 11607 I SensorService : preparePairedControllerInfo is adding device with valid 1
2026-03-09 04:57:03.384   866 11607 D SensorService : Syncboss input bd69859b0f857714 hardware type 6, subtype 1, revision 
2026-03-09 04:57:03.384   866 11607 I SensorService : preparePairedControllerInfo is adding device with valid 1
2026-03-09 04:57:03.385  2752  6895 D ControllerManagement: processStateChange([PairedControllerInfo RUBY bd69859b0f857714 disconnected detached update-required mcnt=4])
2026-03-09 04:57:03.385   856  1025 E perfservice   : End applying 'END_HINT' from hint 'SUSTAINED_PERFORMANCE_VR_MODE' - Failed after 5 retries - Latency: 24.299ms
2026-03-09 04:57:03.385   856  1025 E perfservice   : >> Failed final validation: /sys/block/dm-0/queue/read_ahead_kb=512
2026-03-09 04:57:03.385   856  1025 E perfservice   : >> Failed final validation: /sys/block/dm-1/queue/read_ahead_kb=512
2026-03-09 04:57:03.387   866 11607 D SensorService : Found paired controllers: 2
2026-03-09 04:57:03.387   866 11607 D SensorService : Syncboss input 0348e0779e9017c4 hardware type 6, subtype 2, revision 0x10
2026-03-09 04:57:03.387   866 11607 I SensorService : preparePairedControllerInfo is adding device with valid 1
2026-03-09 04:57:03.387   866 11607 D SensorService : Syncboss input bd69859b0f857714 hardware type 6, subtype 1, revision 
2026-03-09 04:57:03.387   866 11607 I SensorService : preparePairedControllerInfo is adding device with valid 1
2026-03-09 04:57:03.387   866 11607 D libsensorscommon: ControllerProvider: acquiring StreamingClient hidl for client 855
2026-03-09 04:57:03.390   866 11607 D SensorService : Found paired controllers: 2
2026-03-09 04:57:03.390   866 11607 D SensorService : Syncboss input 0348e0779e9017c4 hardware type 6, subtype 2, revision 0x10
2026-03-09 04:57:03.390   866 11607 I SensorService : preparePairedControllerInfo is adding device with valid 1
2026-03-09 04:57:03.390   866 11607 D SensorService : Syncboss input bd69859b0f857714 hardware type 6, subtype 1, revision 
2026-03-09 04:57:03.390   866 11607 I SensorService : preparePairedControllerInfo is adding device with valid 1
2026-03-09 04:57:03.390   855  6996 D TrackingService: Creating RemoteConstellationTrackedDevice
2026-03-09 04:57:03.390   855  6996 W TrackingUtils : Failed to parse firmware version string 201.37.4
2026-03-09 04:57:03.390   855  6996 I TrackingService: Registering primary controller 0348e0779e9017c4 in RIGHT slot
2026-03-09 04:57:03.390   855  6996 D TrackingService: registerRemote: 0348e0779e9017c4
2026-03-09 04:57:03.390   855  6996 I Tracking      : INPUT_TRACKING_ENGINE: InputTrackingEngine::updateControllerStatus(): (OS) Requesting tracking engine to activate device 0x348e0779e9017c4.
2026-03-09 04:57:03.391   855  6996 I Tracking      : INPUT_TRACKING_ENGINE: InputTrackingEngine::updateControllerStatus(): Lock acquired on controller status cache.
2026-03-09 04:57:03.391   855  6996 I Tracking      : INPUT_TRACKING_ENGINE: InputTrackingEngine::updateControllerStatusInternal(): OS requesting to activate device 0x348e0779e9017c4.
2026-03-09 04:57:03.391   855  6996 I Tracking      : INPUT_TRACKING_ENGINE: InputTrackingEngine::updateControllerStatusInternal(): (OS) Device 0x348e0779e9017c4 is registered. Update controller status.
2026-03-09 04:57:03.391   855  6996 I Tracking      : INPUT_TRACKING: PipelineInterface setTrackedObjectStatus(0x348e0779e9017c4, true)
2026-03-09 04:57:03.391   855  6996 I Tracking      : INPUT_TRACKING: Set device 0x348e0779e9017c4 to active.
2026-03-09 04:57:03.391   855  6996 I Tracking      : INPUT_TRACKING: Setting LED ontime to 19us for device 0x348e0779e9017c4 with handedness Right.
2026-03-09 04:57:03.383     0     0 I CAM_INFO      : CAM-SENSOR: cam_sensor_driver_cmd: 1352 9:57:3.374 CAM_START_DEV[4] Success for imx471 sensor_id:0x471,sensor_slave_addr:0x34
2026-03-09 04:57:03.399     0     0 I input         : Device 0x348E0779E9017C4 as /devices/virtual/input/input29
2026-03-09 04:57:03.394  1318  1863 W EventHub      : Unable to disable kernel key repeat for /dev/input/event4: Function not implemented
2026-03-09 04:57:03.394  1318  1863 I EventHub      : usingClockIoctl=true
2026-03-09 04:57:03.394  1318  1863 I EventHub      : New device: id=30, fd=452, path='/dev/input/event4', name='Device 0x348E0779E9017C4', classes=KEYBOARD | GAMEPAD | JOYSTICK | INPUT_DEVICE_CLASS_VR_PERIPHERAL, configuration='/odm/usr/idc/Vendor_2833_Product_0160.idc', keyLayout='/odm/usr/keylayout/oculus-device.kl', keyCharacterMap='/system/usr/keychars/Generic.kcm', builtinKeyboard=false, 
2026-03-09 04:57:03.394  2341  3062 I ServiceInputManager: OSSDKTRACKING InputState has changed
2026-03-09 04:57:03.394  2341  3062 I ServiceInputManager: OSSDKTRACKING 0 found one 8000
2026-03-09 04:57:03.394  2341  3062 I ServiceInputManager: OSSDKTRACKING model is a supported remote, adding to list 8000
2026-03-09 04:57:03.394  2341  3062 I ServiceInputManager: OSSDKTRACKING GetNewConnectedRemotesList, returned true. remotes 1
2026-03-09 04:57:03.394  1318  1863 I InputReader   : Device added: id=19, eventHubId=30, name='Device 0x348E0779E9017C4', descriptor='96e179e7eecd77a031dd00bc9145ea715941e6e6',sources=MOUSE | ROTARY_ENCODER | JOYSTICK | SENSOR
2026-03-09 04:57:03.395   855  6996 I Tracking      : INPUT_TRACKING_ENGINE: InputTrackingEngine::updateControllerStatusInternal(): (OS) LED ontime for device 0x348e0779e9017c4 successfully set.
2026-03-09 04:57:03.395   855  6996 I Tracking      : INPUT_TRACKING_ENGINE: InputTrackingEngine::updateControllerStatusInternal(): (OS) Device 0x348e0779e9017c4 successfully updated in health monitor.
2026-03-09 04:57:03.395   855  6996 I Tracking      : INPUT_TRACKING_ENGINE: InputTrackingEngine::updateControllerStatusInternal(): (OS) Successfully activated device 0x348e0779e9017c4.
2026-03-09 04:57:03.395  2752  6895 D ControllerManagement: RemoteService::recordControllerStatusUpdate: device 0348e0779e9017c4: status: CONNECTED_ACTIVE tracking: NONE, errors: --
2026-03-09 04:57:03.396   855  1786 I Tracking      : BoltSDK::Soc: [EVENT] TorchDelegate: Hexagon ref count changed from 52 to 53
2026-03-09 04:57:03.396  3696  3696 W ClientInputInterface: connecting gamepad when already connected
2026-03-09 04:57:03.396  3696  3696 W ClientInputInterface: different hardware id on already connected gamepad
2026-03-09 04:57:03.396  1318  1344 D DisplayManagerService: Ignore redundant display event 0/2 to 10102/4751
2026-03-09 04:57:03.396  1318  1344 D DisplayManagerService: Ignore redundant display event 0/2 to 10035/17108
2026-03-09 04:57:03.396  1318  1344 D DisplayManagerService: Ignore redundant display event 0/2 to 10063/17197
2026-03-09 04:57:03.400  3696  4173 I [SEO] AndroidDriver: Android input device added, ID: 19
2026-03-09 04:57:03.402  2341  2341 I VrRuntimeService: Received broadcast: ACTION_MOUNT_STATE_CHANGED: false
2026-03-09 04:57:03.402  2341  2341 I VrRuntimeService: Received broadcast: ACTION_MOUNT_STATE_CHANGED: true
2026-03-09 04:57:03.402  2341  2341 I VrRuntimeService: nativeScreenStateChanged to on
2026-03-09 04:57:03.403 18719 18719 I [CT]          : BodyApiService: Headset was unmounted.
2026-03-09 04:57:03.403 18719 18719 I [CT]          : BodyApiService: Headset was mounted.
2026-03-09 04:57:03.403  1112  3091 W MRSS          : MIXEDREALITY: MrCombinedService: screenStatus notification but no change
2026-03-09 04:57:03.403  2341  2341 I VrRuntimeService: Previous running state: RUNNING
2026-03-09 04:57:03.403  2341  2341 I CompositorServer: RuntimeServer: Toggle MR Harmonization: ON
2026-03-09 04:57:03.403  2341  2341 I PreferenceListener: Preference 'mr_harmonization_enabled' is set to 1
2026-03-09 04:57:03.408  3624  4254 I TokenProvider : call to obtainRootNonDsat
2026-03-09 04:57:03.408   855  6996 I Tracking      : CONSTELLATION: P+C Right: StateBufferOnlineCalibrationCache: Initialized with a last good IMU ocal with capture time 38419.023s, unix time 1773050015s (207.766s ago)
2026-03-09 04:57:03.408   855  6996 I Tracking      : CONSTELLATION: P+C Right: ControllerStateBuffer: RESET
2026-03-09 04:57:03.408   855  6996 I Tracking      : CONSTELLATION: P+C Right: ControllerStateBuffer: RESET
2026-03-09 04:57:03.417   855  1786 I Tracking      : boltlib: Initialized flatbuffers model a2e_boltnn_delegate
2026-03-09 04:57:03.425  5279  6230 I DynamicObjectClient: Query Dynamic Object Tracker anchors
2026-03-09 04:57:03.425  5279  6230 I DynamicObjectClient: Object in query has empty predictions or tracking flags
2026-03-09 04:57:03.428   866  1662 I XrCameraHal   : XrCameraPhysical.cpp:UpdateFrameSettings: Camera 4 UpdateFrameSettings
2026-03-09 04:57:03.428   866  1662 I XrCameraHal   : XrCameraPhysical.cpp:UpdateFrameSettings: Camera 5 UpdateFrameSettings
2026-03-09 04:57:03.429   866  1662 I FrameSetCollator: [{COL:FULPS}] started at 49410.86
2026-03-09 04:57:03.429   866  1662 I SensorService : [color] Starting camera streams for purpose: passthrough, current muxmode = 1
2026-03-09 04:57:03.430   866  1662 I XrCameraHal   : XrCameraPhysical.cpp:Start: Camera 4 StartCamera
2026-03-09 04:57:03.430   866  1662 I XrCameraHal   : XrStreamManager.cpp:startStreaming: Camera (logical) 6 starting stream thread
2026-03-09 04:57:03.430   866  1662 I XrCameraHal   : XrCameraPhysical.cpp:Start: Camera 5 StartCamera
2026-03-09 04:57:03.430   866  1662 I XrCameraHal   : XrCameraLogical.cpp:onStartCamera: Camera 5 already started
2026-03-09 04:57:03.430   866  7001 I XrCameraHal   : Xr3AManager.cpp:applyFrameBasedSettings: isp set Camera: 4, framerate to 60
2026-03-09 04:57:03.430   866  7001 I XrCameraHal   : Xr3AManager.cpp:applyFrameBasedSettings: isp set Camera: 5, framerate to 60
2026-03-09 04:57:03.432   866  1662 I CameraClientManager: [[MrSSCamS(1112)][passthrough]] stream start completed
2026-03-09 04:57:03.432   866  1662 D CameraStream  : [passthrough] Client [MrSSCamS(1112)]: start complete
2026-03-09 04:57:03.432   866 32099 I SensorService : [worldTracking] Starting cameras for purpose iot
2026-03-09 04:57:03.432   866 32099 I XrCameraHal   : XrCameraPhysical.cpp:EnableCamera: Camera 0 EnableCamera
2026-03-09 04:57:03.432   866 32099 I XrCameraHal   : XrCameraLogical.cpp:onEnableCamera: Camera (physical) 0 is using ultralite
2026-03-09 04:57:03.432   866 32099 I XrCameraHal   : XrStreamManager.cpp:configureStreams: Camera (physical) 0 configuring streams
2026-03-09 04:57:03.434   859   950 I SyncBossFW    : 38626815 [info   ] {GCM }: general_cam_mgr_set_frame_rate_config cams 0x30 period 16666us
2026-03-09 04:57:03.434   859   950 I SyncBossFW    : 38626816 [info   ] {GCM }: general_cam_mgr_get_stream_info for cameras 0x10
2026-03-09 04:57:03.434   859   950 I SyncBossFW    : 38626818 [info   ] {GCM }: general_cam_mgr_start_streaming for cameras 0x30
2026-03-09 04:57:03.435   866  1662 D CameraStream  : [projector_assisted_depth] Client [MrSSCamS(1112)] attempting start
2026-03-09 04:57:03.436   866  1662 I FrameSetDispatcher: [{WT(0,1):RAW10}] Client pid=1112 (MrSSCamS): Client thread[{WT(0,1):RAW10}] started
2026-03-09 04:57:03.436   866  1662 I CameraClientManager: [MrSSCamS(1112)][projector_assisted_depth] client started (estimated 1 started clients total)
2026-03-09 04:57:03.436   866  1662 I CameraClientManager: [[MrSSCamS(1112)][projector_assisted_depth]] definitely starting stream
2026-03-09 04:57:03.448     0     0 I CAM_INFO      : CAM-SENSOR: cam_sensor_driver_cmd: 1211 CAM_ACQUIRE_DEV Success for og01a1b id:0x7750,slave-addr:0xa0 crm:[0]
2026-03-09 04:57:03.449     9     9 I CAM_INFO      : CAM-SMMU: cam_smmu_map_user_iova: 3257 fd=905 already in list [9:57:3:440] cb=ife idx=0 handle=37111 len=757760,give same addr back
2026-03-09 04:57:03.449     0     0 I CAM_INFO      : CAM-CRM: cam_req_mgr_link_v3: 4951 link reserved 0000000000000000 0 trigger_type:1 num_devs:2 sess_hdl:655883 no_crm:4
2026-03-09 04:57:03.449     0     0 I CAM_INFO      : CAM-ISP: cam_ife_hw_mgr_print_acquire_info: 2027 9:57:3.441 Acquired Single IFE[9] with [0 pix] [0 pd] [1 rdi] ports for ctx:2 per_port_enabled :0 sensor:0 ul: 1
2026-03-09 04:57:03.442   866 32099 I XrCameraHal   : XrCameraPhysical.cpp:EnableCamera: Camera 1 EnableCamera
2026-03-09 04:57:03.442   866 32099 I XrCameraHal   : XrCameraLogical.cpp:onEnableCamera: Camera (physical) 1 is using ultralite
2026-03-09 04:57:03.442   866 32099 I XrCameraHal   : XrStreamManager.cpp:configureStreams: Camera (physical) 1 configuring streams
2026-03-09 04:57:03.444   866  6872 I SyncBossInput : [info   ] [ruby (right) 0348e0779e9017c4]: 8284923 [info   ] {INPM}:       0 [info   ] {MAIN}: Reset reason: RESET_PIN 
2026-03-09 04:57:03.449     0     0 I CAM_INFO      : CAM-ISP: __cam_isp_ctx_acquire_hw_v2: 9792 NO CRM session,top state machine assigned for no crm ctx 2
2026-03-09 04:57:03.456     0     0 I CAM_INFO      : CAM-SENSOR: cam_sensor_driver_cmd: 1211 CAM_ACQUIRE_DEV Success for og01a1b id:0x7750,slave-addr:0xb0 crm:[0]
2026-03-09 04:57:03.456     9     9 I CAM_INFO      : CAM-SMMU: cam_smmu_map_user_iova: 3257 fd=923 already in list [9:57:3:448] cb=ife idx=0 handle=37111 len=757760,give same addr back
2026-03-09 04:57:03.449   866 32099 I XrCameraHal   : XrCameraPhysical.cpp:EnableCamera: Camera 2 EnableCamera
2026-03-09 04:57:03.449   866 32099 I XrCameraHal   : XrCameraLogical.cpp:onEnableCamera: Camera (physical) 2 is using ultralite
2026-03-09 04:57:03.449   866 32099 I XrCameraHal   : XrStreamManager.cpp:configureStreams: Camera (physical) 2 configuring streams
2026-03-09 04:57:03.456     0     0 I CAM_INFO      : CAM-CRM: cam_req_mgr_link_v3: 4951 link reserved 0000000000000000 0 trigger_type:1 num_devs:2 sess_hdl:7275024 no_crm:4
2026-03-09 04:57:03.457     0     0 I CAM_INFO      : CAM-ISP: cam_ife_hw_mgr_print_acquire_info: 2027 9:57:3.448 Acquired Single IFE[8] with [0 pix] [0 pd] [1 rdi] ports for ctx:3 per_port_enabled :0 sensor:1 ul: 1
2026-03-09 04:57:03.457     0     0 I CAM_INFO      : CAM-ISP: __cam_isp_ctx_acquire_hw_v2: 9792 NO CRM session,top state machine assigned for no crm ctx 3
2026-03-09 04:57:03.461     0     0 I CAM_INFO      : CAM-SENSOR: cam_sensor_driver_cmd: 1211 CAM_ACQUIRE_DEV Success for ov7251 id:0xd,slave-addr:0xc0 crm:[0]
2026-03-09 04:57:03.462     9     9 I CAM_INFO      : CAM-SMMU: cam_smmu_map_user_iova: 3257 fd=942 already in list [9:57:3:453] cb=ife idx=0 handle=37111 len=757760,give same addr back
2026-03-09 04:57:03.462     0     0 I CAM_INFO      : CAM-CRM: cam_req_mgr_link_v3: 4951 link reserved 0000000000000000 0 trigger_type:1 num_devs:2 sess_hdl:8520213 no_crm:4
2026-03-09 04:57:03.462     0     0 I CAM_INFO      : CAM-ISP: cam_ife_hw_mgr_print_acquire_info: 2027 9:57:3.454 Acquired Single IFE[7] with [0 pix] [0 pd] [1 rdi] ports for ctx:6 per_port_enabled :0 sensor:2 ul: 1
2026-03-09 04:57:03.455   866 32099 I XrCameraHal   : XrCameraPhysical.cpp:EnableCamera: Camera 3 EnableCamera
2026-03-09 04:57:03.455   866 32099 I XrCameraHal   : XrCameraLogical.cpp:onEnableCamera: Camera (physical) 3 is using ultralite
2026-03-09 04:57:03.455   866 32099 I XrCameraHal   : XrStreamManager.cpp:configureStreams: Camera (physical) 3 configuring streams
2026-03-09 04:57:03.460   866 32099 I SensorService : doEnableHalCameras[NICE] Create SyncbossHandleWrapper
2026-03-09 04:57:03.460   866 32099 I SensorService : doEnableHalCameras[NICE] FsyncEventHandler::GetInstance
2026-03-09 04:57:03.462     0     0 I CAM_INFO      : CAM-ISP: __cam_isp_ctx_acquire_hw_v2: 9792 NO CRM session,top state machine assigned for no crm ctx 6
2026-03-09 04:57:03.467     0     0 I CAM_INFO      : CAM-SENSOR: cam_sensor_driver_cmd: 1211 CAM_ACQUIRE_DEV Success for ov7251 id:0xd,slave-addr:0xd0 crm:[0]
2026-03-09 04:57:03.467     9     9 I CAM_INFO      : CAM-SMMU: cam_smmu_map_user_iova: 3257 fd=959 already in list [9:57:3:459] cb=ife idx=0 handle=37111 len=757760,give same addr back
2026-03-09 04:57:03.468     0     0 I CAM_INFO      : CAM-CRM: cam_req_mgr_link_v3: 4951 link reserved 0000000000000000 0 trigger_type:1 num_devs:2 sess_hdl:12255770 no_crm:4
2026-03-09 04:57:03.468     0     0 I CAM_INFO      : CAM-ISP: cam_ife_hw_mgr_print_acquire_info: 2027 9:57:3.459 Acquired Single IFE[6] with [0 pix] [0 pd] [1 rdi] ports for ctx:7 per_port_enabled :0 sensor:3 ul: 1
2026-03-09 04:57:03.462   899  1081 I crcs          : SetClockLevels: Apply pending clock request change: 3,3 -> 3,2
2026-03-09 04:57:03.463   899  1081 I crcs          : DVFS: [VR_MODE_GPU_2, VR_MODE_CPU_3, VR_MODE_OVERRIDE_FOREGROUND_TO_CONTENT_CORES, SUSTAINED_PERFORMANCE_MR_MODE, VR_MODE_CX_0, FLOAT_PANEL_APPS_PRIME, WIFI_LOW_LATENCY]
2026-03-09 04:57:03.463   899  1081 I crcs          : DVFS: cpu_levels: max=-1 min=-1, gpu_levels: max=-1 min=-1
2026-03-09 04:57:03.463   859   950 I SyncBossFW    : 38626848 [info   ] {GCM }: general_cam_mgr_init for cameras 0xf
2026-03-09 04:57:03.463  2341 31575 I XrFeedbackController: XrFeedbackController: feature://xr/feedback/gpu_level --> 2 (raw 0.187500)
2026-03-09 04:57:03.463   856 16791 E perfservice   : DspDCVSPower: Invalid DSP DCVS QE config: 
2026-03-09 04:57:03.463   856  1025 E perfservice   : End applying 'START_HINT' from hint 'VR_MODE_GPU_2' - Failed after 5 retries - Latency: 0.212ms
2026-03-09 04:57:03.463   856  1025 E perfservice   : >> Failed final validation: /sys/block/dm-0/queue/read_ahead_kb=512
2026-03-09 04:57:03.463   856  1025 E perfservice   : >> Failed final validation: /sys/block/dm-1/queue/read_ahead_kb=512
2026-03-09 04:57:03.463   856 16791 E perfservice   : DspDCVSPower: Invalid DSP DCVS QE config: 
2026-03-09 04:57:03.464   856  1025 E perfservice   : End applying 'END_HINT' from hint 'VR_MODE_GPU_3' - Failed after 5 retries - Latency: 0.499ms
2026-03-09 04:57:03.464   856  1025 E perfservice   : >> Failed final validation: /sys/block/dm-0/queue/read_ahead_kb=512
2026-03-09 04:57:03.464   856  1025 E perfservice   : >> Failed final validation: /sys/block/dm-1/queue/read_ahead_kb=512
2026-03-09 04:57:03.476  3696  4173 I OpenXR_Anchor : xrQuerySpacesFB: split anchor query enabled
2026-03-09 04:57:03.476  3696  4173 I [CT]          : SP:AF:InsightAnchorApi: QueryAnchorSpaces loadAndQueryAvailableAnchors flow. (task start) duration: 0.000000000 [sec], flags: 44, location: StorageLocation::LOCAL(1), method: 1, request: 4130, source: SourceType::LIVE_TRACKER(1)
2026-03-09 04:57:03.476  3696  5405 I [CT]          : RuntimeIpcHelper: RuntimeIpcClient::CALL_RPC isAsync: true, func: loadAvailableAnchors
2026-03-09 04:57:03.476  5279  6166 I [CT]          : SP:AP:AnchorPersistenceRuntimeIpcServer: checkRPC start: sessionUuid:c401f3bb-af84-68c4-787a-5fe720803f58, clientId:1869454968, givenPackageName:com.oculus.vrshell
2026-03-09 04:57:03.476  5279  6166 I [CT]          : SP:AP:AnchorPersistenceRuntimeIpcServer: checkPackageAccess - detectedPackageName:com.oculus.vrshell, detectedProcessName:com.oculus.vrshell, givenPackageName:com.oculus.vrshell
2026-03-09 04:57:03.476  5279  6166 I [CT]          : SP:AP:AnchorPersistenceRuntimeIpcServer: checkRPC package name matches: sessionUuid:c401f3bb-af84-68c4-787a-5fe720803f58, clientId:1869454968, givenPackageName:com.oculus.vrshell, detectedPackageName:com.oculus.vrshell, detectedProcessName:com.oculus.vrshell
2026-03-09 04:57:03.476  5279  6166 I [CT]          : SP:AP:AnchorPersistenceRuntimeIpcServer: queryAvailableAnchorsSMV2: clientId: 1869454968, maxAnchors: 500, filter: 0, queryMultipleRoomsEnabledByOpenXrVersion: true, source: 1, appId: com.oculus.vrshell
2026-03-09 04:57:03.476  5279  6166 I [CT]          : SP:AP:AnchorPersistenceConfig: getSceneRuntimePermissionEnabled: USE_SCENE permission is enabled on this device
2026-03-09 04:57:03.476  5279  6166 I [CT]          : SP:AP:AnchorPersistenceScenePermissions: hasClientGrantedScenePermission: USE_SCENE permission is enabled on this device, check client 1869454968, grant is true
2026-03-09 04:57:03.476  5279  6166 I [CT]          : SP:AP:AnchorPersistenceConfig: getSceneRuntimePermissionEnabled: USE_SCENE permission is enabled on this device
2026-03-09 04:57:03.477  5279  6166 I [CT]          : SP:SceneAnchorFilterUtil: filterSceneDataByPermission: com.oculus.vrshell permission check passed, keep scene data. anchors size: 0
2026-03-09 04:57:03.478  3696  4569 I [CT]          : SP:AF:InsightAnchorApi: QueryAnchorSpaces (task finish) returnCode: AnchorResultCode::SUCCESS(0), numSpacesFound: 0, spacesFoundUuids: [], duration: 0.000000000 [sec], flags: 44, location: 1, method: 1, request: 4130
2026-03-09 04:57:03.485   855  6996 W Tracking      : CONSTELLATION_Right: [Throttled count=249] P+C Right: Could not retrieve 3dof fallback pose.
2026-03-09 04:57:03.485   855  6996 I Tracking      : CONSTELLATION:IMU_STATUS: 0x348e0779e9017c4 (R): [#Samples=1] 38626.869s | [FusionTracked=0.000, OutputTracked=0.000, OutputValid=0.000] [AccelSat=0.000, GyroSat=0.000] [AccelMinMeanMax: X=6.780|6.780|6.780, Y=5.028|5.028|5.028, Z=-4.741|-4.741|-4.741] [GyroMinMeanMax: X=-0.011|-0.011|-0.011, Y=0.000|0.000|0.000, Z=0.000|0.000|0.000] [AccelStuck: X=0|0.000, Y=0|0.000, Z=0|0.000] [GyroStuck: X=0|0.000, Y=0|0.000, Z=0|0.000]  [Current time=38626.869s, last log time=0.000s]
2026-03-09 04:57:03.485  2752  6895 D ControllerManagement: RemoteService::recordControllerStatusUpdate: device 0348e0779e9017c4: status: CONNECTED_ACTIVE tracking: NONE, errors: --
2026-03-09 04:57:03.489  3696  4173 I [CT]          : SP:TREX:SpatialPersistencePlugin: Event type: 6
2026-03-09 04:57:03.489  3696  4173 I TREX          : Spatial Persistence event: QuerySpacesFinish
2026-03-09 04:57:03.497  1112  1711 I MRSS          : MIXEDREALITY: MrRuntimeCompute: dispatchFrameset : (every 5 seconds). Semantics: OFF, LightingEstimation: OFF, SceneReconstruction: OFF, MetaAssistedSceneCapture: OFF, InstantPlacement: OFF, MrFeatureTelemetry: OFF, SporadicDepth: OFF, Fiducials: OFF, MetaForegroundFreespaceScan: OFF, DepthMeshing: OFF, SceneObjects: OFF, SceneLayout: OFF, TrackedKeypoints: OFF, Camera: OFF, VisionInterfaceTelemetry: OFF, PlaneFreespace: OFF, MetaEnvironmentDepth: ON, FloorHeight: OFF, SemanticVolume: OFF, MetaBackgroundFreespaceScan: OFF, Passthrough: OFF, Depth: OFF
2026-03-09 04:57:03.505   866  1579 I DUMPSYS_LOG   : {"additional_data":{"camera_fps":[{"fps":0.3399293122520568,"frames":66,"id":4},{"fps":0.3399293122520568,"frames":66,"id":5}]},"event":"CameraFPS","service":"SensorService","tid":"482900687600","ts":1773050223505738,"ts_proc":49410935766}
2026-03-09 04:57:03.519  3407  4636 I IStateMachineRecordKeeper: IStateMachineRecordKeeper::AddHistoryEntry LeftMRSafeRange: Transition  NoSafeRange -> CheckSafeRange |  (input: SafetySystemMRStateEnter)
2026-03-09 04:57:03.520  3407  4636 I IStateMachineRecordKeeper: IStateMachineRecordKeeper::AddHistoryEntry SafetyIntent: Transition  SafetyIntentInvalid -> HomeSafetyMR
2026-03-09 04:57:03.520  3407  4636 I OpenXR_ClientState: [OATS]: IP changed: /user/hand/right/interaction_profiles/meta/touch_controller_plus, -1
2026-03-09 04:57:03.520  3407  4636 I OpenXR_ClientState: [OATS]: IP changed: /user/hand/left/interaction_profiles/meta/touch_controller_plus, -1
2026-03-09 04:57:03.520  3407  4636 I IStateMachineRecordKeeper: IStateMachineRecordKeeper::AddHistoryEntry SafetyIndicator: Transition  Invalid -> Passthrough
2026-03-09 04:57:03.520  3407  4636 I GuardianDialogMgr: [GuardianDialogMgr::SetGuardianDialogAndDefinition] explicitly dismissing dialog
2026-03-09 04:57:03.520  3407  4636 I GuardianTelemetry: [ovrStatsThreadGuardian::SendGuardianInterstitialEventTelemetry] Sending guardian interstitial event type STOP, frame type BLACK, reason TRANSITION_TO_MOUNTED, duration 206.794510, timestampInMs 49410950, order 36
2026-03-09 04:57:03.520  3407  4636 I VrRuntimeClient: UpdateEvents: Detected LOCAL_FLOOR reference space update. Sending reference space update event
2026-03-09 04:57:03.520  3407  4636 I VrRuntimeClient: UpdateEvents: Detected LOCAL reference space update. Sending reference space update event
2026-03-09 04:57:03.527   866  6872 I SyncBossInput : [info   ] [ruby (right) 0348e0779e9017c4]: 8284924 [info   ] {INPM}:       0 [info   ] {BOD }: BOD lev=7,reg=0x7000aIN 
2026-03-09 04:57:03.530  3696  4173 I [SEO] GuardianController: [MaybeUpdateInterstitialRequest] Requesting interstitial type BLACK for interstitial reason PT_STARTING
2026-03-09 04:57:03.531  2341  4937 I VrRuntimeService: RuntimeServiceSDKServer::UpdateInterstitialRequest 1
2026-03-09 04:57:03.531  2341  4937 I InterstitialManager: Guardian request: black
2026-03-09 04:57:03.535  1112  1712 W MRSS          : MIXEDREALITY: CameraComputeCapability: AOSP call to start camera on Camera is taking more than 250ms to complete
2026-03-09 04:57:03.553   864  6862 I VD628x        : Flicker results: freq 120.000000, max 119.977058, dcr 24.257069, pct 0.131117, idx 0.031108, conf 0.709181, snr 3.869269, svm 0.121011, sus 1
2026-03-09 04:57:03.553  1118  6866 I TrackingFidelityService: Received ambient flicker update. Setting maximum low_latency_pt fidelity to 0
2026-03-09 04:57:03.553  1118  6866 D TrackingFidelityService: TrackingFidelitySharedMemory - setFeatureFidelity: 15 0
2026-03-09 04:57:03.553  1118  6866 D TrackingFidelityService: TrackingFidelitySharedMemory - setFeatureFidelity: 13 0
2026-03-09 04:57:03.553  1118  6866 D TrackingFidelityService: TrackingFidelitySharedMemory - setFeatureFidelity: 14 0
2026-03-09 04:57:03.553  1118  6866 D TrackingFidelityService: TrackingFidelitySharedMemory - setFeatureFidelity: 19 0
2026-03-09 04:57:03.553  1118  6866 D TrackingFidelityService: TrackingFidelitySharedMemory - setFeatureFidelity: 20 0
2026-03-09 04:57:03.553  1118  6866 I TrackingFidelityService: Request(s)={low_latency_pt:0,mr_passthrough:0,pt_display_sync:0,hyperscape_room_scanning:0,isp_foveation:0,}, Mux mode idx=1, name=default, score=-2980
2026-03-09 04:57:03.553  1118  6866 I TrackingFidelityService: beginTransition[color]: default(1)->default(1)
2026-03-09 04:57:03.553  1118  6866 I TrackingFidelityService: _applyMuxModeLockedInternal: Mode default already set. Returning.
2026-03-09 04:57:03.553  1118  6866 I TrackingFidelityService: endTransition[color]: default(1)->default(1), seqId=-1, succeeded=true
2026-03-09 04:57:03.563 18719  6957 W com.oculus.bodyapiservice: vendor/qcom/anorak/proprietary/adsprpc/src/apps_std_imp.c:893: Warning: apps_std_fopen_with_env failed with 0x2 for /lib/libsnpe_oem.so (No such file or directory)
2026-03-09 04:57:03.563 18719  6957 E com.oculus.bodyapiservice: vendor/qcom/anorak/proprietary/adsprpc/src/mod_table.c:858: Error 0x2: open_mod_table_handle_invoke failed for handle:0x332f9138, sc:0x13050100
2026-03-09 04:57:03.564   905   916 W cdsprpcd      : vendor/qcom/anorak/proprietary/adsprpc/src/apps_std_imp.c:893: Warning: apps_std_fopen_with_env failed with 0x2 for /lib/libsnpe_oem.so (No such file or directory)
2026-03-09 04:57:03.564   905   916 E cdsprpcd      : vendor/qcom/anorak/proprietary/adsprpc/src/mod_table.c:858: Error 0x2: open_mod_table_handle_invoke failed for handle:0x3af7b238, sc:0x13050100
2026-03-09 04:57:03.565 18719  6957 W com.oculus.bodyapiservice: vendor/qcom/anorak/proprietary/adsprpc/src/apps_std_imp.c:893: Warning: apps_std_fopen_with_env failed with 0x2 for /usr/lib/libsnpe_oem.so (No such file or directory)
2026-03-09 04:57:03.565 18719  6957 E com.oculus.bodyapiservice: vendor/qcom/anorak/proprietary/adsprpc/src/mod_table.c:858: Error 0x2: open_mod_table_handle_invoke failed for handle:0x332f9138, sc:0x13050100
2026-03-09 04:57:03.565   905   916 W cdsprpcd      : vendor/qcom/anorak/proprietary/adsprpc/src/apps_std_imp.c:893: Warning: apps_std_fopen_with_env failed with 0x2 for /usr/lib/libsnpe_oem.so (No such file or directory)
2026-03-09 04:57:03.565   905   916 E cdsprpcd      : vendor/qcom/anorak/proprietary/adsprpc/src/mod_table.c:858: Error 0x2: open_mod_table_handle_invoke failed for handle:0x3af7b238, sc:0x13050100
2026-03-09 04:57:03.565 18719  6957 W com.oculus.bodyapiservice: vendor/qcom/anorak/proprietary/adsprpc/src/apps_std_imp.c:893: Warning: apps_std_fopen_with_env failed with 0x2 for /lib/libqaisw_oem.so (No such file or directory)
2026-03-09 04:57:03.565 18719  6957 E com.oculus.bodyapiservice: vendor/qcom/anorak/proprietary/adsprpc/src/mod_table.c:858: Error 0x2: open_mod_table_handle_invoke failed for handle:0x332f9138, sc:0x13050100
2026-03-09 04:57:03.565   905   916 W cdsprpcd      : vendor/qcom/anorak/proprietary/adsprpc/src/apps_std_imp.c:893: Warning: apps_std_fopen_with_env failed with 0x2 for /lib/libqaisw_oem.so (No such file or directory)
2026-03-09 04:57:03.565   905   916 E cdsprpcd      : vendor/qcom/anorak/proprietary/adsprpc/src/mod_table.c:858: Error 0x2: open_mod_table_handle_invoke failed for handle:0x3af7b238, sc:0x13050100
2026-03-09 04:57:03.566 18719  6957 W com.oculus.bodyapiservice: vendor/qcom/anorak/proprietary/adsprpc/src/apps_std_imp.c:893: Warning: apps_std_fopen_with_env failed with 0x2 for /usr/lib/libqaisw_oem.so (No such file or directory)
2026-03-09 04:57:03.566 18719  6957 E com.oculus.bodyapiservice: vendor/qcom/anorak/proprietary/adsprpc/src/mod_table.c:858: Error 0x2: open_mod_table_handle_invoke failed for handle:0x332f9138, sc:0x13050100
2026-03-09 04:57:03.566   905   916 W cdsprpcd      : vendor/qcom/anorak/proprietary/adsprpc/src/apps_std_imp.c:893: Warning: apps_std_fopen_with_env failed with 0x2 for /usr/lib/libqaisw_oem.so (No such file or directory)
2026-03-09 04:57:03.566   905   916 E cdsprpcd      : vendor/qcom/anorak/proprietary/adsprpc/src/mod_table.c:858: Error 0x2: open_mod_table_handle_invoke failed for handle:0x3af7b238, sc:0x13050100
2026-03-09 04:57:03.567 18719  6957 I com.oculus.bodyapiservice: vendor/qcom/anorak/proprietary/adsprpc/src/apps_std_imp.c:880: Successfully opened file libQnnBoltnnOpPackageV69.so
2026-03-09 04:57:03.572   866  6872 I SyncBossInput : [info   ] [ruby (right) 0348e0779e9017c4]: 8314908 [info   ] {INPM}: Input MCU put to sleep
2026-03-09 04:57:03.575   866  1668 E FrameSetCollator: [{COL:FULPS}] 1 FrameSets had unexpected timestamps (in the last 145.86ms). Ex: slot 0 38626931.328ms -> 38626947.105ms (observed period: 15.777ms, expected period: 16.666ms (-0.889ms))
2026-03-09 04:57:03.583 21832 21871 D DeviceAuthenticator: Fetching credentials
2026-03-09 04:57:03.583 21832 21871 D DeviceAuthenticator: Returning stored credentials
2026-03-09 04:57:03.585   855  6996 I Tracking      : INPUT_TRACKING: ControllerInHandClassifier Right (0x348e0779e9017c4): Transition from Unknown -> OutOfHand due to Static motion and no button pressed recently.
