2026-03-09 04:57:02.830  2752  3083 D ControllerManagement: RemoteService::recordControllerStatusUpdate: device bd69859b0f857714: status: SEARCHING tracking: POSITION, errors: --
2026-03-09 04:57:02.833  1099  1866 D telemetry     : SessionTelemetryReporter: power state locked mounted False
2026-03-09 04:57:02.833  3696  3696 I OpenGLRenderer: setStopped(0)
2026-03-09 04:57:02.833  3696  4200 E OpenGLRenderer: Unable to match the desired swap behavior.
2026-03-09 04:57:02.833  1099  1866 D telemetry     : SessionTelemetryReporter: power state locked unmounted False
2026-03-09 04:57:02.833  3696  3696 I OpenGLRenderer: setStopped(0): complete
2026-03-09 04:57:02.833  1099  1866 D TelemetryService: PathwayGuard: from OSSDK/NDK is not allowed to send oculus_mobile_bluetooth_peripheral_device_event; dropping; Please use the Statsd approach https://www.internalfb.com/intern/wiki/HzOS_Systems/HzOS_Systems_Performance_and_Reliability/VROS_System_Insights/VROS_Telemetry/XFN/Statsd/
2026-03-09 04:57:02.833  1099  1866 D TelemetryService: Reported oculus_telemetry_blocked_ossdk_events breach event
2026-03-09 04:57:02.833  3696  3696 I OpenGLRenderer: setStopped(0)
2026-03-09 04:57:02.835   866  6865 D SensorService : Found paired controllers: 2
2026-03-09 04:57:02.835   866  6865 D SensorService : Syncboss input bd69859b0f857714 hardware type 6, subtype 1, revision 
2026-03-09 04:57:02.835   866  6865 I SensorService : preparePairedControllerInfo is adding device with valid 1
2026-03-09 04:57:02.835   866  6865 D SensorService : Syncboss input 0348e0779e9017c4 hardware type 6, subtype 2, revision 
2026-03-09 04:57:02.835   866  6865 I SensorService : preparePairedControllerInfo is adding device with valid 1
2026-03-09 04:57:02.837   855   935 I Tracking      : BoltSDK::Soc: [EVENT] TorchDelegate: Hexagon ref count changed from 16 to 17
2026-03-09 04:57:02.837   866  6865 D SensorService : Found paired controllers: 2
2026-03-09 04:57:02.837   866  6865 D SensorService : Syncboss input bd69859b0f857714 hardware type 6, subtype 1, revision 
2026-03-09 04:57:02.837   866  6865 I SensorService : preparePairedControllerInfo is adding device with valid 1
2026-03-09 04:57:02.837   866  6865 D SensorService : Syncboss input 0348e0779e9017c4 hardware type 6, subtype 2, revision 
2026-03-09 04:57:02.837   866  6865 I SensorService : preparePairedControllerInfo is adding device with valid 1
2026-03-09 04:57:02.839 21832 21865 W eviceauthserver: ApkAssets: Deleting an ApkAssets object '<empty> and /system_ext/app/Horizon/Horizon.apk' with 1 weak references
2026-03-09 04:57:02.839  3696  3696 I OpenGLRenderer: setStopped(0): complete
2026-03-09 04:57:02.839 21832 21865 W eviceauthserver: ApkAssets: Deleting an ApkAssets object '<empty> and /system_ext/priv-app/UserServer2/UserServer2.apk' with 1 weak references
2026-03-09 04:57:02.839  3696  3696 D [SEO] ShellService: onStartCommand() with action com.oculus.vrshell.SHELL_ENV_START_SERVICE
2026-03-09 04:57:02.839  3696  4173 I [SEO] ShellApp: Frame_CheckForSessionStateActive: sleeping for message done
2026-03-09 04:57:02.839  3696  4173 I [SEO] ShellFrameAnalytics: ShellFrame frameFunction: 71358604us/71358604us, trace: 0us/30us, process commands: 0us/1346us, system update: 0us/6288us, render 0us/1674us, post render 0us/0us, input processing 0us/10864us, input dispatch 0us/6284us, stale frames: 1, refresh rate: 90
2026-03-09 04:57:02.839  3696  4173 W [SEO] FrameCommandHelpers: Received unexpected broadcast intent com.oculus.vrshell.SHELL_ENV_START_SERVICE.
2026-03-09 04:57:02.840 31143 31143 I wpa_hmdlib    : Recv DRIVER command: SETSUSPENDMODE 0
2026-03-09 04:57:02.840  3696  3696 D ShellServiceConnectionManager: onStart
2026-03-09 04:57:02.840  3696  3696 D [SEO] ShellService: onRebind
2026-03-09 04:57:02.841  2958  2958 W JobService    : onNetworkChanged() not implemented in com.oculus.userserver.managerservice.user.usersync.UserSyncJobService. Must override in a subclass.
2026-03-09 04:57:02.842  3696  3696 D [SEO] ShellApplication: Sending command: setPanelSecure 1 1 to panelId 2
2026-03-09 04:57:02.842  3696  3696 D [SEO] ShellService: screenStateReceiver Received broadcast: android.intent.action.SCREEN_ON
2026-03-09 04:57:02.842  3696  3696 D [SEO] ShellService: onScreenStateChanged: true
2026-03-09 04:57:02.843  3696  3696 I [SEO] ShellApplicationJNI: NativeSendOverlayCommand
2026-03-09 04:57:02.843  3696  3696 E [SEO] ShellService: Unexpected message: 2
2026-03-09 04:57:02.843  3696  3696 V DeviceLifecycleManager: Got action: android.intent.action.SCREEN_ON
2026-03-09 04:57:02.843  3696  3696 V DeviceLifecycleManager: screen state: ACTION_SCREEN_ON
2026-03-09 04:57:02.844 17108 17108 I OacrNetworkUtil: new network status 1
2026-03-09 04:57:02.844   855   935 I Tracking      : boltlib: Initialized flatbuffers model dd_boltnn_delegate_batch_32
2026-03-09 04:57:02.844   855   935 I Tracking      : BOLT:TorchDelegate: Input buffers were registered successfully for model dd_boltnn_delegate_batch_32.
2026-03-09 04:57:02.845  3696  3696 D [SEO] ShellService: screenStateReceiver Received broadcast: com.oculus.intent.action.MOUNT_STATE_CHANGED
2026-03-09 04:57:02.845  2776  7729 I ControllerNotifications: Skipping input notifications for device 0 (state=Disconnected) (mShuttingDown?: false, mNotificationsEnabled?: false, mHandTrackingEnabled?: true, mMultimodalityEnabled?: false)
2026-03-09 04:57:02.845  3696  3696 I [SEO] ShellService: Received mount state changed, mounted = true
2026-03-09 04:57:02.845 17108 17108 I OacrNetworkUtil: new network status 1
2026-03-09 04:57:02.845  3696  3696 D [SEO] ShellService: onMountStateChanged: true
2026-03-09 04:57:02.845  3696  3696 I [SEO] ShellApplicationJNI: NativeSendOverlayCommand
2026-03-09 04:57:02.845  3696 15919 D com.facebook.location.platform.transitdetection.jipc.TransitModeManager: onCheckInFlightStatus
2026-03-09 04:57:02.845  3696  3696 V DeviceLifecycleManager: Got action: com.oculus.intent.action.MOUNT_STATE_CHANGED
2026-03-09 04:57:02.845  2699  2716 I bt_stack      : [INFO:le_scanning_manager.cc(155)] RegisterScanner in shim layer
2026-03-09 04:57:02.845  3696  3696 V DeviceLifecycleManager: Mount state changed: isMounted = true
2026-03-09 04:57:02.846  2823  2850 D BluetoothLeScanner: onScannerRegistered() - status=0 scannerId=1 mScannerId=0
2026-03-09 04:57:02.847  2341  2341 I CompositorVR  : Ambient light sensor client is ready!
2026-03-09 04:57:02.847  2341  2341 I AmbientLightSensorClient: ALS stream started
2026-03-09 04:57:02.847  2341  2341 I Vsync         : ---------------- Vsync::Init ----------------
2026-03-09 04:57:02.847  2341  2341 I CompositorTiming: ---------------- CompositorTiming::Init ----------------
2026-03-09 04:57:02.847  2341  2341 V Context       : QueryVersion() - Context Version: 3.2
2026-03-09 04:57:02.847  2341  2341 I RuntimeIPCSystem [RUNTIMEIPC]: RuntimeIPCSystem: Init called: Version: 84, Platform: Android, Build Date: Jan 19 2026, Build Time: 11:55:40, BuildMode: shared
2026-03-09 04:57:02.847  2341  2341 W RipcServer [RUNTIMEIPC]: Oncall not specified when initializing server DDCDataServer in package .
2026-03-09 04:57:02.848  2341  6889 W ThreadHelpers [RUNTIMEIPC]: RuntimeIPC::SetName: thread name 'DDCDataServer_JobWorker' was truncated to 'DDCDataServer_J'
2026-03-09 04:57:02.848  2341  2341 I RipcServerMgr [RUNTIMEIPC]: UpdateServerListOnBroker (pid: 2341): SUCCESS (shouldNotify=false): [PassthroughVrRuntimeServer, DynamicObjectTrackingServer, VirtualKeyboardServer, HapticsServer, RenderModelServer, HandInputDataServer, ControllerIPCServer, RuntimeServiceServer, RuntimeServiceDevice, gkcache, RuntimeServiceLoader]
2026-03-09 04:57:02.848  2341  2341 I RipcServerMgr [RUNTIMEIPC]: [RIPC_CONNECT_LOG] RegisterServer: SUCCESS: com.oculus.systemdriver:com.oculus.vrruntimeservice (DDCDataServer)
2026-03-09 04:57:02.848  1116  1201 I RuntimeIPCService [RUNTIMEIPC]: SetServerList: Ignoring package and process for server: PassthroughVrRuntimeServer
2026-03-09 04:57:02.848  1116  1201 I RuntimeIPCService [RUNTIMEIPC]: SetServerList: com.oculus.systemdriver:com.oculus.vrruntimeservice:2341, new servers: [PassthroughVrRuntimeServer, DynamicObjectTrackingServer, VirtualKeyboardServer, HapticsServer, RenderModelServer, HandInputDataServer, ControllerIPCServer, DDCDataServer, RuntimeServiceServer, RuntimeServiceDevice, gkcache, RuntimeServiceLoader], old servers: [PassthroughVrRuntimeServer, DynamicObjectTrackingServer, VirtualKeyboardServer, HapticsServer, RenderModelServer, HandInputDataServer, ControllerIPCServer, RuntimeServiceServer, RuntimeServiceDevice, gkcache, RuntimeServiceLoader]
2026-03-09 04:57:02.848  2341  2341 I RipcServerMgr [RUNTIMEIPC]: UpdateServerListOnBroker (pid: 2341): SUCCESS (shouldNotify=true): [PassthroughVrRuntimeServer, DynamicObjectTrackingServer, VirtualKeyboardServer, HapticsServer, RenderModelServer, HandInputDataServer, ControllerIPCServer, DDCDataServer, RuntimeServiceServer, RuntimeServiceDevice, gkcache, RuntimeServiceLoader]
2026-03-09 04:57:02.848  2341  2341 I JVMHandler    : JVMHandler: callStaticMethodWithVariableArguments. [functionName:isFeatureSupported] is valid: [1]
2026-03-09 04:57:02.848  2341  2341 I BystanderAwarenessIndicatorController: Bystander Awareness Indicator feature is supported on this device: [Yes]
2026-03-09 04:57:02.848  2341  2341 I CompositorVR  : Bystander Awareness Indicator controller active.
2026-03-09 04:57:02.849 10667 10750 D DGW           : D[onAppForegrounded:73] ConnectivityManager app foregrounded.
2026-03-09 04:57:02.849 10667 10750 D DGW           : D[onAppForegrounded:79] ConnectivityManager pingIntervalInMs: 60000
2026-03-09 04:57:02.849 10667 10750 V DGW           : V[operator():117] ConnectivityManager send ping foregrounded.
2026-03-09 04:57:02.849  3696 17597 I [SEO] SystemPreferences: SystemPreferences - isDisplayingPassthroughContent_ changed to 0
2026-03-09 04:57:02.849 10667 10750 D DGW           : D[sendPing:516] ConnectivityManager pings are disabled, so not sending any pings
2026-03-09 04:57:02.849 10667 10750 V DGW           : V[onStatusChanged:612] StreamGroupRetriableNetworkLayer status changed to Foreground
2026-03-09 04:57:02.849 10667 10750 V DGW           : V[processAllPendingRequests:483] Dgw process all pending requests
2026-03-09 04:57:02.849 10667 10750 E DefaultStreamRef.cpp: trying to start an already started/disconnected stream.
2026-03-09 04:57:02.849 10667 10750 E DefaultStreamRef.cpp: trying to start an already started/disconnected stream.
2026-03-09 04:57:02.849 10667 10750 E DefaultStreamRef.cpp: trying to start an already started/disconnected stream.
2026-03-09 04:57:02.849 10667 10750 E DefaultStreamRef.cpp: trying to start an already started/disconnected stream.
2026-03-09 04:57:02.849 10667 10750 E DefaultStreamRef.cpp: trying to start an already started/disconnected stream.
2026-03-09 04:57:02.849 10667 10750 E DefaultStreamRef.cpp: trying to start an already started/disconnected stream.
2026-03-09 04:57:02.849 10667 10750 E DefaultStreamRef.cpp: trying to start an already started/disconnected stream.
2026-03-09 04:57:02.849 10667 10750 E DefaultStreamRef.cpp: trying to start an already started/disconnected stream.
2026-03-09 04:57:02.849 10667 10750 E DefaultStreamRef.cpp: trying to start an already started/disconnected stream.
2026-03-09 04:57:02.849 10667 10750 E DefaultStreamRef.cpp: trying to start an already started/disconnected stream.
2026-03-09 04:57:02.849 10667 10750 E DefaultStreamRef.cpp: trying to start an already started/disconnected stream.
2026-03-09 04:57:02.849 10667 10667 W PresenceAPK(UPIPresenceWriteManager): Can't update rich presence: UPI is disconnected
2026-03-09 04:57:02.849  2341  3075 I PreferenceListener: Preference 'is_displaying_passthrough_content' set to 0
2026-03-09 04:57:02.849  2699  2716 E BluetoothUtils: Permission denial: Location is off.
2026-03-09 04:57:02.850  2341  6890 I CompositorVR  : WarpThreadInit()
2026-03-09 04:57:02.850  2341  6890 I CompositorVR  : WarpThreadInit: gettid
2026-03-09 04:57:02.850  2341  6890 I CompositorVR  : WarpThreadInit: attaching...
2026-03-09 04:57:02.850 10667 10716 D DGW           : D[createStreamGroup:170] DGWClient stream domain set to: gateway.facebook.com
2026-03-09 04:57:02.850 10667 10716 V DGW           : V[createTransportIfMissing:120] StreamGroup[realtime] createTransportIfMissing
2026-03-09 04:57:02.850 10667 10716 V DGW           : V[StreamGroupTransport:98] StreamGroupTransport[realtime] count=1
2026-03-09 04:57:02.850 10667 10716 V DGW           : V[createTransportIfMissing:134] StreamGroup[realtime] eagerly start transport
2026-03-09 04:57:02.850 10667 10716 V DGW           : V[startTransport:223] StreamGroupTransport[realtime] start transport
2026-03-09 04:57:02.850 10667 10716 V DGW           : V[startTransport:324] StreamGroupTransport[realtime] sent network request
2026-03-09 04:57:02.850 10667 10716 V DGW           : V[sendRequest:57] StreamGroupRetriableNetworkLayer[realtime] send request 14090868924376313101327460443_1773050222850
2026-03-09 04:57:02.850 10667 10716 V DGW           : V[processRequest:143] StreamGroupRetriableNetworkLayer[realtime] connect timeout 10
2026-03-09 04:57:02.850 10667 10716 V DGW           : V[processRequest:154] StreamGroupRetriableNetworkLayer[realtime] process request attempt 0
2026-03-09 04:57:02.850  2341  6890 I DisplayModeControl: RequestDisplayPowerMode(1)
2026-03-09 04:57:02.850 10667 10716 I DGW           : I[sendRequest:106] StreamGroupMNSNetworkLayer[realtime] DGW Connecting to https://gateway.facebook.com/realtime
2026-03-09 04:57:02.850  2341  6890 I CompositorVR  : WaitUntilDisplayActive: Waited 0.000 seconds for active display
2026-03-09 04:57:02.850  2341  6890 I CompositorVR  : WarpThreadInit: waiting for vsync...
2026-03-09 04:57:02.850  2341  6890 I CompositorVR  : WaitUntilValidVsync: Waited 0.000 seconds for first vsync
2026-03-09 04:57:02.850 10667 10716 V DGW           : V[sendRequest:178] StreamGroupMNSNetworkLayer[realtime] HTTP request sent
2026-03-09 04:57:02.850  2341  6890 I CompositorVR  : WarpThreadInit: setting UID high priority context.
2026-03-09 04:57:02.850 10667 10716 V DGW           : V[onBeginTransportStream:1051] StreamGroupRetriableNetworkLayer[realtime] begin transport stream
2026-03-09 04:57:02.850 10667 10716 V DGW           : V[processRequest:308] StreamGroupRetriableNetworkLayer request sent on inner layer
2026-03-09 04:57:02.850 10667 10716 V DGW           : V[setStreamGroup:16] StreamGroupRegistry store transport for stream group id 12
2026-03-09 04:57:02.850 10667 10716 V DGW           : V[establishStreamWithInitialData:164] StreamGroup[realtime] establishStreamWithInitialData timeout:30
2026-03-09 04:57:02.850 10667 10716 V DGW           : V[createTransportIfMissing:120] StreamGroup[realtime] createTransportIfMissing
2026-03-09 04:57:02.850 10667 10716 V DGW           : V[establishStream:340] StreamGroupTransport[realtime] establishStream state =1
2026-03-09 04:57:02.850 10667 10753 V DGW           : V[operator():479] MNSStreamGroupRequestCallbacks[realtime] onConnectionAcquired
2026-03-09 04:57:02.850 10667 10753 V DGW           : V[onTransportConnected:1067] StreamGroupRetriableNetworkLayer[realtime] transport connected
2026-03-09 04:57:02.850 10667 10753 V DGW           : V[onTransportReady:1082] StreamGroupRetriableNetworkLayer[realtime] transport ready
2026-03-09 04:57:02.850 10667 10753 V DGW           : V[onBeginTransportStream:927] StreamGroupTransport[realtime] on transport stream connected
2026-03-09 04:57:02.850 10667 10753 D DGW           : D[streamCreated:783] ConnectivityManager stream created.
2026-03-09 04:57:02.850 10667 10753 V DGW           : V[flushStreamRequestQueue:1369] StreamGroupTransport[realtime] flush streams state=2
2026-03-09 04:57:02.850 10667 10753 V DGW           : V[trackOutgoingSend:67] RequestResponseManager[realtime] scheduling send timeout for 30 seconds
2026-03-09 04:57:02.850 10667 10753 V DGW           : V[flushStreamRequestQueue:1570] StreamGroupTransport[realtime] flush stream write data
2026-03-09 04:57:02.850 10667 10753 V DGW           : V[flushStreamRequestQueue:1581] StreamGroupTransport[realtime] dispatch early stream ready size:1
2026-03-09 04:57:02.850 10667 10753 V DGW           : V[operator():1607] StreamGroupTransport[realtime] dispatch early stream id:3
2026-03-09 04:57:02.851  2776  7729 I ControllerNotifications: Skipping input notifications for device 1 (state=Disconnected) (mShuttingDown?: false, mNotificationsEnabled?: false, mHandTrackingEnabled?: true, mMultimodalityEnabled?: false)
2026-03-09 04:57:02.851  2699  2716 D ActivityAttributionService: notifyActivityAttributionInfo UID=1002 packageName=com.android.bluetooth deviceAddress=no_active_device_address
2026-03-09 04:57:02.851  2699  2716 I bt_btif       : packages/modules/Bluetooth/system/btif/src/bluetooth.cc:832 get_profile_interface: get_profile_interface: id = activity_attribution
2026-03-09 04:57:02.852  2699  3404 I bt_stack      : [INFO:le_scanning_manager.cc(268)] ScanFilterEnable in shim layer
2026-03-09 04:57:02.852  3624  3948 D TrafficStats  : tagSocket(87) with statsTag=0xffffffff, statsUid=-1
2026-03-09 04:57:02.852   834   834 D vendor.qti.bluetooth@1.1-ibs_handler: SerialClockVote: vote for UART CLK ON
2026-03-09 04:57:02.852  2699  3404 I bt_stack      : [INFO:le_scanning_manager.cc(243)] ScanFilterAdd in shim layer
2026-03-09 04:57:02.852   834   834 D vendor.qti.bluetooth@1.1-wake_lock: Acquire wakelock is acquired 
2026-03-09 04:57:02.852   834   834 I vendor.qti.bluetooth@1.1-ibs_handler: DeviceWakeUp: Writing IBS_WAKE_IND
2026-03-09 04:57:02.853  2958  6886 D TrafficStats  : tagSocket(66) with statsTag=0xffffffff, statsUid=-1
2026-03-09 04:57:02.854  1087  6871 I CCodec        : Created component [c2.android.vorbis.decoder]
2026-03-09 04:57:02.854  1087  6871 D CCodecConfig  : read media type: audio/vorbis
2026-03-09 04:57:02.855  1318  4425 I WifiService   : startScan uid=10014
2026-03-09 04:57:02.855  1087  6871 D ReflectedParamUpdater: extent() != 1 for single value type: algo.buffers.max-count.values
2026-03-09 04:57:02.856  1087  6871 D ReflectedParamUpdater: extent() != 1 for single value type: output.subscribed-indices.values
2026-03-09 04:57:02.856 24698  6894 I OSUpdateService: Intent with action system_interactive_changed
2026-03-09 04:57:02.856  1087  6871 D ReflectedParamUpdater: extent() != 1 for single value type: input.buffers.allocator-ids.values
2026-03-09 04:57:02.856  1087  6871 D ReflectedParamUpdater: extent() != 1 for single value type: output.buffers.allocator-ids.values
2026-03-09 04:57:02.856  1087  6871 D ReflectedParamUpdater: extent() != 1 for single value type: algo.buffers.allocator-ids.values
2026-03-09 04:57:02.856  1087  6871 D ReflectedParamUpdater: extent() != 1 for single value type: output.buffers.pool-ids.values
2026-03-09 04:57:02.856  1087  6871 D ReflectedParamUpdater: extent() != 1 for single value type: algo.buffers.pool-ids.values
2026-03-09 04:57:02.856   855   935 I Tracking      : BoltSDK::Soc: [EVENT] TorchDelegate: Hexagon ref count changed from 17 to 18
2026-03-09 04:57:02.857  1087  6871 I CCodecConfig  : query failed after returning 7 values (BAD_INDEX)
2026-03-09 04:57:02.857  1087  6871 D CCodecConfig  : c2 config diff is Dict {
2026-03-09 04:57:02.857  1087  6871 D CCodecConfig  : c2::u32 coded.bitrate.value = 64000
2026-03-09 04:57:02.857  1087  6871 D CCodecConfig  : c2::u32 input.buffers.max-size.value = 32768
2026-03-09 04:57:02.857  1087  6871 D CCodecConfig  : c2::u32 input.delay.value = 0
2026-03-09 04:57:02.857  1087  6871 D CCodecConfig  : string input.media-type.value = "audio/vorbis"
2026-03-09 04:57:02.857  1087  6871 D CCodecConfig  : string output.media-type.value = "audio/raw"
2026-03-09 04:57:02.857  1087  6871 D CCodecConfig  : c2::u32 raw.channel-count.value = 1
2026-03-09 04:57:02.857  1087  6871 D CCodecConfig  : c2::u32 raw.sample-rate.value = 48000
2026-03-09 04:57:02.857  1087  6871 D CCodecConfig  : }
2026-03-09 04:57:02.857  2752  3083 D PowerMonitor  : Executing transition from STANDBY to RUNNING
2026-03-09 04:57:02.857  2752  3083 D ControllerManagement: [controller] STANDBY -> RUNNING
2026-03-09 04:57:02.857  1087  6871 D MediaCodec    : flushMediametrics
2026-03-09 04:57:02.857  1087  6871 D CCodec        : [c2.android.vorbis.decoder] buffers are bound to CCodec for this session
2026-03-09 04:57:02.857  1087  6871 D CCodecConfig  : no c2 equivalents for durationUs
2026-03-09 04:57:02.857  1087  6871 D CCodecConfig  : no c2 equivalents for csd-1
2026-03-09 04:57:02.857  1087  6871 D CCodecConfig  : no c2 equivalents for flags
2026-03-09 04:57:02.857  2752  6895 D ControllerManagement: processStateChange([PairedControllerInfo RUBY 0348e0779e9017c4 disconnected detached asleep mcnt=4])
2026-03-09 04:57:02.857  2752  6895 D ControllerManagement: processStateChange([PairedControllerInfo RUBY bd69859b0f857714 disconnected detached asleep mcnt=4])
2026-03-09 04:57:02.857  2752  6895 D ControllerManagement: processStateChange([PairedControllerInfo RUBY bd69859b0f857714 disconnected detached update-required mcnt=4])
2026-03-09 04:57:02.857  2752  6895 D ControllerManagement: processStateChange([PairedControllerInfo RUBY 0348e0779e9017c4 disconnected detached update-required mcnt=4])
2026-03-09 04:57:02.858   834  3247 I vendor.qti.bluetooth@1.1-ibs_handler: ProcessIbsCmd: Received IBS_WAKE_ACK: 0xFC
2026-03-09 04:57:02.858   834  3247 I vendor.qti.bluetooth@1.1-ibs_handler: ProcessIbsCmd: Signal wack_cond_
2026-03-09 04:57:02.858   834   834 D vendor.qti.bluetooth@1.1-ibs_handler: DeviceWakeUp: Unblocked from waiting for FC, pthread_cond_timedwait ret = 0
2026-03-09 04:57:02.858   834  3247 I vendor.qti.bluetooth@1.1-ibs_handler: ProcessIbsCmd: Received IBS_WAKE_IND: 0xFD
2026-03-09 04:57:02.858   834  3247 I vendor.qti.bluetooth@1.1-ibs_handler: ProcessIbsCmd: Writing IBS_WAKE_ACK
2026-03-09 04:57:02.858  1087  6871 D CCodecConfig  : c2 config diff is   c2::u32 coded.bitrate.value = 128000
2026-03-09 04:57:02.858  1087  6871 D CCodecConfig  : c2::u32 raw.channel-count.value = 2
2026-03-09 04:57:02.859  1087  6871 W Codec2Client  : query -- param skipped: index = 1107298332.
2026-03-09 04:57:02.859  1087  6871 D CCodec        : encoding statistics level = 0
2026-03-09 04:57:02.859  1087  6871 D CCodec        : setup formats input: AMessage(what = 0x00000000) = {
2026-03-09 04:57:02.859  1087  6871 D CCodec        : int32_t bitrate = 128000
2026-03-09 04:57:02.859  1087  6871 D CCodec        : int32_t channel-count = 2
2026-03-09 04:57:02.859  1087  6871 D CCodec        : int32_t max-input-size = 32768
2026-03-09 04:57:02.859  1087  6871 D CCodec        : string mime = "audio/vorbis"
2026-03-09 04:57:02.859  1087  6871 D CCodec        : int32_t sample-rate = 48000
2026-03-09 04:57:02.859  1087  6871 D CCodec        : }
2026-03-09 04:57:02.859  1087  6871 D CCodec        : setup formats output: AMessage(what = 0x00000000) = {
2026-03-09 04:57:02.859  1087  6871 D CCodec        : int32_t channel-count = 2
2026-03-09 04:57:02.859  1087  6871 D CCodec        : string mime = "audio/raw"
2026-03-09 04:57:02.859  1087  6871 D CCodec        : int32_t sample-rate = 48000
2026-03-09 04:57:02.859  1087  6871 D CCodec        : int32_t channel-mask = 3
2026-03-09 04:57:02.859  1087  6871 D CCodec        : int32_t android._config-pcm-encoding = 2
2026-03-09 04:57:02.859  1087  6871 D CCodec        : }
2026-03-09 04:57:02.859  1087  6871 I CCodecConfig  : query failed after returning 7 values (BAD_INDEX)
2026-03-09 04:57:02.859  1087  6871 I MediaCodec    : MediaCodec will operate in async mode
2026-03-09 04:57:02.859  1087  6870 D MediaCodec    : keep callback message for reclaim
2026-03-09 04:57:02.859  2699  3404 I bt_stack      : [INFO:le_scanning_manager.cc(204)] ScanFilterParamSetup in shim layer
2026-03-09 04:57:02.860  2341  2576 I DisplayModeControl: Setting power mode ON for display 4630946882202380434
2026-03-09 04:57:02.860  2341  6890 I CompositorVR  : WarpThreadInit: setting TID max priority context.
2026-03-09 04:57:02.860  2699  3404 I bt_stack      : [INFO:le_scanning_manager.cc(243)] ScanFilterAdd in shim layer
2026-03-09 04:57:02.860  2699  3404 I bt_stack      : [INFO:le_scanning_manager.cc(204)] ScanFilterParamSetup in shim layer
2026-03-09 04:57:02.861  2699  3404 I bt_stack      : [INFO:le_scanning_manager.cc(168)] Scan in shim layer started
2026-03-09 04:57:02.861  2341  6890 I CompositorVR  : WarpThreadInit: Begin EGL initialization...
2026-03-09 04:57:02.861  2341  6890 I ClientSurface : CreateClientSurface( vr_compositor_4128x2208, 4128, 2208 )
2026-03-09 04:57:02.861  2341  6890 D OsSdk         : createSurface vr_compositor_4128x2208 w=4128 x h=2208 fmt=0
2026-03-09 04:57:02.861  2341  6890 D OsSdk         : createSurface via forger vr_compositor_4128x2208
2026-03-09 04:57:02.861  2699  2978 I bluetooth     : packages/modules/Bluetooth/system/gd/hci/le_scanning_manager.cc:588 stop_scan: Scanning already stopped, return!
2026-03-09 04:57:02.861  2699  2978 I bluetooth     : packages/modules/Bluetooth/system/gd/hci/le_address_manager.cc:178 register_client: Client registered
2026-03-09 04:57:02.861  1087  6871 W Codec2Client  : query -- param skipped: index = 1342179345.
2026-03-09 04:57:02.861  1087  6871 W Codec2Client  : query -- param skipped: index = 2415921170.
2026-03-09 04:57:02.861  1577  1585 D SurfaceForgerClientImpl: Setting transform ROTATION_0 => 0
2026-03-09 04:57:02.861  2341  6890 I OsSdk         : calling to forger createSurface
2026-03-09 04:57:02.862  2699  3404 I bt_stack      : [INFO:le_scanning_manager.cc(168)] Scan in shim layer stopped
2026-03-09 04:57:02.862  2699  3404 I bt_stack      : [INFO:le_scanning_manager.cc(346)] SetScanParameters in shim layer
2026-03-09 04:57:02.862  1103 24684 D BufferPoolAccessor2.0: bufferpool2 0xb400007162c54628 : 0(0 size) total buffers - 0(0 size) used buffers - 9/13 (recycle/alloc) - 4/12 (fetch/transfer)
2026-03-09 04:57:02.862  2699  2978 I bluetooth     : packages/modules/Bluetooth/system/gd/hci/le_address_manager.cc:193 unregister_client: Client unregistered
2026-03-09 04:57:02.862  1087  6871 D CCodecBufferChannel: [c2.android.vorbis.decoder#936] Created input block pool with allocatorID 16 => poolID 46 - OK (0)
2026-03-09 04:57:02.862  1103 24684 D BufferPoolAccessor2.0: Destruction - bufferpool2 0xb400007162c54628 cached: 0/0M, 0/0% in use; allocs: 13, 69% recycled; transfers: 12, 67% unfetched
2026-03-09 04:57:02.862  2699  3404 I bt_stack      : [INFO:le_scanning_manager.cc(168)] Scan in shim layer started
2026-03-09 04:57:02.862  2699  2978 I bluetooth     : packages/modules/Bluetooth/system/gd/hci/le_scanning_manager.cc:588 stop_scan: Scanning already stopped, return!
2026-03-09 04:57:02.862  2699  2978 I bluetooth     : packages/modules/Bluetooth/system/gd/hci/le_address_manager.cc:178 register_client: Client registered
2026-03-09 04:57:02.863  1087  2508 D BufferPoolAccessor2.0: bufferpool2 0xb400007695953228 : 0(0 size) total buffers - 0(0 size) used buffers - 10/18 (recycle/alloc) - 8/30 (fetch/transfer)
2026-03-09 04:57:02.863  1087  2508 D BufferPoolAccessor2.0: Destruction - bufferpool2 0xb400007695953228 cached: 0/0M, 0/0% in use; allocs: 18, 56% recycled; transfers: 30, 73% unfetched
2026-03-09 04:57:02.863  1087  6871 I CCodecBufferChannel: [c2.android.vorbis.decoder#936] Created output block pool with allocatorID 16 => poolID 60 - OK
2026-03-09 04:57:02.863  1087  6871 D CCodecBufferChannel: [c2.android.vorbis.decoder#936] Configured output block pool ids 60 => OK
2026-03-09 04:57:02.863   855   935 I Tracking      : boltlib: Initialized flatbuffers model dd_boltnn_delegate_batch_64
2026-03-09 04:57:02.863   855   935 I Tracking      : BOLT:TorchDelegate: Input buffers were registered successfully for model dd_boltnn_delegate_batch_64.
2026-03-09 04:57:02.863   842  2525 I QC2CompStore  : Setting heap usage to system
2026-03-09 04:57:02.869  1103  6893 D SimpleC2Component: Using output block pool with poolID 60 => got 60 - 0
2026-03-09 04:57:02.871   842  2525 I QC2CompStore  : Setting heap usage to system
2026-03-09 04:57:02.873  3696  4173 I [SEO] ShellApp: Frame_CheckForSessionStateActive: sleeping until next message
2026-03-09 04:57:02.873  3696  4173 I [SEO] ShellApp: Frame_CheckForSessionStateActive: sleeping for message done
2026-03-09 04:57:02.873  3696  4173 I [SEO] ShellApp: Process_OverlayCommand command : screenStateChanged
2026-03-09 04:57:02.873  3696  4173 I [SEO] ShellApp: screenStateChanged message received
2026-03-09 04:57:02.873  3696  4173 D [SEO] ShellApplication: isDeviceLocked = false
2026-03-09 04:57:02.873  3696  4173 I [SEO] ShellFrameHelpers: ResolveDeviceState: checking device lock status : 0
2026-03-09 04:57:02.873  3696  4173 I [SEO] ShellApp: ResolveDeviceState: change from Sleep to WaitingForSleep
2026-03-09 04:57:02.873  3696  4173 I [SEO] TelemetryProvider: Set wake start time to 49410273
2026-03-09 04:57:02.873  3696  4173 I [SEO] ShellApp: ResolveDeviceState: isWakingOrUnlockingIntoWake : 1
2026-03-09 04:57:02.873  3696  4173 I [SEO] ShellApp: ResolveDeviceState: interactionState : HasInputFocus
2026-03-09 04:57:02.873  3696  4173 I [SEO] ShellApp: ---------- ShellApp::EnterVrMode() ----------
2026-03-09 04:57:02.873  3696  4173 I [SEO] ShellTransitionState: Logging ShellTransitionState to dumpsys: {"state":"Backgrounding","timeMillis":"49218866"}
2026-03-09 04:57:02.873  3696  4173 I OpenXR        : ------------ xrBeginSession [start] -----------
2026-03-09 04:57:02.873   855   935 I Tracking      : BoltSDK::Soc: [EVENT] TorchDelegate: Hexagon ref count changed from 18 to 19
2026-03-09 04:57:02.874   866  1662 I SensorService : registerDirectChannel_: Allocated direct channel handle 6 (to pid 1318)
2026-03-09 04:57:02.874   866  1662 I SensorService : configDirectReport for channelHandle:6 sensorHandle:3 Rate:1
2026-03-09 04:57:02.875  3696  4173 I Sensor        : Using IAD sensor direct channel
2026-03-09 04:57:02.877  3624  4485 I TokenProvider : call to obtainRootNonDsat
2026-03-09 04:57:02.877   866  1592 I SyncBossHAL   : [info   ] syncboss_hal_powerstate.c(54): Reporting powerstate event: PROX_OFF
2026-03-09 04:57:02.877   866  1592 D SensorService : Received Powerstate PROX_OFF
2026-03-09 04:57:02.877   859   950 I SyncBossFW    : 38626264 [info   ] {PROX}: Prox state: 0
2026-03-09 04:57:02.878  1119  1853 D VoiceAssistantNativeServer: VoiceAssistantNativeServer::onMountStateChanged() - Device has been unmounted/slept.
2026-03-09 04:57:02.878  1119  1853 D VoiceAssistantNativeServer: VoiceAssistantNativeServer Successfully logged assistant event: DEVICE_MOUNT_CHANGED with status: success
2026-03-09 04:57:02.878  3696  4173 I DeviceStatus  : nativeHeadsetEvent(0)
2026-03-09 04:57:02.878  1318  3053 I Telecom       : CallAudioRouteStateMachine: Message received: MUTE_EXTERNALLY_CHANGED=3004, arg1=0: CARSM.mCR->CARSM.pM_MUTE_EXTERNALLY_CHANGED@AKY
2026-03-09 04:57:02.878  1318  3053 I Telecom       : QuiescentEarpieceRoute: Processing message MUTE_EXTERNALLY_CHANGED: CARSM.mCR->CARSM.pM_MUTE_EXTERNALLY_CHANGED@AKY
2026-03-09 04:57:02.879  1318  4215 W MemoryBroker  : attachClient: found client in attached list (uid: 10023, pid: 3696)
2026-03-09 04:57:02.880  1318  4215 W MemoryBroker  : attachClient: found client in attached list (uid: 10023, pid: 3696)
2026-03-09 04:57:02.880  3696  4173 I VrRuntimeClient: Mounted state at BeginSession: True
2026-03-09 04:57:02.880  3696  4173 I LogTimer      : CPUTIME: VrRuntimeClient_BeginSession took 7.0289 ms
2026-03-09 04:57:02.880  3696  4173 I SystemActivitiesEvents: SystemActivitiesEvents_Init: client 16777226 already registered
2026-03-09 04:57:02.880  3696  4173 I ClientInputSettings: HANDTRACKING: enabled input settings, setting hand mode control settings to ControllersOnly
2026-03-09 04:57:02.880  3696  4173 I ClientInputSettings: HANDTRACKING package name is com.oculus.vrshell
2026-03-09 04:57:02.880  3696  4173 I JVMHandler    : JVMHandler: callStaticMethodWithVariableArguments. [functionName:checkPackageHasPermission] is valid: [1]
2026-03-09 04:57:02.889     0     0 W healthd       : battery l=100 v=4414 t=38.0 h=2 st=5 c=484509 fc=5189000 cc=20 chg=a
2026-03-09 04:57:02.882  3696  4173 I JVMHandler    : JVMHandler: callStaticMethodWithVariableArguments. [functionName:checkPackageHasPermission] is valid: [1]
2026-03-09 04:57:02.882  3696  4173 W RuntimeTelemetryThread: [XRINPUT] HANDTRACKING Deprecated Manifest Permission request from ; com.oculus.vrshell
2026-03-09 04:57:02.882  3696  4173 I UnifiedTelemetryWrapper: WARNING: Attempting to create Telemetry Event while Handler is null; telemetry will not be recorded for the event: [oculus_mobile_aloge]
2026-03-09 04:57:02.882  3696  4173 W ClientInputSettings: HANDTRACKING: Deprecated Manifest Permission request for com.oculus.vrshell please update to 'horizonos.permission.HAND_TRACKING'
2026-03-09 04:57:02.882  3696  4173 I ClientInputSettings: HANDTRACKING: Manifest Permission request for com.oculus.vrshell
2026-03-09 04:57:02.882  3696  4173 I JVMHandler    : JVMHandler: callStaticMethodWithVariableArguments. [functionName:checkPackageHasFeature] is valid: [1]
2026-03-09 04:57:02.882  3696  4173 I ClientInputSettings: HANDTRACKING:  'com.oculus.vrshell' Is hands or controller.
2026-03-09 04:57:02.882  3696  4173 I ClientInputSettings: HANDTRACKING: feature flag set to 2
2026-03-09 04:57:02.882  3696  4173 I ClientInputInterface: HANDTRACKING sethandmanifest 2
2026-03-09 04:57:02.882  3696  4173 W GkCacheQuerierClient: getGkValue: Query result for 'oculus_xrruntime:oculus_mobile_always_use_java_input_hooks' not successful: 4
2026-03-09 04:57:02.882  3696  4173 I JVMHandler    : JVMHandler: callStaticMethodWithVariableArguments. [functionName:IsNativeActivity] is valid: [1]
2026-03-09 04:57:02.882  3696  4173 I UnifiedTelemetryWrapper: WARNING: Attempting to create Telemetry Event while Handler is null; telemetry will not be recorded for the event: [oculus_mobile_features_used]
2026-03-09 04:57:02.882  3696  4173 I JVMHandler    : JVMHandler: callStaticMethodWithVariableArguments. [functionName:EnableInputHooks] is valid: [1]
2026-03-09 04:57:02.882  3696  4173 W InputHooksJava: Unable to enable input hooks on a non-Activity Context
2026-03-09 04:57:02.882  3696  4173 I JVMHandler    : JVMHandler: callStaticMethodWithVariableArguments. [functionName:startListener] is valid: [1]
2026-03-09 04:57:02.882  3696  4173 I InputDeviceManager: ovrInputDeviceManager::Initialize
2026-03-09 04:57:02.886   855   935 I Tracking      : boltlib: Initialized flatbuffers model dd_boltnn_delegate_batch_128
2026-03-09 04:57:02.886   855   935 I Tracking      : BOLT:TorchDelegate: Input buffers were registered successfully for model dd_boltnn_delegate_batch_128.
2026-03-09 04:57:02.888  3696  4173 I OSHandDataQuerier: OSSDKTRACKING shutting down handsTracker_
2026-03-09 04:57:02.888  3696  4173 I InputDevice_Hand_Legacy: BodyPoweredHands checkSysPropForBodyAPIOverride 0
2026-03-09 04:57:02.888  3696  4173 I InputDevice_Hand_Legacy: BodyPoweredHands checkSysPropForBodyAPIOverride 0
2026-03-09 04:57:02.888  3696  4173 I TREX          : Interface 'WristbandClientInterface', version 10 was not found. Check debug build for more information.
2026-03-09 04:57:02.889  3696  4173 I InputDeviceManager: HANDTRACKING Root pose filter profile changed for freq to 14 from 0  inf: 1
2026-03-09 04:57:02.889  3696  4173 I InputDevice_Hand_Legacy: Legacy - Resetting hand Root pose filter enum to HandsVR30hzUpsamplingV80
2026-03-09 04:57:02.889  3696  4173 I InputDevice_Hand_Legacy: Legacy - Resetting hand Root pose filter enum to HandsVR30hzUpsamplingV80
2026-03-09 04:57:02.889  3696  4173 I ClientInputThread_Internal: Performing direct input updates. Skipping ovrInputThread::Enable
2026-03-09 04:57:02.889  3696  4173 I GkHelper      : Checking gk 'horizon_phasesync_auto_disabled', default = false
2026-03-09 04:57:02.889  3696  4173 W GkCacheQuerierClient: getGkValue: Query result for 'oculus_xrruntime:horizon_phasesync_auto_disabled' not successful: 4
2026-03-09 04:57:02.889  3696  4173 W GkCacheQuerierClient: getGkValue: Query result for 'oculus_xrruntime_sessionless:horizon_phasesync_auto_disabled' not successful: 4
2026-03-09 04:57:02.889  3696  4173 W GkHelper      : GkHelper: query failed for horizon_phasesync_auto_disabled, result code: 4
2026-03-09 04:57:02.889  3696  4173 I PhaseSync     : PhaseSync::PhaseSync PaddingLowerLimit 0.350000 StandardDeviations 2.000000 PaddingUpperLimit 0.750000 on instance 30
2026-03-09 04:57:02.889  3696  4173 I FrameSync     : FrameSync Initialized Instance 31
2026-03-09 04:57:02.889  3696  4173 I VrRuntimeClient: PhaseSync Instance created
2026-03-09 04:57:02.889  3696  4173 I JVMHandler    : JVMHandler: callStaticMethodWithVariableArguments. [functionName:getClientWindow] is valid: [1]
2026-03-09 04:57:02.889  3696  4173 I JVMHandler    : JVMHandler: callStaticMethodWithVariableArguments. [functionName:getActivityID] is valid: [1]
2026-03-09 04:57:02.890   895 19932 D AudioFlinger  : Client defaulted notificationFrames to 12000 for frameCount 24000
2026-03-09 04:57:02.890  2341  4625 I VrRuntimeService: RuntimeServiceSDKServer::EnableRendering: 0x0, 0, com.oculus.vrshell
2026-03-09 04:57:02.890  2341  4625 I VrRuntimeService: RuntimeServiceSDKServer::EnableRendering: 0x0, 0, com.oculus.vrshell
2026-03-09 04:57:02.890  2341  4625 I ClientMgr     : EnableRendering2: invalid clientWindow, testing uid/pid
2026-03-09 04:57:02.890  2341  4625 I ClientMgr     : EnableRendering2: matched uid: 10023 and pid: 3696 
2026-03-09 04:57:02.890  2341  4625 I ClientMgr     : EnableRendering2: setting clientWindow 0x77adf5d8e0 and activitID 0x0 
2026-03-09 04:57:02.890  2341  4625 I ClientMgr     : ShouldClientHaveFocus: Client[com.oculus.vrshell:3696]: Given ClientWindow = 0x77adf5d8e0, FocusedWindow = 0x77adf5d8e0, 
2026-03-09 04:57:02.890  2341  4625 I ClientMgr     : EnableRendering2: Calling SetFocusedClient: 4249301779
2026-03-09 04:57:02.890  2341  4625 I ClientMgr     : ClientMgr::SetFocusedClient: FocusedClient did not change: [com.oculus.vrshell:3696]
2026-03-09 04:57:02.890  2341  4625 I ClientMgr     : ClientMgr::SetFocusedClient: 3696:com.oculus.vrshell type 1
2026-03-09 04:57:02.890  2341  4625 I ClientMgr     : ClientMgr::SetFocusedClient: Updating Focus State: 0 for Client: com.oculus.vrguardianservice:3407, Client DisplayId: -1
2026-03-09 04:57:02.890  2341  4625 I ClientMgr     : ClientMgr::SetFocusedClient: Updating Focus State: 1 for Client: com.oculus.vrshell:3696, Client DisplayId: -1
2026-03-09 04:57:02.890  2341  4625 I ClientMgr     : ClientMgr::SetFocusedClient: Updating Focus State: 0 for Client: /system_ext/bin/mrsystemservice:1112, Client DisplayId: 0
2026-03-09 04:57:02.890  2341  4625 I ClientMgr     : ClientMgr::SetFocusedClient: Updating Focus State: 0 for Client: /system/bin/surfaceflinger:1578, Client DisplayId: 0
2026-03-09 04:57:02.890  2341  4625 I ClientMgr     : SetFocusedPackageName - packageName com.oculus.vrshell processName com.oculus.vrshell clientId 4249301779 clientPid 3696
2026-03-09 04:57:02.890  2341  4625 I ServiceInputManager: ServiceInputManager::SetFocusedPackageName 'com.oculus.vrshell'
2026-03-09 04:57:02.890  2341  4625 I ClientMgr     : ClientMgr::EnableRendering 3696:com.oculus.vrshell : type 1 comp-id 5: enable
2026-03-09 04:57:02.890  2341  4625 I InterstitialManager: Foreground app change: immersiveApp com.oculus.vrshell, pid: 3696,  renderingEnabled: 1. submittedFrames: 80487
2026-03-09 04:57:02.890  2341  4625 I CompositorClientManager: CompositorClientManager::EnableClient 5
2026-03-09 04:57:02.890  2341  4625 I CompositorServer: EnableCompositorClient client(5): default aperture id(-196131902069932029) layer placement(2147483647) flags(0) sm(0x783d009010) isSpatialWindowManager(1)
2026-03-09 04:57:02.891   895 19932 I EpsMixer      : [13] registerSessionTrack session(2169) track(338)
2026-03-09 04:57:02.894   855   935 I Tracking      : BoltSDK::Soc: [EVENT] TorchDelegate: Hexagon ref count changed from 19 to 20
2026-03-09 04:57:02.896  1087  6867 I AudioTrack    : registerVolumetricWindowToken_l session=2169 token=0x0 force=true
2026-03-09 04:57:02.897   895 19932 W Parcel        : Expecting binder but got null!
2026-03-09 04:57:02.897  1087  6867 I AudioTrack    : setPackageForSession_l session=2169 packageName=
2026-03-09 04:57:02.897  1087  6867 W AudioTrack    : setPackageForSession_l: packageName is empty
2026-03-09 04:57:02.898  1087  6867 I AudioTrack    : registerVolumetricWindowToken_l session=2169 token=0x0 force=false
2026-03-09 04:57:02.898   895  1658 D audioserver   : FGS Logger Transaction failed
2026-03-09 04:57:02.898   895  1658 D audioserver   : -129
2026-03-09 04:57:02.899   895  1287 I EpsMixer      : [13] addTrack session(2169) track(338)
2026-03-09 04:57:02.899  1318  2363 I VrPowerManagerService: transition from HEADSET_MOUNTED to HEADSET_UNMOUNTED
2026-03-09 04:57:02.899   831  3506 I AHAL          : AudioStream: Open: 2906: Enter: OutPrimary usecase(1: low-latency-playback)
2026-03-09 04:57:02.899   831  3506 I PAL           : ResourceManager: getActiveStream_l: 5668: no active streams found for device 3 ret -2
2026-03-09 04:57:02.899   831  3506 I PAL           : Device: setDeviceAttributes: 372: DeviceAttributes for Device Id 3 updated
2026-03-09 04:57:02.899   831  3506 I PAL           : Device: open: 452: Enter. deviceCount 0 for device id 3 (PAL_DEVICE_OUT_SPEAKER)
2026-03-09 04:57:02.899   831  3506 I PAL           : SessionAlsaUtils: setDeviceMediaConfig: 1048: TDM-LPAIF_WSA-RX-PRIMARY rate ch fmt data_fmt 48000 2 10 1
2026-03-09 04:57:02.899   831  3506 D audio_route   : Apply path: speaker-vbat
2026-03-09 04:57:02.900   831  3506 I PAL           : Device: open: 487: Exit. deviceCount 1 for device id 3 (PAL_DEVICE_OUT_SPEAKER), exit status: 0
2026-03-09 04:57:02.900   831  3506 I PAL           : ResourceManager: allocateFrontEndIds: 6567: allocateFrontEndIds: front end 117
2026-03-09 04:57:02.900   831  3506 I PAL           : PayloadBuilder: populateStreamKV: 2831: stream type 1
2026-03-09 04:57:02.900   831  3506 I PAL           : PayloadBuilder: getSelectorValues: 2653: Direction: 1
2026-03-09 04:57:02.900   831  3506 I PAL           : PayloadBuilder: getSelectorValues: 2669: Instance: 1
2026-03-09 04:57:02.900   831  3506 I PAL           : PayloadBuilder: findKVs: 2543: key: 0xa1000000 value: 0xa100000e
2026-03-09 04:57:02.900   831  3506 I PAL           : PayloadBuilder: findKVs: 2543: key: 0xab000000 value: 0x1
2026-03-09 04:57:02.900   831  3506 I PAL           : PayloadBuilder: populateDeviceKV: 2945: Enter device id:3
2026-03-09 04:57:02.900   831  3506 I PAL           : PayloadBuilder: findKVs: 2556: key: 0xa2000000 value: 0xa2000001
2026-03-09 04:57:02.900   831  3506 I PAL           : PayloadBuilder: populateDeviceKV: 2973: Exit device id:3, status 0
2026-03-09 04:57:02.900   831  3506 I PAL           : PayloadBuilder: populateDevicePPKV: 3086: Rx device id:3
2026-03-09 04:57:02.900   831  3506 I PAL           : PayloadBuilder: getSelectorValues: 2729: stream type: 1
2026-03-09 04:57:02.900   831  3506 I PAL           : PayloadBuilder: findKVs: 2543: key: 0xa2000000 value: 0xa2000001
2026-03-09 04:57:02.900   831  3506 I PAL           : PayloadBuilder: findKVs: 2543: key: 0xac000000 value: 0xac000002
2026-03-09 04:57:02.900   831  3506 I PAL           : PayloadBuilder: populateDevicePPCkv: 3228: SpeakerProt Status[1], RAS Status[0]
2026-03-09 04:57:02.900   831  3506 D agm_server_wrapper: Aif id 31 already added to session list of 117
2026-03-09 04:57:02.900   831  3506 D agm_server_wrapper: Aif id 31 already added to session list of 117
2026-03-09 04:57:02.900   831  3506 I PAL           : ResourceManager: GetConcurrencyInfo: 5024: stream type 1 Tx conc 0, Rx conc 0, concurrency allowed
2026-03-09 04:57:02.900   831  3506 I PAL           : ResourceManager: GetConcurrencyInfo: 5024: stream type 1 Tx conc 0, Rx conc 0, concurrency allowed
2026-03-09 04:57:02.900   831  3506 I PAL           : ResourceManager: GetConcurrencyInfo: 5024: stream type 1 Tx conc 0, Rx conc 0, concurrency allowed
2026-03-09 04:57:02.900   831  3506 I PAL           : PayloadBuilder: findKVs: 2556: key: 0xa3000000 value: 0xa3000009
2026-03-09 04:57:02.900   831  3506 I PAL           : SessionAlsaUtils: setDeviceMediaConfig: 1048: TDM-LPAIF_WSA-TX-PRIMARY rate ch fmt data_fmt 48000 2 2 1
2026-03-09 04:57:02.900   831  3506 I PAL           : ResourceManager: allocateFrontEndIds: 6599: allocateFrontEndIds: front end 121
2026-03-09 04:57:02.900  3624  6902 I HorizonDsatHelper: fetchTokenValueAsync - callingPackage: com.oculus.horizon, actionName: com.oculus.auth.ACTION_FETCH_HORIZON_DEVICE_SCOPED_CREDENTIALS
2026-03-09 04:57:02.900   831  3506 D agm_server_wrapper: Aif id 32 already added to session list of 121
2026-03-09 04:57:02.900  3624  6902 I HorizonDsatHelper: fetchTokenAsync - forceRefresh: false, actionName: com.oculus.auth.ACTION_FETCH_HORIZON_DEVICE_SCOPED_CREDENTIALS
2026-03-09 04:57:02.901  3624  6902 I HorizonDsatHelper: Returning stored token
2026-03-09 04:57:02.901  3624  6902 I AuthLogger    : Action succeeded: OBTAIN_TOKEN, callingPackage: com.oculus.horizon, accountType: com.oculus, tokenType: dsat, extras: {logging_source=HorizonDsatHelper, options={"forceRefresh":false,"method":"fetchTokenValueAsync","isCachedToken":true}, token_scope=ROOT, outcome=token, status=success}, duration: 0ms
2026-03-09 04:57:02.901  3624  6902 I HorizonDsatHelper: fetchTokenAsync:: OnResult - callingPackage: com.oculus.horizon, actionName: com.oculus.auth.ACTION_FETCH_HORIZON_DEVICE_SCOPED_CREDENTIALS, forceRefresh: false, isResultPresent: true
2026-03-09 04:57:02.901   831  3506 D agm_client_wrapper: agm_session_open called with handle = 2650e580 , *handle = 0
2026-03-09 04:57:02.902  2752  3083 D SensorClientUtils: Received power state from VRPM: STANDBY
2026-03-09 04:57:02.902  2752  3083 D PowerMonitor  : Received transition request from RUNNING to STANDBY
2026-03-09 04:57:02.902  2752  3083 D PowerMonitor  : Skipping no-op transition from RUNNING to STANDBY
2026-03-09 04:57:02.902  3696  3696 D [SEO] ShellService: screenStateReceiver Received broadcast: com.oculus.intent.action.MOUNT_STATE_CHANGED
2026-03-09 04:57:02.902  3696  3696 I [SEO] ShellService: Received mount state changed, mounted = false
2026-03-09 04:57:02.902  3696  3696 D [SEO] ShellService: onMountStateChanged: false
2026-03-09 04:57:02.902  3696  3696 I [SEO] ShellApplicationJNI: NativeSendOverlayCommand
2026-03-09 04:57:02.902  1099  1866 D telemetry     : Transitioning to session state: Active Session, Headset Not In Use, from state Active Session, Headset In Use (donned and screen on)
2026-03-09 04:57:02.902  3696  3696 V DeviceLifecycleManager: Got action: com.oculus.intent.action.MOUNT_STATE_CHANGED
2026-03-09 04:57:02.902  3696  3696 V DeviceLifecycleManager: Mount state changed: isMounted = false
2026-03-09 04:57:02.902  1118  1118 D SensorClientUtils: Received power state from VRPM: STANDBY
2026-03-09 04:57:02.903  1118  1118 D PowerMonitor  : Received transition request from RUNNING to STANDBY
2026-03-09 04:57:02.903  1118  1118 D PowerMonitor  : Skipping no-op transition from RUNNING to STANDBY
2026-03-09 04:57:02.903  1118  1118 D TSAccess      : Apply power state 'Standby'
2026-03-09 04:57:02.903  2776  7729 D VrPowerManagerClient: Headset state: 2
2026-03-09 04:57:02.903  2776  7729 V ControllerNotifications: Handling unmount notification
2026-03-09 04:57:02.903   831  3506 E ACDB          : GetTagsFromGkvGetData:10387 Error[2]: Failed to sort Tag ID & def offset list
2026-03-09 04:57:02.903   831  3506 E ACDB          : BuildGetTagsFromGkvRsp:10535 Error[2]: Unable to get tagged module list
2026-03-09 04:57:02.903   831  3506 I ACDB          : BuildGetTagsFromGkvRsp:10545 No tags were found
2026-03-09 04:57:02.903   831  3506 I GPR           : : __gpr_cmd_register_v2:902 GPR Register: Source Port is 8208 heap_index: 0
2026-03-09 04:57:02.908     0     0 I init          : processing action (sys.hmt.mounted=0) from (/vendor/etc/init/hw/init.eureka.rc:15)
2026-03-09 04:57:02.908     0     0 I init          : processing action (sys.hmt.mounted=0) from (/vendor/etc/init/hw/init.anorak.rc:374)
2026-03-09 04:57:02.905   831  3506 E ACDB          : AcdbCmdGetProcSubgraphCalDataPersist:8217 Error[19]: No calibration found
2026-03-09 04:57:02.906   831  3506 D agm_client_wrapper: agm_session_open Received handle = 0x712650e580 , *handle = b4000071ba520400
2026-03-09 04:57:02.906   831  3506 D PLUGIN        : pcm: agm_pcm_hw_params: 477 agm_pcm_hw_params: mode: 268435456
2026-03-09 04:57:02.906   831  3506 E audio_route   : unable to find path 'vi-feedback'
2026-03-09 04:57:02.906  1087  6867 D AudioTrack    : stop(334): called with 11233 frames delivered
2026-03-09 04:57:02.908   831  3506 I PAL           : SessionAlsaUtils: setDeviceMediaConfig: 1048: TDM-LPAIF_WSA-RX-PRIMARY rate ch fmt data_fmt 48000 2 10 1
2026-03-09 04:57:02.908   831  3506 E PAL           : ResourceManager: voteSleepMonitor: 1758: ioctl device is not open
2026-03-09 04:57:02.909   831  3506 D agm_client_wrapper: agm_session_open called with handle = 2650e8f0 , *handle = 0
2026-03-09 04:57:02.910   831  3506 D AGM           : graph: graph_open: 630 miid 40bd mid 7001000 tag c0000002
2026-03-09 04:57:02.910   831  3506 D AGM           : graph: graph_open: 678 miid 4678 mid 700100e tag c0000004
2026-03-09 04:57:02.910   831  3506 I GPR           : : __gpr_cmd_register_v2:902 GPR Register: Source Port is 8209 heap_index: 0
2026-03-09 04:57:02.910   855   935 I Tracking      : boltlib: Initialized flatbuffers model dd_boltnn_delegate_batch_256
