2026-03-09 04:57:03.882   855  1746 W Tracking      : Vega: [INSIGHTS] Mode=DescriptorVega,3DoF,Agg=0s,Inl=-1,-1,-1,Mem=88.6,FrameDur=nan,nan,PoseLat=1.6,2.1,CamImuLat=24.8,24.8,Drops(Cam=0,IMU=0),MeanIr=432.0,Exp(0.0ms,g=0)(0.0ms,g=0)(9.2ms,g=13,I=59)(11.2ms,g=15,I=62)(0.0ms,g=0)(0.0ms,g=0),NonInertEnv=?
2026-03-09 04:57:03.882  2752  6895 D ControllerManagement: RemoteService::recordControllerStatusUpdate: device 0348e0779e9017c4: status: CONNECTED_ACTIVE tracking: NONE, errors: --
2026-03-09 04:57:03.885   855   935 I Tracking      : boltlib: Initialized flatbuffers model dpe_encoder_fusion_boltnn_delegate
2026-03-09 04:57:03.886   866  7029 I FrameSetDispatcher: [{WT(0,1):RAW10}] Client pid=1112 (MrSSCamS): Remove old Mux Mode 3: slot indices: SLOT_0 SLOT_2 
2026-03-09 04:57:03.886  1112  1711 I MRSS          : MIXEDREALITY: MrFrameSetConsumerBase: finishConfigurationUpdate: frameType=1 sensor_config_gamma=0.5 hardcoded_gamma(used_in_prod)=0.5.
2026-03-09 04:57:03.886  1112  1711 W MRSS          : MIXEDREALITY: CameraComputeCapability: WatchdogProbe: Frame Grayscale arrived after 209ms, expected max delay 45ms. 
2026-03-09 04:57:03.886   855   935 I Tracking      : NIMBLE:DPE_HandTracker: Model uses input format: v1; image format: quint8
2026-03-09 04:57:03.887   855   935 I Tracking      : NIMBLE:DPE_HandTracker: Finish initializing DPETorchModelV2
2026-03-09 04:57:03.887   855   935 I Tracking      : NIMBLE:PipelineAssetManager: [Prepare] Loading external motion model for DPE: /odm/etc/handtracking/runtime/eureka/experimental/experimental_emm/emm.pte
2026-03-09 04:57:03.887   855   935 E Tracking      : Executorch: program.cpp:261 !!DEPRECATED!! This branch is deprecated from ExecuTorch 0.7; re-export this PTE file to ensure support on newer runtimes.
2026-03-09 04:57:03.887   855   935 I Tracking      : BoltSDK::Soc: [EVENT] HexagonExecutorBackend: Hexagon ref count changed from 57 to 58
2026-03-09 04:57:03.887  1112  1236 I MRSS          : DEPTH: CvpPreprocessor: Warper has been successfully updated with online calibration.
2026-03-09 04:57:03.887  1112  1236 I MRSS          : WarpGridAndResampled: Resample warp grid using eva::WarpResampleGrid().
2026-03-09 04:57:03.887  1112  1236 D EVA           : File: vendor/qcom/proprietary/cv-noship/eva/3.0/src/cpu/evaWarpUtils.cpp Line: 60 Function: evaWarpResampleGrid() Msg: evaWarpResampleGrid() function returned 0
2026-03-09 04:57:03.887  1112  1236 I MRSS          : WarpGridAndResampled: Resample warp grid using eva::WarpResampleGrid().
2026-03-09 04:57:03.888  1112  1236 D EVA           : File: vendor/qcom/proprietary/cv-noship/eva/3.0/src/cpu/evaWarpUtils.cpp Line: 60 Function: evaWarpResampleGrid() Msg: evaWarpResampleGrid() function returned 0
2026-03-09 04:57:03.888  1112  1236 I MRSS          : MldComputer: updateFiltersAndRectifier
2026-03-09 04:57:03.888  1112  1236 I MRSS          : EurekaDisparityPipeline: Warper has been successfully updated with online calibration.
2026-03-09 04:57:03.895   855   935 I Tracking      : ExternalMotionModel: Executorch. Using CPU...
2026-03-09 04:57:03.895   855   935 I Tracking      : NIMBLE:PipelineAssetManager: Initializing DPE Postprocess Features
2026-03-09 04:57:03.895   855   935 I Tracking      : Executorch: RegisterDummyUtfBackend.cpp:13 UtfBackend not implemented, registration failed. Turing will not be used during runtime
2026-03-09 04:57:03.895   855   935 I Tracking      : Microgesture: [MGDebug] Loading MG model from "/odm/etc/handtracking/runtime/microgesture/MGV30MG.ptl", for BOTH hand(s), with receptive field 1, out frame size 1
2026-03-09 04:57:03.895   855   935 I Tracking      : Microgesture: Attempting to load the given MG model via `CorePredictor.
2026-03-09 04:57:03.901   855   935 I Tracking      : BoltSDK::Soc: [EVENT] TorchDelegate: Hexagon ref count changed from 58 to 59
2026-03-09 04:57:03.905   866  6872 I SyncBossInput : [info   ] [ruby (right) 0348e0779e9017c4]: 8356261 [info   ] {INPM}:       0 [info   ] {BOD }: BOD lev=7,reg=0x7000a
2026-03-09 04:57:03.906   855   935 I Tracking      : boltlib: Initialized flatbuffers model GraphModule
2026-03-09 04:57:03.908  1112  1236 I MRSS          : WarpGridAndResampled: Resample warp grid using eva::WarpResampleGrid().
2026-03-09 04:57:03.908  3696  4173 I OpenXR_Anchor : xrQuerySpacesFB: split anchor query enabled
2026-03-09 04:57:03.908  1112  1236 D EVA           : File: vendor/qcom/proprietary/cv-noship/eva/3.0/src/cpu/evaWarpUtils.cpp Line: 60 Function: evaWarpResampleGrid() Msg: evaWarpResampleGrid() function returned 0
2026-03-09 04:57:03.908  3696  4173 I [CT]          : SP:AF:InsightAnchorApi: QueryAnchorSpaces loadAndQueryAvailableAnchors flow. (task start) duration: 0.000000000 [sec], flags: 44, location: StorageLocation::LOCAL(1), method: 1, request: 4134, source: SourceType::LIVE_TRACKER(1)
2026-03-09 04:57:03.909   855   935 I RuntimeIPCSystem [RUNTIMEIPC]: RuntimeIPCSystem: Init called: Version: 84, Platform: Android, Build Date: Jan 19 2026, Build Time: 11:55:40, BuildMode: shared
2026-03-09 04:57:03.909  3696  5405 I [CT]          : RuntimeIpcHelper: RuntimeIpcClient::CALL_RPC isAsync: true, func: loadAvailableAnchors
2026-03-09 04:57:03.909  5279  6166 I [CT]          : SP:AP:AnchorPersistenceRuntimeIpcServer: checkRPC start: sessionUuid:c401f3bb-af84-68c4-787a-5fe720803f58, clientId:1869454968, givenPackageName:com.oculus.vrshell
2026-03-09 04:57:03.909  5279  6166 I [CT]          : SP:AP:AnchorPersistenceRuntimeIpcServer: checkPackageAccess - detectedPackageName:com.oculus.vrshell, detectedProcessName:com.oculus.vrshell, givenPackageName:com.oculus.vrshell
2026-03-09 04:57:03.909  5279  6166 I [CT]          : SP:AP:AnchorPersistenceRuntimeIpcServer: checkRPC package name matches: sessionUuid:c401f3bb-af84-68c4-787a-5fe720803f58, clientId:1869454968, givenPackageName:com.oculus.vrshell, detectedPackageName:com.oculus.vrshell, detectedProcessName:com.oculus.vrshell
2026-03-09 04:57:03.909  5279  6166 I [CT]          : SP:AP:AnchorPersistenceRuntimeIpcServer: queryAvailableAnchorsSMV2: clientId: 1869454968, maxAnchors: 500, filter: 0, queryMultipleRoomsEnabledByOpenXrVersion: true, source: 1, appId: com.oculus.vrshell
2026-03-09 04:57:03.909  5279  6166 I [CT]          : SP:AP:AnchorPersistenceConfig: getSceneRuntimePermissionEnabled: USE_SCENE permission is enabled on this device
2026-03-09 04:57:03.909  5279  6166 I [CT]          : SP:AP:AnchorPersistenceScenePermissions: hasClientGrantedScenePermission: USE_SCENE permission is enabled on this device, check client 1869454968, grant is true
2026-03-09 04:57:03.909  5279  6166 I [CT]          : SP:AP:AnchorPersistenceConfig: getSceneRuntimePermissionEnabled: USE_SCENE permission is enabled on this device
2026-03-09 04:57:03.909   855   935 I RipcClient [RUNTIMEIPC]: ConnectToServer: already connected: Client: native_process.system:/odm/bin/trackingservice:855, Server: ::0 (MrSystemServiceIPCServer)
2026-03-09 04:57:03.910  5279  6166 I [CT]          : SP:SceneAnchorFilterUtil: filterSceneDataByPermission: com.oculus.vrshell permission check passed, keep scene data. anchors size: 0
2026-03-09 04:57:03.910  3696  4569 I [CT]          : SP:AF:InsightAnchorApi: QueryAnchorSpaces (task finish) returnCode: AnchorResultCode::SUCCESS(0), numSpacesFound: 0, spacesFoundUuids: [], duration: 0.000000000 [sec], flags: 44, location: 1, method: 1, request: 4134
2026-03-09 04:57:03.912   855   935 D TrackingService: [HANDTRACKINGGLUE] resumeCapability
2026-03-09 04:57:03.913   866  1662 D CameraStream  : [hand] Client [Hand(855)] attempting start
2026-03-09 04:57:03.913   866  1662 I FrameSetDispatcher: [{WT:RAW10}] Client pid=855 (Hand): Client thread[{WT:RAW10}:Hand] started
2026-03-09 04:57:03.913   866  1662 I CameraClientManager: [Hand(855)][hand] client started (estimated 1 started clients total)
2026-03-09 04:57:03.913   866  1662 I CameraClientManager: [[Hand(855)][hand]] definitely starting stream
2026-03-09 04:57:03.913   866  1662 I SensorService : [worldTracking] Starting cameras for purpose hand
2026-03-09 04:57:03.913   866  1662 I NiceCameraSystem: FSC: Registering trigger syncboss log dump callback
2026-03-09 04:57:03.913   866  1662 I FrameSetCollator: [{WT:RAW10}] Skipping start, current start count: 2
2026-03-09 04:57:03.913   866  1662 I SensorService : [worldTracking] Starting camera streams for purpose: hand, current muxmode = 4
2026-03-09 04:57:03.913   866  1662 I CameraClientManager: [[Hand(855)][hand]] stream start completed
2026-03-09 04:57:03.913   866  1662 D CameraStream  : [hand] Client [Hand(855)]: start complete
2026-03-09 04:57:03.917  1112  1712 W MRSS          : MIXEDREALITY: CapabilityWorkExecutor: WatchdogProbe [mrss_compu_sys]: Capability Depth timed out, it's taking more than 30ms to complete, expected max 30ms. Total expirations: 1.
2026-03-09 04:57:03.917  1112  1712 E MRSS          : MUSTFIX: MIXEDREALITY.Executor: [Throttled count=9] [mrss_compu_sys] Timing out on Depth.
2026-03-09 04:57:03.920  1112  1711 W MRSS          : MIXEDREALITY: CameraComputeCapability: Page acquisition for frame Grayscale failed
2026-03-09 04:57:03.920  1112  1711 W MRSS          : MIXEDREALITY: ServiceLogic: onGrayscaleFramesetUpdateFromSensorsBegin: Failed to obtain page.
2026-03-09 04:57:03.920  1112  1711 W MRSS          : MIXEDREALITY: ServiceLogic: onFrameSetBegin: Skipping frame Grayscale.
2026-03-09 04:57:03.920  3696  4173 I [CT]          : SP:TREX:SpatialPersistencePlugin: Event type: 6
2026-03-09 04:57:03.920  3696  4173 I TREX          : Spatial Persistence event: QuerySpacesFinish
2026-03-09 04:57:03.921   855   935 I Tracking      : NIMBLE:HTEngineUtil: Loaded user profile path: /odm/etc/handtracking/runtime/common/defaultProfile.msgpack
2026-03-09 04:57:03.921  3407  4636 I InputDeviceManager: HANDTRACKING Root pose filter profile changed for freq to 15 from 14  inf: 1
2026-03-09 04:57:03.921  3407  4636 I InputDevice_Hand_Legacy: Legacy - Resetting hand Root pose filter enum to HandsMR30hzUpsamplingV80
2026-03-09 04:57:03.921  3407  4636 I InputDevice_Hand_Legacy: Legacy - Resetting hand Root pose filter enum to HandsMR30hzUpsamplingV80
2026-03-09 04:57:03.921  3407  4636 I TREX          : Interface 'BodyApiClientInterface', version 7 was not found. Check debug build for more information.
2026-03-09 04:57:03.922  3407  4636 I IStateMachineRecordKeeper: IStateMachineRecordKeeper::AddHistoryEntry TrackingLost: Transition  LostTransition -> Lost
2026-03-09 04:57:03.922  3407  4636 I GuardianTelemetry: [ovrStatsThreadGuardian::SendGuardianStateChangeTelemetry] Sending state change event TRACKING_LOST, dialog TRACKING_LOST_CONTINUE
2026-03-09 04:57:03.925   855  1753 W Tracking      : NIMBLE:UnifiedHandBodyEngine: Unable to acquire engine lock, abort onFrameSet() ...
2026-03-09 04:57:03.928  1112  1236 I MRSS          : WarpGridAndResampled: Resample warp grid using eva::WarpResampleGrid().
2026-03-09 04:57:03.930  1112  1236 D EVA           : File: vendor/qcom/proprietary/cv-noship/eva/3.0/src/cpu/evaWarpUtils.cpp Line: 60 Function: evaWarpResampleGrid() Msg: evaWarpResampleGrid() function returned 0
2026-03-09 04:57:03.934  1112  1236 W MRSS          : DEPTH: DepthSystemCoreImpl: WatchdogProbe: DepthSystemCoreImpl CorePreprocess completed in 46ms, expected max 15ms.
2026-03-09 04:57:03.934  1112  1236 E MRSS          : MUSTFIX: MIXEDREALITY.DepthSystemCoreImpl: [Throttled count=1] Final timeout: DepthSystemCoreImpl CorePreprocess completed in 46ms, expected max 15ms.
2026-03-09 04:57:03.935   855   935 I Tracking      : NIMBLE:UnifiedHandBodyTracking:ExposureControl: [Exposure] Settings: Algorithm nimble Mode low_exposure, initial exposure 0.004000000189989805, initial gain 4
2026-03-09 04:57:03.935   855   935 I Tracking      : NIMBLE:UnifiedHandBodyTracking:ExposureControl: [Exposure] Initializing hand auto exposure algorithm
2026-03-09 04:57:03.935   855   935 I Tracking      : NIMBLE:ExposureControl: Initializing exposure control unit for 4 cameras
2026-03-09 04:57:03.947  1112  1712 W MRSS          : MIXEDREALITY: CapabilityWorkExecutor: WatchdogProbe [mrss_compu_sys]: Capability Depth timed out, it's taking more than 60ms to complete, expected max 30ms. Total expirations: 2.
2026-03-09 04:57:03.948  1112  1236 I MRSS          : MIXEDREALITY: RectifiedCameraGeometry: Creating new rectified CameraGeometry
2026-03-09 04:57:03.948  1112  1236 I MRSS          : STEREO_RECTIFIER: Use pyramid camera model (crop=false): n/a
2026-03-09 04:57:03.948  1112  1236 I MRSS          : STEREO_RECTIFIER: defaultFocusDistanceMm_ for L/R Cameras is -1
2026-03-09 04:57:03.948  1112  1236 I MRSS          : MIXEDREALITY: DepthStatsCollector: sendTelemetry: Logging depth compute telemetry.
2026-03-09 04:57:03.949  1112  1236 W MRSS          : MIXEDREALITY: CapabilityWorkExecutor: WatchdogProbe [mrss_compu_sys]: Capability Depth completed in 61ms, expected max 30ms. Total expirations: 2.
2026-03-09 04:57:03.949  1112  1236 E MRSS          : MUSTFIX: MIXEDREALITY.Executor: [Throttled count=5] [mrss_compu_sys] Final Timeout on Depth. Capability Depth completed in 61ms, expected max 30ms. Total expirations: 2.
2026-03-09 04:57:03.949  1112  1236 W MRSS          : MIXEDREALITY: MrRuntimeCompute: Grayscale frame compute took 62.63 ms
2026-03-09 04:57:03.950   855  1746 W Tracking      : MatchOutlierRejection: Too few stereo matches for outlier rejection
2026-03-09 04:57:03.953   855   935 I Tracking      : NIMBLE:DPE_HandTracker: No user profile is provided, use the generic profile
2026-03-09 04:57:03.953   855   935 I Tracking      : NIMBLE:DPE_HandTracker: Using Multi-View Detector
2026-03-09 04:57:03.953   855   935 I Tracking      : NIMBLE:DPE_HandTracker: Using optimized resampling with modelTypes: 2G0YC1ZF9P0F61_0=4, 2G0YC1ZF9P0F61_1=4, 2G0YC1ZF9P0F61_2=4, 2G0YC1ZF9P0F61_3=4, 
2026-03-09 04:57:03.953   855   935 I Tracking      : UnifiedHandBody: [SurfaceInputs] Pipeline::populateSurfaceInputsContext(), SKB [callback=not null, enabled=false, need=false], STP [callback=not null, enabled=false, need=false]
2026-03-09 04:57:03.953   855   935 I Tracking      : NIMBLE:UnifiedHandBodyEngine: Initialized Hand Tracking Pipeline
2026-03-09 04:57:03.953  1112  7046 I MRSS          : MIXEDREALITY: GlProgram: OpenGL shader compilation and linking took: 1 ms
2026-03-09 04:57:03.953   855   935 I TrackingService: [                            hand] Power transition: STANDBY -> RUNNING transition time: 275 ms
2026-03-09 04:57:03.953   855   935 I TrackingService: [              selftracked_client] Power transition: STANDBY -> RUNNING transition time: 0 ms
2026-03-09 04:57:03.953   855   935 I TrackingService: [                            iobt] Power transition: STANDBY -> RUNNING transition time: 0 ms
2026-03-09 04:57:03.954  1112  7046 I MRSS          : MIXEDREALITY: GlProgram: OpenGL shader compilation and linking took: 0 ms
2026-03-09 04:57:03.954   866  1662 D CameraStream  : [object] Client [Obj(855)] attempting start
2026-03-09 04:57:03.954   866  1662 I FrameSetDispatcher: [{WT:RAW10}] Client pid=855 (Obj): Client thread[{WT:RAW10}:Obj] started
2026-03-09 04:57:03.954  1112  7046 I MRSS          : MIXEDREALITY: GlProgram: OpenGL shader compilation and linking took: 0 ms
2026-03-09 04:57:03.954   866  1662 I CameraClientManager: [Obj(855)][object] client started (estimated 1 started clients total)
2026-03-09 04:57:03.954   866  1662 I CameraClientManager: [[Obj(855)][object]] definitely starting stream
2026-03-09 04:57:03.954   866  1662 I SensorService : [worldTracking] Starting cameras for purpose object
2026-03-09 04:57:03.954   866  1662 I NiceCameraSystem: FSC: Registering trigger syncboss log dump callback
2026-03-09 04:57:03.955   866  1662 I FrameSetCollator: [{WT:RAW10}] Skipping start, current start count: 3
2026-03-09 04:57:03.955   866  1662 I SensorService : [worldTracking] Starting camera streams for purpose: object, current muxmode = 4
2026-03-09 04:57:03.955   866  1662 I CameraClientManager: [[Obj(855)][object]] stream start completed
2026-03-09 04:57:03.955   866  1662 D CameraStream  : [object] Client [Obj(855)]: start complete
2026-03-09 04:57:03.955   855   935 I TrackingService: [                          object] Power transition: STANDBY -> RUNNING transition time: 1 ms
2026-03-09 04:57:03.955   855   935 I TrackingService: [                      controller] Power transition: STANDBY -> RUNNING transition time: 0 ms
2026-03-09 04:57:03.956   866  1662 D CameraStream  : [exposure_control_worldTracking] Client [ExpCtl(855)] attempting start
2026-03-09 04:57:03.956   866  1662 I FrameSetDispatcher: [{WT:RAW10}] Client pid=855 (ExpCtl): Client thread[{WT:RAW10}:ExpC] started
2026-03-09 04:57:03.956   866  1662 I CameraClientManager: [ExpCtl(855)][exposure_control_worldTracking] client started (estimated 1 started clients total)
2026-03-09 04:57:03.956   866  1662 I CameraClientManager: [[ExpCtl(855)][exposure_control_worldTracking]] definitely starting stream
2026-03-09 04:57:03.956   866  1662 I SensorService : [worldTracking] Starting cameras for purpose exposure_control_worldTracking
2026-03-09 04:57:03.956   866  1662 I NiceCameraSystem: FSC: Registering trigger syncboss log dump callback
2026-03-09 04:57:03.956   866  1662 I FrameSetCollator: [{WT:RAW10}] Skipping start, current start count: 4
2026-03-09 04:57:03.956   866  1662 I SensorService : [worldTracking] Starting camera streams for purpose: exposure_control_worldTracking, current muxmode = 4
2026-03-09 04:57:03.956   866  1662 I CameraClientManager: [[ExpCtl(855)][exposure_control_worldTracking]] stream start completed
2026-03-09 04:57:03.956   866  1662 D CameraStream  : [exposure_control_worldTracking] Client [ExpCtl(855)]: start complete
2026-03-09 04:57:03.956   855   935 I TrackingService: [            ExposureControlCmmv2] Power transition: STANDBY -> RUNNING transition time: 1 ms
2026-03-09 04:57:03.956   866 16713 I SensorService : configDirectReport for channelHandle:1 sensorHandle:3 Rate:3
2026-03-09 04:57:03.957   855   935 I TrackingService: [                            face] Power transition: STANDBY -> RUNNING transition time: 0 ms
2026-03-09 04:57:03.957   855  6035 D TrackingService: Transition completed for NONE
2026-03-09 04:57:03.957   855  6035 D TrackingService: apply power state 'Standby'
2026-03-09 04:57:03.957   855  6035 D PowerMonitor  : Received transition request from RUNNING to STANDBY
2026-03-09 04:57:03.957   855  6035 D PowerMonitor  : Skipping no-op transition from RUNNING to STANDBY
2026-03-09 04:57:03.957   855  6035 D TrackingService: apply power state 'Running'
2026-03-09 04:57:03.957   855  6035 D PowerMonitor  : Received transition request from STANDBY to RUNNING
2026-03-09 04:57:03.958   855  1753 I Tracking      : NIMBLE:UnifiedHandBodyTracking:Personalization: startIfNeeded(): Success
2026-03-09 04:57:03.961  1112  1233 I MRSS          : MIXEDREALITY: PlaneFreeSpace: CameraHelpers: Update calibration with timestamp 1773050030
2026-03-09 04:57:03.961  1112  1236 I MRSS          : MIXEDREALITY: PlaneFreeSpace: PlaneFreespaceComputeCapability: [INSIGHTS] 1 input frames - 0 processed framesMax distance travelled: -1    [VOLUME]: # points integrated (avg): 0 - # points on body (avg): 0    [HEIGHTMAP]: Valid heightmap area (m^2) (avg): 0 - Invalid heightmap area (m^2) (avg): 0 - Floor area (m^2) (avg): 0 - Clutter area (m^2) (avg): 0    [SYSTEM]: Depth data processing freq: 0 - Pipeline processing time: 0 Floor update freq: 0 CPU System usage: 0,  Memory Usage: 0
2026-03-09 04:57:03.961  1112  1233 I MRSS          : MIXEDREALITY: PlaneFreeSpace: CameraHelpers: Downsampled depth camera. Original: 256x320  Downsampled: 128x160  PyramidLevel:1 
2026-03-09 04:57:03.961  1112  1236 I MRSS          : MIXEDREALITY: MrFeatureTelemetry: Number of frames processed for slam-based metrics: 0
2026-03-09 04:57:03.961   855  1753 I Tracking      : TRACKING: MrHandClient: [Throttled count=202] Hand PT mitigation - ptActive: true, dataUpToDate: true, connected: true, fidelityClientInitialized: true, fidelidyActive: true, camerasInitialized: true
2026-03-09 04:57:03.961   855  1753 I Tracking      : TRACKING: MrHandClient: PT is turned ON, start applying mitigation
2026-03-09 04:57:03.971   855  1753 I Tracking      : NIMBLE:UnifiedHandBodyTracking:ExposureControl: [Throttled count=51] FMM: enabled: true; active: false
2026-03-09 04:57:03.971   855  1753 I Tracking      : NIMBLE:UnifiedHandBodyTracking:ExposureControl: [Frame     1 camera 0] [HT] has_hand =  NO, irradiance_proxy =   1300.5, intensity =  117.0, exposure =  8.178ms, gain =   11
2026-03-09 04:57:03.971   855  1753 I Tracking      : NIMBLE:UnifiedHandBodyEngine: Pipeline Latency P50: 13.25ms; Capture Latency P50: 14.45ms [arrival:14.14ms|engine:0.28ms|process:0.03ms]
2026-03-09 04:57:03.971   855  1753 I Tracking      : NIMBLE:UnifiedHandBodyEngine: Pipeline Latency P95: 13.25ms; Capture Latency P95: 14.45ms [arrival:14.14ms|engine:0.28ms|process:0.03ms]
2026-03-09 04:57:03.971   855  1753 I Tracking      : NIMBLE:UnifiedHandBodyEngine: Hand Tracking Processed FPS = 0.00 Hz / Camera FPS = 0.00 Hz
2026-03-09 04:57:03.971  2341  3062 I ServiceInputManager: HANDTRACKING hand 0 status set to OutOfView
2026-03-09 04:57:03.971  2341  3062 I ServiceInputManager: HANDTRACKING hand 0 connected
2026-03-09 04:57:03.971  2341  3062 I ServiceInputManager: HANDTRACKING hand 1 status set to OutOfView
2026-03-09 04:57:03.971  2341  3062 I ServiceInputManager: HANDTRACKING hand 1 connected
2026-03-09 04:57:04.000  3696  6974 I RuntimeTelemetryThread: Time aligned, interrupted: 0
2026-03-09 04:57:04.005   855  1758 W Tracking      : KEYBOARD: Reset tracked objects due to non contiguous timestamps received, last=38434.855678000 [sec], now=38627.381310000 [sec]
2026-03-09 04:57:04.005   855  1758 I Tracking      : KEYBOARD: No HMD prediction for Object Tracking
2026-03-09 04:57:04.008  3696  4173 I OpenXR_Anchor : xrQuerySpacesFB: split anchor query enabled
2026-03-09 04:57:04.008  3696  4173 I [CT]          : SP:AF:InsightAnchorApi: QueryAnchorSpaces loadAndQueryAvailableAnchors flow. (task start) duration: 0.000000000 [sec], flags: 44, location: StorageLocation::LOCAL(1), method: 1, request: 4135, source: SourceType::LIVE_TRACKER(1)
2026-03-09 04:57:04.008  3696  4173 I [CT]          : SP:AP:AnchorPersistenceRuntimeIpcClient: loadAvailableAnchors: maxAnchors: 500, filter: 0, queryMultipleRoomsEnabledByOpenXrVersion: true, source: 1, appId: com.oculus.vrshell
2026-03-09 04:57:04.008  3696  5405 I [CT]          : RuntimeIpcHelper: RuntimeIpcClient::CALL_RPC isAsync: true, func: loadAvailableAnchors
2026-03-09 04:57:04.009  5279  6166 I [CT]          : SP:AP:AnchorPersistenceRuntimeIpcServer: checkRPC start: sessionUuid:c401f3bb-af84-68c4-787a-5fe720803f58, clientId:1869454968, givenPackageName:com.oculus.vrshell
2026-03-09 04:57:04.009  5279  6166 I [CT]          : SP:AP:AnchorPersistenceRuntimeIpcServer: checkPackageAccess - detectedPackageName:com.oculus.vrshell, detectedProcessName:com.oculus.vrshell, givenPackageName:com.oculus.vrshell
2026-03-09 04:57:04.009  5279  6166 I [CT]          : SP:AP:AnchorPersistenceRuntimeIpcServer: checkRPC package name matches: sessionUuid:c401f3bb-af84-68c4-787a-5fe720803f58, clientId:1869454968, givenPackageName:com.oculus.vrshell, detectedPackageName:com.oculus.vrshell, detectedProcessName:com.oculus.vrshell
2026-03-09 04:57:04.009  5279  6166 I [CT]          : SP:AP:AnchorPersistenceRuntimeIpcServer: queryAvailableAnchorsSMV2: clientId: 1869454968, maxAnchors: 500, filter: 0, queryMultipleRoomsEnabledByOpenXrVersion: true, source: 1, appId: com.oculus.vrshell
2026-03-09 04:57:04.009  5279  6166 I [CT]          : SP:SM:SceneManager: queryAvailableAnchors: maxAnchors: 500, filter: 0, queryMultipleRoomsEnabledByOpenXrVersion: true, source: 1, appId: com.oculus.vrshell
2026-03-09 04:57:04.009  5279  6166 I [CT]          : SP:AP:AnchorPersistenceConfig: getSceneRuntimePermissionEnabled: USE_SCENE permission is enabled on this device
2026-03-09 04:57:04.009  5279  6166 I [CT]          : SP:AP:AnchorPersistenceScenePermissions: hasClientGrantedScenePermission: USE_SCENE permission is enabled on this device, check client 1869454968, grant is true
2026-03-09 04:57:04.009  5279  6166 I [CT]          : SP:AP:AnchorPersistenceConfig: getSceneRuntimePermissionEnabled: USE_SCENE permission is enabled on this device
2026-03-09 04:57:04.010  5279  6166 I [CT]          : SP:SceneAnchorFilterUtil: filterSceneDataByPermission: com.oculus.vrshell permission check passed, keep scene data. anchors size: 0
2026-03-09 04:57:04.010  3696  4569 I [CT]          : SP:AF:InsightAnchorApi: QueryAnchorSpaces (task finish) returnCode: AnchorResultCode::SUCCESS(0), numSpacesFound: 0, spacesFoundUuids: [], duration: 0.000000000 [sec], flags: 44, location: 1, method: 1, request: 4135
2026-03-09 04:57:04.010  3696  4173 I [CT]          : SP:TREX:SpatialPersistencePlugin: Event type: 6
2026-03-09 04:57:04.010  3696  4173 I TREX          : Spatial Persistence event: QuerySpacesFinish
2026-03-09 04:57:04.024   834  2989 D vendor.qti.bluetooth@1.1-wake_lock: Release wakelock is released 
2026-03-09 04:57:04.119  3696  4173 I OpenXR_Anchor : xrQuerySpacesFB: split anchor query enabled
2026-03-09 04:57:04.119  3696  4173 I [CT]          : SP:AF:InsightAnchorApi: QueryAnchorSpaces loadAndQueryAvailableAnchors flow. (task start) duration: 0.000000000 [sec], flags: 44, location: StorageLocation::LOCAL(1), method: 1, request: 4136, source: SourceType::LIVE_TRACKER(1)
2026-03-09 04:57:04.119  3696  5405 I [CT]          : RuntimeIpcHelper: RuntimeIpcClient::CALL_RPC isAsync: true, func: loadAvailableAnchors
2026-03-09 04:57:04.120  5279  6166 I [CT]          : SP:AP:AnchorPersistenceRuntimeIpcServer: checkRPC start: sessionUuid:c401f3bb-af84-68c4-787a-5fe720803f58, clientId:1869454968, givenPackageName:com.oculus.vrshell
2026-03-09 04:57:04.120  5279  6166 I [CT]          : SP:AP:AnchorPersistenceRuntimeIpcServer: checkPackageAccess - detectedPackageName:com.oculus.vrshell, detectedProcessName:com.oculus.vrshell, givenPackageName:com.oculus.vrshell
2026-03-09 04:57:04.120  5279  6166 I [CT]          : SP:AP:AnchorPersistenceRuntimeIpcServer: checkRPC package name matches: sessionUuid:c401f3bb-af84-68c4-787a-5fe720803f58, clientId:1869454968, givenPackageName:com.oculus.vrshell, detectedPackageName:com.oculus.vrshell, detectedProcessName:com.oculus.vrshell
2026-03-09 04:57:04.120  5279  6166 I [CT]          : SP:AP:AnchorPersistenceRuntimeIpcServer: queryAvailableAnchorsSMV2: clientId: 1869454968, maxAnchors: 500, filter: 0, queryMultipleRoomsEnabledByOpenXrVersion: true, source: 1, appId: com.oculus.vrshell
2026-03-09 04:57:04.120  5279  6166 I [CT]          : SP:AP:AnchorPersistenceConfig: getSceneRuntimePermissionEnabled: USE_SCENE permission is enabled on this device
2026-03-09 04:57:04.120  5279  6166 I [CT]          : SP:AP:AnchorPersistenceScenePermissions: hasClientGrantedScenePermission: USE_SCENE permission is enabled on this device, check client 1869454968, grant is true
2026-03-09 04:57:04.120  5279  6166 I [CT]          : SP:AP:AnchorPersistenceConfig: getSceneRuntimePermissionEnabled: USE_SCENE permission is enabled on this device
2026-03-09 04:57:04.121  5279  6166 I [CT]          : SP:SceneAnchorFilterUtil: filterSceneDataByPermission: com.oculus.vrshell permission check passed, keep scene data. anchors size: 0
2026-03-09 04:57:04.121  3696  4569 I [CT]          : SP:AF:InsightAnchorApi: QueryAnchorSpaces (task finish) returnCode: AnchorResultCode::SUCCESS(0), numSpacesFound: 0, spacesFoundUuids: [], duration: 0.000000000 [sec], flags: 44, location: 1, method: 1, request: 4136
2026-03-09 04:57:04.121  3696  4173 I [CT]          : SP:TREX:SpatialPersistencePlugin: Event type: 6
2026-03-09 04:57:04.121  3696  4173 I TREX          : Spatial Persistence event: QuerySpacesFinish
2026-03-09 04:57:04.122  1099  1866 D telemetry-tokenbucket: Quota event rate (volume per 60 second) exceeds max, rejecting, process: com.facebook.spatial_persistence_service, rate: 34980 , max: 32001
2026-03-09 04:57:04.217   855  1746 I Tracking      : VioInitialization: Initialization Complete!
2026-03-09 04:57:04.219  3696  4173 I OpenXR_Anchor : xrQuerySpacesFB: split anchor query enabled
2026-03-09 04:57:04.219  3696  4173 I [CT]          : SP:AF:InsightAnchorApi: QueryAnchorSpaces loadAndQueryAvailableAnchors flow. (task start) duration: 0.000000000 [sec], flags: 44, location: StorageLocation::LOCAL(1), method: 1, request: 4137, source: SourceType::LIVE_TRACKER(1)
2026-03-09 04:57:04.219  3696  5405 I [CT]          : RuntimeIpcHelper: RuntimeIpcClient::CALL_RPC isAsync: true, func: loadAvailableAnchors
2026-03-09 04:57:04.220  5279  6166 I [CT]          : SP:AP:AnchorPersistenceRuntimeIpcServer: checkRPC start: sessionUuid:c401f3bb-af84-68c4-787a-5fe720803f58, clientId:1869454968, givenPackageName:com.oculus.vrshell
2026-03-09 04:57:04.220  5279  6166 I [CT]          : SP:AP:AnchorPersistenceRuntimeIpcServer: checkPackageAccess - detectedPackageName:com.oculus.vrshell, detectedProcessName:com.oculus.vrshell, givenPackageName:com.oculus.vrshell
2026-03-09 04:57:04.220  5279  6166 I [CT]          : SP:AP:AnchorPersistenceRuntimeIpcServer: checkRPC package name matches: sessionUuid:c401f3bb-af84-68c4-787a-5fe720803f58, clientId:1869454968, givenPackageName:com.oculus.vrshell, detectedPackageName:com.oculus.vrshell, detectedProcessName:com.oculus.vrshell
2026-03-09 04:57:04.220  5279  6166 I [CT]          : SP:AP:AnchorPersistenceRuntimeIpcServer: queryAvailableAnchorsSMV2: clientId: 1869454968, maxAnchors: 500, filter: 0, queryMultipleRoomsEnabledByOpenXrVersion: true, source: 1, appId: com.oculus.vrshell
2026-03-09 04:57:04.220  5279  6166 I [CT]          : SP:AP:AnchorPersistenceConfig: getSceneRuntimePermissionEnabled: USE_SCENE permission is enabled on this device
2026-03-09 04:57:04.220  5279  6166 I [CT]          : SP:AP:AnchorPersistenceScenePermissions: hasClientGrantedScenePermission: USE_SCENE permission is enabled on this device, check client 1869454968, grant is true
2026-03-09 04:57:04.220  5279  6166 I [CT]          : SP:AP:AnchorPersistenceConfig: getSceneRuntimePermissionEnabled: USE_SCENE permission is enabled on this device
2026-03-09 04:57:04.221   855  1746 I Tracking      : VEGA:HM:PERCEPTUAL: [38627.564 [sec]] State transition from NoTracking to 3DoF.
2026-03-09 04:57:04.221   855  1746 I Tracking      : VIPER: [EVENT] Tracking initialization complete.
2026-03-09 04:57:04.221  5279  6166 I [CT]          : SP:SceneAnchorFilterUtil: filterSceneDataByPermission: com.oculus.vrshell permission check passed, keep scene data. anchors size: 0
2026-03-09 04:57:04.222  3696  4569 I [CT]          : SP:AF:InsightAnchorApi: QueryAnchorSpaces (task finish) returnCode: AnchorResultCode::SUCCESS(0), numSpacesFound: 0, spacesFoundUuids: [], duration: 0.000000000 [sec], flags: 44, location: 1, method: 1, request: 4137
2026-03-09 04:57:04.222  3696  4173 I [CT]          : SP:TREX:SpatialPersistencePlugin: Event type: 6
2026-03-09 04:57:04.222  3696  4173 I TREX          : Spatial Persistence event: QuerySpacesFinish
2026-03-09 04:57:04.257   855  1746 I Tracking      : RateDownsampler: Entering Active Window
2026-03-09 04:57:04.259   866 16713 D CameraStream  : [ocal] Client [IOT(855)] attempting start
2026-03-09 04:57:04.259   866 16713 I FrameSetDispatcher: [{COL:FULPS}] Client pid=855 (IOT): Client thread[{COL:FULPS}:IOT] started
2026-03-09 04:57:04.259   866 16713 I CameraClientManager: [IOT(855)][ocal] client started (estimated 1 started clients total)
2026-03-09 04:57:04.259   866 16713 I CameraClientManager: [[IOT(855)][ocal]] definitely starting stream
2026-03-09 04:57:04.259   866 16713 I SensorService : [color] Starting cameras for purpose ocal
2026-03-09 04:57:04.259   866 16713 I FrameSetCollator: [{COL:FULPS}] Skipping start, current start count: 2
2026-03-09 04:57:04.259   866 16713 I SensorService : [color] Starting camera streams for purpose: ocal, current muxmode = 1
2026-03-09 04:57:04.259   866 16713 I CameraClientManager: [[IOT(855)][ocal]] stream start completed
2026-03-09 04:57:04.259   866 16713 D CameraStream  : [ocal] Client [IOT(855)]: start complete
2026-03-09 04:57:04.259   855  6880 W TrackingService: trying to start depth stream when 3-way OCal is not enabled
2026-03-09 04:57:04.263   855  1747 W TrackingService: 1 late Color frame set were dropped: timestamp 38627.631300, last release 38627.632300.
2026-03-09 04:57:04.286   864  6862 I VD628x        : Flicker results: freq 120.000000, max 119.952629, dcr 24.261162, pct 0.130708, idx 0.031108, conf 0.704721, snr 3.783376, svm 0.096744, sus 1
2026-03-09 04:57:04.288  3696  4734 W ShellHsr      : Renderer: RenderableFilter has 68 tags, which is more than 10. This is expected to be rare. If this becomes common, consider changing RenderableFilter logic to use something other than linear searches for filtering renderable tags (like registered bitsets).
2026-03-09 04:57:04.319  3696  4173 I OpenXR_Anchor : xrQuerySpacesFB: split anchor query enabled
2026-03-09 04:57:04.319  3696  4173 I [CT]          : SP:AF:InsightAnchorApi: QueryAnchorSpaces loadAndQueryAvailableAnchors flow. (task start) duration: 0.000000000 [sec], flags: 44, location: StorageLocation::LOCAL(1), method: 1, request: 4138, source: SourceType::LIVE_TRACKER(1)
2026-03-09 04:57:04.320  3696  5405 I [CT]          : RuntimeIpcHelper: RuntimeIpcClient::CALL_RPC isAsync: true, func: loadAvailableAnchors
2026-03-09 04:57:04.320  5279  6166 I [CT]          : SP:AP:AnchorPersistenceRuntimeIpcServer: checkRPC start: sessionUuid:c401f3bb-af84-68c4-787a-5fe720803f58, clientId:1869454968, givenPackageName:com.oculus.vrshell
2026-03-09 04:57:04.320  5279  6166 I [CT]          : SP:AP:AnchorPersistenceRuntimeIpcServer: checkPackageAccess - detectedPackageName:com.oculus.vrshell, detectedProcessName:com.oculus.vrshell, givenPackageName:com.oculus.vrshell
2026-03-09 04:57:04.320  5279  6166 I [CT]          : SP:AP:AnchorPersistenceRuntimeIpcServer: checkRPC package name matches: sessionUuid:c401f3bb-af84-68c4-787a-5fe720803f58, clientId:1869454968, givenPackageName:com.oculus.vrshell, detectedPackageName:com.oculus.vrshell, detectedProcessName:com.oculus.vrshell
2026-03-09 04:57:04.320  5279  6166 I [CT]          : SP:AP:AnchorPersistenceRuntimeIpcServer: queryAvailableAnchorsSMV2: clientId: 1869454968, maxAnchors: 500, filter: 0, queryMultipleRoomsEnabledByOpenXrVersion: true, source: 1, appId: com.oculus.vrshell
2026-03-09 04:57:04.320  5279  6166 I [CT]          : SP:AP:AnchorPersistenceConfig: getSceneRuntimePermissionEnabled: USE_SCENE permission is enabled on this device
2026-03-09 04:57:04.320  5279  6166 I [CT]          : SP:AP:AnchorPersistenceScenePermissions: hasClientGrantedScenePermission: USE_SCENE permission is enabled on this device, check client 1869454968, grant is true
2026-03-09 04:57:04.320  5279  6166 I [CT]          : SP:AP:AnchorPersistenceConfig: getSceneRuntimePermissionEnabled: USE_SCENE permission is enabled on this device
2026-03-09 04:57:04.321  5279  6166 I [CT]          : SP:SceneAnchorFilterUtil: filterSceneDataByPermission: com.oculus.vrshell permission check passed, keep scene data. anchors size: 0
2026-03-09 04:57:04.321  3696  4569 I [CT]          : SP:AF:InsightAnchorApi: QueryAnchorSpaces (task finish) returnCode: AnchorResultCode::SUCCESS(0), numSpacesFound: 0, spacesFoundUuids: [], duration: 0.000000000 [sec], flags: 44, location: 1, method: 1, request: 4138
2026-03-09 04:57:04.330   855  1746 I Tracking      : RateDownsampler: First Active Window frameset available. Window will remain active for 1 seconds
2026-03-09 04:57:04.333  3696  4173 I [CT]          : SP:TREX:SpatialPersistencePlugin: Event type: 6
2026-03-09 04:57:04.333  3696  4173 I TREX          : Spatial Persistence event: QuerySpacesFinish
2026-03-09 04:57:04.413   855  1738 I Tracking      : VEGA_MAPPER: == Initializing a new Map Context ==
2026-03-09 04:57:04.414   855  1738 I Tracking      : LocalizationStateMachine: Reset reloc timer for new frontend session and start relocalizing.
2026-03-09 04:57:04.414   855  1738 I Tracking      : LocalizationStateMachine: LocalizationStateMachine updated from NoAction to FineLocalizationOnly
2026-03-09 04:57:04.415  5279  6946 I [CT]          : SP:AP:AnchorPersistenceConfig: PreferencesManager: has_seen_spatial_data_sharing_notice_v2: true
2026-03-09 04:57:04.416  5279  6946 I [CT]          : SP:AP:AnchorPersistenceConfig: PreferencesManager: spatial_data_sharing_enabled: true
2026-03-09 04:57:04.416  5279  6946 I [CT]          : SP:AP:AnchorPersistenceConfig: getCloudPermissionEnabledVps: userPreference(anchor_persistence_cloud_anchor_service_enabled_vps)=true, cloudPermissionOverride: -1
2026-03-09 04:57:04.416  5279  7067 W ThreadHelpers [RUNTIMEIPC]: RuntimeIPC::SetName: thread name 'AsyncRequestWorker' was truncated to 'AsyncRequestWor'
2026-03-09 04:57:04.416  5279  7069 I [CT]          : SlamAnchorPersistenceRuntimeIpcClient: SlamAnchorPersistenceRuntimeIpcClient: Get Features Query took 0.000588438 s. Query timestamp = -1
2026-03-09 04:57:04.417  5279 16504 E [CT]          : SP:VpsModule:RequestHandler: Failed to get features query result, error code: ErrorSystemNotReady(-7). event uuid: de820a13-5218-988b-b49c-bf5e8c23e3f0
2026-03-09 04:57:04.417  5279 16504 I [CT]          : SP:VpsModule:RequestHandler: VPS request finished event uuid: de820a13-5218-988b-b49c-bf5e8c23e3f0
2026-03-09 04:57:04.417  5279 16504 E [CT]          : SP:VpsModule:TelemertyReporter: VPS request failed with vps error code: -30030 event uuid: de820a13-5218-988b-b49c-bf5e8c23e3f0
2026-03-09 04:57:04.426  5279  6230 I DynamicObjectClient: Query Dynamic Object Tracker anchors
2026-03-09 04:57:04.426  5279  6230 I DynamicObjectClient: Object in query has empty predictions or tracking flags
2026-03-09 04:57:04.430  3696  4173 I OpenXR_Anchor : xrQuerySpacesFB: split anchor query enabled
2026-03-09 04:57:04.430  3696  4173 I [CT]          : SP:AF:InsightAnchorApi: QueryAnchorSpaces loadAndQueryAvailableAnchors flow. (task start) duration: 0.000000000 [sec], flags: 44, location: StorageLocation::LOCAL(1), method: 1, request: 4139, source: SourceType::LIVE_TRACKER(1)
2026-03-09 04:57:04.430  3696  5405 I [CT]          : RuntimeIpcHelper: RuntimeIpcClient::CALL_RPC isAsync: true, func: loadAvailableAnchors
2026-03-09 04:57:04.431  5279  6166 I [CT]          : SP:AP:AnchorPersistenceRuntimeIpcServer: checkRPC start: sessionUuid:c401f3bb-af84-68c4-787a-5fe720803f58, clientId:1869454968, givenPackageName:com.oculus.vrshell
2026-03-09 04:57:04.431  5279  6166 I [CT]          : SP:AP:AnchorPersistenceRuntimeIpcServer: checkPackageAccess - detectedPackageName:com.oculus.vrshell, detectedProcessName:com.oculus.vrshell, givenPackageName:com.oculus.vrshell
2026-03-09 04:57:04.431  5279  6166 I [CT]          : SP:AP:AnchorPersistenceRuntimeIpcServer: checkRPC package name matches: sessionUuid:c401f3bb-af84-68c4-787a-5fe720803f58, clientId:1869454968, givenPackageName:com.oculus.vrshell, detectedPackageName:com.oculus.vrshell, detectedProcessName:com.oculus.vrshell
2026-03-09 04:57:04.431  5279  6166 I [CT]          : SP:AP:AnchorPersistenceRuntimeIpcServer: queryAvailableAnchorsSMV2: clientId: 1869454968, maxAnchors: 500, filter: 0, queryMultipleRoomsEnabledByOpenXrVersion: true, source: 1, appId: com.oculus.vrshell
2026-03-09 04:57:04.431  5279  6166 I [CT]          : SP:AP:AnchorPersistenceConfig: getSceneRuntimePermissionEnabled: USE_SCENE permission is enabled on this device
2026-03-09 04:57:04.431  5279  6166 I [CT]          : SP:AP:AnchorPersistenceScenePermissions: hasClientGrantedScenePermission: USE_SCENE permission is enabled on this device, check client 1869454968, grant is true
2026-03-09 04:57:04.431  5279  6166 I [CT]          : SP:AP:AnchorPersistenceConfig: getSceneRuntimePermissionEnabled: USE_SCENE permission is enabled on this device
2026-03-09 04:57:04.431  5279  6166 I [CT]          : SP:SceneAnchorFilterUtil: filterSceneDataByPermission: com.oculus.vrshell permission check passed, keep scene data. anchors size: 0
2026-03-09 04:57:04.432  3696  4569 I [CT]          : SP:AF:InsightAnchorApi: QueryAnchorSpaces (task finish) returnCode: AnchorResultCode::SUCCESS(0), numSpacesFound: 0, spacesFoundUuids: [], duration: 0.000000000 [sec], flags: 44, location: 1, method: 1, request: 4139
2026-03-09 04:57:04.432  3696  4173 I [CT]          : SP:TREX:SpatialPersistencePlugin: Event type: 6
2026-03-09 04:57:04.432  3696  4173 I TREX          : Spatial Persistence event: QuerySpacesFinish
2026-03-09 04:57:04.446   855  1738 I Tracking      : VEGA_LOCALIZER: Localized into root dfb89fc5
2026-03-09 04:57:04.483   855  1739 I Tracking      : AnchorCacheHelpers: Wrote Anchor Cache To Disk: 54 anchors 52 anchor loc edges 1 l1 loc edges
2026-03-09 04:57:04.485   855  6996 W Tracking      : CONSTELLATION_Right: [Throttled count=493] P+C Right: Could not retrieve 3dof fallback pose.
2026-03-09 04:57:04.510   855  1738 I Tracking      : VEGA_LOCALIZER: Localized into root dfb89fc5
2026-03-09 04:57:04.530   855  1746 I Tracking      : TrackedSubmapsBookkeeper: ViT submap Submap id = 0, version = 1418624031 detected.
2026-03-09 04:57:04.530   855  1746 I Tracking      : VioSubmapHelpers: Adding Submap id = 0, version = 1418624031 from reloc.
2026-03-09 04:57:04.531  3696  4173 I OpenXR_Anchor : xrQuerySpacesFB: split anchor query enabled
2026-03-09 04:57:04.531  3696  4173 I [CT]          : SP:AF:InsightAnchorApi: QueryAnchorSpaces loadAndQueryAvailableAnchors flow. (task start) duration: 0.000000000 [sec], flags: 44, location: StorageLocation::LOCAL(1), method: 1, request: 4140, source: SourceType::LIVE_TRACKER(1)
2026-03-09 04:57:04.531  3696  5405 I [CT]          : RuntimeIpcHelper: RuntimeIpcClient::CALL_RPC isAsync: true, func: loadAvailableAnchors
2026-03-09 04:57:04.531  5279  6166 I [CT]          : SP:AP:AnchorPersistenceRuntimeIpcServer: checkRPC start: sessionUuid:c401f3bb-af84-68c4-787a-5fe720803f58, clientId:1869454968, givenPackageName:com.oculus.vrshell
2026-03-09 04:57:04.531  5279  6166 I [CT]          : SP:AP:AnchorPersistenceRuntimeIpcServer: checkPackageAccess - detectedPackageName:com.oculus.vrshell, detectedProcessName:com.oculus.vrshell, givenPackageName:com.oculus.vrshell
2026-03-09 04:57:04.531  5279  6166 I [CT]          : SP:AP:AnchorPersistenceRuntimeIpcServer: checkRPC package name matches: sessionUuid:c401f3bb-af84-68c4-787a-5fe720803f58, clientId:1869454968, givenPackageName:com.oculus.vrshell, detectedPackageName:com.oculus.vrshell, detectedProcessName:com.oculus.vrshell
2026-03-09 04:57:04.531  5279  6166 I [CT]          : SP:AP:AnchorPersistenceRuntimeIpcServer: queryAvailableAnchorsSMV2: clientId: 1869454968, maxAnchors: 500, filter: 0, queryMultipleRoomsEnabledByOpenXrVersion: true, source: 1, appId: com.oculus.vrshell
2026-03-09 04:57:04.531  5279  6166 I [CT]          : SP:AP:AnchorPersistenceConfig: getSceneRuntimePermissionEnabled: USE_SCENE permission is enabled on this device
2026-03-09 04:57:04.531  5279  6166 I [CT]          : SP:AP:AnchorPersistenceScenePermissions: hasClientGrantedScenePermission: USE_SCENE permission is enabled on this device, check client 1869454968, grant is true
2026-03-09 04:57:04.531  5279  6166 I [CT]          : SP:AP:AnchorPersistenceConfig: getSceneRuntimePermissionEnabled: USE_SCENE permission is enabled on this device
2026-03-09 04:57:04.533  5279  6166 I [CT]          : SP:SceneAnchorFilterUtil: filterSceneDataByPermission: com.oculus.vrshell permission check passed, keep scene data. anchors size: 0
2026-03-09 04:57:04.533  3696  4569 I [CT]          : SP:AF:InsightAnchorApi: QueryAnchorSpaces (task finish) returnCode: AnchorResultCode::SUCCESS(0), numSpacesFound: 0, spacesFoundUuids: [], duration: 0.000000000 [sec], flags: 44, location: 1, method: 1, request: 4140
2026-03-09 04:57:04.534  3696  4173 I [CT]          : SP:TREX:SpatialPersistencePlugin: Event type: 6
2026-03-09 04:57:04.534  3696  4173 I TREX          : Spatial Persistence event: QuerySpacesFinish
2026-03-09 04:57:04.557   866  7000 W FrameSetDispatcher: [{WT:RAW10}] Client pid=855 (IOT): client is taking longer than 33ms to return FrameSets (1x in the past 1.172s)
2026-03-09 04:57:04.559   855  1746 I Tracking      : VEGA:HM:MAP_TRACKING: Submap Submap id = 0, version = 1418624031 valid, start tracking.
2026-03-09 04:57:04.559   855  1746 I Tracking      : VEGA:HM:PERCEPTUAL: [38627.897 [sec]] Good tracking while exposing 3DoF, waiting 0.45 more seconds.
2026-03-09 04:57:04.559   855  1746 I Tracking      : TrackedSubmapsBookkeeper: ViT completed successfully
2026-03-09 04:57:04.560   855  1738 I Tracking      : LOCALIZER_KPI_TELEMETRY_LOGGER: Relocalization + ViT succeeded on submap ca5e6b1c-5d1f-b454-3751-2c7e4b3065da. We are now successfully tracking root node dfb89fc5-24eb-b842-9202-20165a92f371.
2026-03-09 04:57:04.561   855  1738 I Tracking      : VEGA_MAPPER: == Switching Map Context from 00000000 to dfb89fc5 ==
2026-03-09 04:57:04.561   855  1738 I Tracking      : LocalizationStateMachine: LocalizationStateMachine updated from FineLocalizationOnly to NoAction
2026-03-09 04:57:04.564   855  1738 I Tracking      : AnchorManagerHelpers: [EVENT] Gained map tracking. placeAnchor() will now work.
2026-03-09 04:57:04.596   855  1746 I Tracking      : VioSubmapHelpers: Initializing Submap id = 1, version = 348794680 relative to Submap id = 0, version = 1418624031.
2026-03-09 04:57:04.597   855  1746 I Tracking      : VioSubmapHelpers: Initializing Submap id = 2, version = 343739564 relative to Submap id = 0, version = 1418624031.
2026-03-09 04:57:04.613   855  1746 I Tracking      : VEGA:HM:PERCEPTUAL: [38627.964 [sec]] Good tracking while exposing 3DoF, waiting 0.38 more seconds.
2026-03-09 04:57:04.614   855  1746 I Tracking      : PERCEPTION:SMOOTH_WORLD: ts = 38627.96462. Reset smooth world. Reason: TransformSmoother RelocTrigger NotShowing6DoF 
2026-03-09 04:57:04.614   855  1746 I Tracking      : PERCEPTION:SMOOTH_WORLD: ts = 38627.96462. Reset smooth world. Reason: TransformSmoother StationaryUuid Changed NotShowing6DoF Stationary Recovers Tracking
2026-03-09 04:57:04.615  1112  7040 I RipcClient [RUNTIMEIPC]: InitServerStateBuffer: SUCCESS. 0, Client: native_process.system:/system_ext/bin/mrsystemservice:1112, Server: native_process.system:/odm/bin/trackingservice:0 (MapperOperationsServer)
2026-03-09 04:57:04.631  3696  4173 I OpenXR_Anchor : xrQuerySpacesFB: split anchor query enabled
2026-03-09 04:57:04.631  3696  4173 I [CT]          : SP:AF:InsightAnchorApi: QueryAnchorSpaces loadAndQueryAvailableAnchors flow. (task start) duration: 0.000000000 [sec], flags: 44, location: StorageLocation::LOCAL(1), method: 1, request: 4141, source: SourceType::LIVE_TRACKER(1)
2026-03-09 04:57:04.631  3696  5405 I [CT]          : RuntimeIpcHelper: RuntimeIpcClient::CALL_RPC isAsync: true, func: loadAvailableAnchors
2026-03-09 04:57:04.632  5279  6166 I [CT]          : SP:AP:AnchorPersistenceRuntimeIpcServer: checkRPC start: sessionUuid:c401f3bb-af84-68c4-787a-5fe720803f58, clientId:1869454968, givenPackageName:com.oculus.vrshell
2026-03-09 04:57:04.632  5279  6166 I [CT]          : SP:AP:AnchorPersistenceRuntimeIpcServer: checkPackageAccess - detectedPackageName:com.oculus.vrshell, detectedProcessName:com.oculus.vrshell, givenPackageName:com.oculus.vrshell
2026-03-09 04:57:04.632  5279  6166 I [CT]          : SP:AP:AnchorPersistenceRuntimeIpcServer: checkRPC package name matches: sessionUuid:c401f3bb-af84-68c4-787a-5fe720803f58, clientId:1869454968, givenPackageName:com.oculus.vrshell, detectedPackageName:com.oculus.vrshell, detectedProcessName:com.oculus.vrshell
2026-03-09 04:57:04.632  5279  6166 I [CT]          : SP:AP:AnchorPersistenceRuntimeIpcServer: queryAvailableAnchorsSMV2: clientId: 1869454968, maxAnchors: 500, filter: 0, queryMultipleRoomsEnabledByOpenXrVersion: true, source: 1, appId: com.oculus.vrshell
2026-03-09 04:57:04.632  5279  6166 I [CT]          : SP:AP:AnchorPersistenceConfig: getSceneRuntimePermissionEnabled: USE_SCENE permission is enabled on this device
2026-03-09 04:57:04.632  5279  6166 I [CT]          : SP:AP:AnchorPersistenceScenePermissions: hasClientGrantedScenePermission: USE_SCENE permission is enabled on this device, check client 1869454968, grant is true
2026-03-09 04:57:04.632  5279  6166 I [CT]          : SP:AP:AnchorPersistenceConfig: getSceneRuntimePermissionEnabled: USE_SCENE permission is enabled on this device
2026-03-09 04:57:04.633  5279  6166 I [CT]          : SP:SceneAnchorFilterUtil: filterSceneDataByPermission: com.oculus.vrshell permission check passed, keep scene data. anchors size: 0
2026-03-09 04:57:04.634  3696  4569 I [CT]          : SP:AF:InsightAnchorApi: QueryAnchorSpaces (task finish) returnCode: AnchorResultCode::SUCCESS(0), numSpacesFound: 0, spacesFoundUuids: [], duration: 0.000000000 [sec], flags: 44, location: 1, method: 1, request: 4141
2026-03-09 04:57:04.636  1112  1233 I MRSS          : MIXEDREALITY: MrFeatureTelemetry: Processing 46 map points for slam-based metrics for timestamp 49412.007127.
2026-03-09 04:57:04.639  1112  1233 I MRSS          : MIXEDREALITY: MrFeatureTelemetry: Passthrough Slam-based mesh metrics for telemetry completed. 49412.007127
2026-03-09 04:57:04.643  3696  4173 I [CT]          : SP:TREX:SpatialPersistencePlugin: Event type: 6
2026-03-09 04:57:04.644  3696  4173 I TREX          : Spatial Persistence event: QuerySpacesFinish
2026-03-09 04:57:04.678   855  1746 I Tracking      : VEGA:HM:PERCEPTUAL: [38628.031 [sec]] Good tracking while exposing 3DoF, waiting 0.32 more seconds.
