2026-03-09 04:57:03.280  5279  6166 I [CT]          : SP:AP:AnchorPersistenceRuntimeIpcServer: checkRPC package name matches: sessionUuid:c401f3bb-af84-68c4-787a-5fe720803f58, clientId:1869454968, givenPackageName:com.oculus.vrshell, detectedPackageName:com.oculus.vrshell, detectedProcessName:com.oculus.vrshell
2026-03-09 04:57:03.280  5279  6166 I [CT]          : SP:AP:AnchorPersistenceRuntimeIpcServer: queryAvailableAnchorsSMV2: clientId: 1869454968, maxAnchors: 500, filter: 0, queryMultipleRoomsEnabledByOpenXrVersion: true, source: 1, appId: com.oculus.vrshell
2026-03-09 04:57:03.280  5279  6166 I [CT]          : SP:AP:AnchorPersistenceConfig: getSceneRuntimePermissionEnabled: USE_SCENE permission is enabled on this device
2026-03-09 04:57:03.280  5279  6166 I [CT]          : SP:AP:AnchorPersistenceScenePermissions: hasClientGrantedScenePermission: USE_SCENE permission is enabled on this device, check client 1869454968, grant is true
2026-03-09 04:57:03.280  5279  6166 I [CT]          : SP:AP:AnchorPersistenceConfig: getSceneRuntimePermissionEnabled: USE_SCENE permission is enabled on this device
2026-03-09 04:57:03.280  3696  4606 W ShellHsr      : Core: PerformanceMonitor: hitch frames detected of 100000000 ns
2026-03-09 04:57:03.281  3696  4173 I ShellHsr      : Config: ConfigChanged: horizon::embodiment::EmbodimentConfig v81 (LocalConfigChange)
2026-03-09 04:57:03.281  3696  4173 I ShellHsr      : Config: ConfigChanged: horizon::avatar::AvatarConfig v101 (LocalConfigChange)
2026-03-09 04:57:03.281  3696  4173 E ShellHsr      : Avatar: avatarState.avatarId is invalid, aborting prePhysicsSystem
2026-03-09 04:57:03.281  3696  4173 E ShellHsr      : Avatar: avatarState.avatarId is invalid, aborting postFinalizedTransformsSystem
2026-03-09 04:57:03.282  3696  4173 W ShellHsr      : Task: postFrameJobsOutstanding exceeds nominal limit 72636 > 20, this likely means there is a problem in execution
2026-03-09 04:57:03.282  3696  4173 I [SEO] TelemetryProvider: Reporting wake time 439
2026-03-09 04:57:03.282  3696  4734 W ShellHsr      : Renderer: RenderableFilter has 68 tags, which is more than 10. This is expected to be rare. If this becomes common, consider changing RenderableFilter logic to use something other than linear searches for filtering renderable tags (like registered bitsets).
2026-03-09 04:57:03.282  3696  4173 I VrRuntimeClient: UpdateEvents: Detected LOCAL_FLOOR reference space update. Sending reference space update event
2026-03-09 04:57:03.282  3696  4173 I VrRuntimeClient: UpdateEvents: Detected LOCAL reference space update. Sending reference space update event
2026-03-09 04:57:03.282  3696  4173 I Shell         : BaseApp : hibernate event recorded: eh=HBNT,UNHI,HBNT,UNHI,HBNT,UNHI,HBNT,UNHI,HBNT,UNHI,HBNT,UNHI,HBNT,UNHI,HBNT,UNHI  et=05be46fa,05bf5e9d,05bfe81a,05bff991,05c21e16,05c7fe57,05c8f7c4,05cf2dec,05d2c2a2,05e64754,05e885bd,05e935db,05edce14,05f839a8,05f93fe5,05fc2d29,
2026-03-09 04:57:03.282  3696  4173 I Shell         : copresence: microphone state transition, unpaused
2026-03-09 04:57:03.282  3696  4173 I Shell         : copresence: observed mic mute state changed: isMuted=0, updated PlayerAudioComponent
2026-03-09 04:57:03.282  3696  4173 I [SEO] ShellApp: Microphone state changed: unmuted
2026-03-09 04:57:03.282  3696  4173 I [SEO] ShellApplication: Native microphone state changed: false
2026-03-09 04:57:03.282  3696  4173 I [SEO] ShellApplication: Sent microphone state broadcast: isMuted=false
2026-03-09 04:57:03.283  3696  4173 I Shell         : LocalHsrAvatarSystem::setLocalUserInactive(): inactive = 0
2026-03-09 04:57:03.283  3696  4173 I Shell         : HsrSoundSystem::_updateAudioSuspendResume Resuming audio
2026-03-09 04:57:03.283  3696  4173 I ShellHsr      : Audio: Resuming Audio framework without deferral
2026-03-09 04:57:03.283  3696  3696 D AudioService  : Received native microphone state change: false
2026-03-09 04:57:03.283  3696  3696 D AudioService  : Updated cached mute state to: false
2026-03-09 04:57:03.283  3696  6977 I FenceChecker  : FenceChecker::MainLoop - started
2026-03-09 04:57:03.284  3696  4173 I AAudio        : AAudioStreamBuilder_openStream() called ----------------------------------------
2026-03-09 04:57:03.284  3696  4173 I AudioStreamBuilder: rate   =      0, channels  = 0, channelMask = 0, format   = 0, sharing = SH, dir = OUTPUT
2026-03-09 04:57:03.284  3696  4173 I AudioStreamBuilder: device =      0, sessionId = -1, perfMode = 12, callback: OFF with frames = 0
2026-03-09 04:57:03.284  3696  4173 I AudioStreamBuilder: usage  =     14, contentType = 0, inputPreset = 0, allowedCapturePolicy = 0
2026-03-09 04:57:03.284  3696  4173 I AudioStreamBuilder: privacy sensitive = false, opPackageName = (null), attributionTag = (null)
2026-03-09 04:57:03.284  3696  4173 D AudioStreamBuilder: build() disable aaudio output mmap via gk
2026-03-09 04:57:03.284  3696  4173 D .oculus.vrshell: PlayerBase::PlayerBase()
2026-03-09 04:57:03.284  5279  6166 I [CT]          : SP:SceneAnchorFilterUtil: filterSceneDataByPermission: com.oculus.vrshell permission check passed, keep scene data. anchors size: 0
2026-03-09 04:57:03.284  3696  4173 D AudioStreamTrack: open(), request notificationFrames = 0, frameCount = 0
2026-03-09 04:57:03.284  3696  4173 W AudioTrack    : createTrack_l(0): AUDIO_OUTPUT_FLAG_FAST denied by client, not shared buffer and transfer = TRANSFER_SYNC
2026-03-09 04:57:03.285  3696  4569 I [CT]          : SP:AF:InsightAnchorApi: QueryAnchorSpaces (task finish) returnCode: AnchorResultCode::SUCCESS(0), numSpacesFound: 0, spacesFoundUuids: [], duration: 0.000000000 [sec], flags: 44, location: 1, method: 1, request: 4127
2026-03-09 04:57:03.285  2341  6890 I PassthroughInCompositor: Passthrough start/stop request: 0->1 succeeded
2026-03-09 04:57:03.285  2341  6890 I PassthroughInCompositor: Passthrough changeMode request: 0->2, isFailureRetry: 0
2026-03-09 04:57:03.285  1112  2879 I MRSS          : MIXEDREALITY: MrSystemServiceIPCServer: ChangeMrCapabilityStatusNonBlocking: client 4152369752, capability Passthrough, command 1.
2026-03-09 04:57:03.285  1112  2879 D MrSystemService: MrVisionManager resume.
2026-03-09 04:57:03.285   856  1025 E perfservice   : End applying 'START_HINT' from hint 'VR_MODE_CPU_4' - Failed after 5 retries - Latency: 38.132ms
2026-03-09 04:57:03.285   856  1025 E perfservice   : >> Failed final validation: /sys/block/dm-0/queue/read_ahead_kb=512
2026-03-09 04:57:03.285   856  1025 E perfservice   : >> Failed final validation: /sys/block/dm-1/queue/read_ahead_kb=512
2026-03-09 04:57:03.286   866  1662 D CameraStream  : [passthrough] Client [MrSSCamS(1112)] attempting start
2026-03-09 04:57:03.286   866  1662 I FrameSetDispatcher: [{COL:FULPS}] Client pid=1112 (MrSSCamS): Client thread[{COL:FULPS}:MrS] started
2026-03-09 04:57:03.286   866  1662 I CameraClientManager: [MrSSCamS(1112)][passthrough] client started (estimated 1 started clients total)
2026-03-09 04:57:03.286   866  1662 I CameraClientManager: [[MrSSCamS(1112)][passthrough]] definitely starting stream
2026-03-09 04:57:03.286   866  1662 I SensorService : [color] Starting cameras for purpose passthrough
2026-03-09 04:57:03.286   866  1662 I XrCameraHal   : XrCameraPhysical.cpp:EnableCamera: Camera 4 EnableCamera
2026-03-09 04:57:03.286   866  1662 E XrCameraHal   : Xr3AManager.cpp:getDacModel: camId 4 afCal Slope is 0, invalid calibration
2026-03-09 04:57:03.286   866  1662 I XrCameraHal   : Xr3AManager.cpp:onCameraEnabled: Camera 4 enabled for 3A processing
2026-03-09 04:57:03.286   866  1662 I XrCameraHal   : XrCameraLogical.cpp:onEnableCamera: Camera (logical) 6 is using camera3
2026-03-09 04:57:03.286   895  4523 W AudioFlinger  : createTrack_l(): mismatch between requested flags (00000100) and output flags (00000006)
2026-03-09 04:57:03.287  1576  1576 I SDM           : ResourceImpl::SetMaxBandwidthMode: new bandwidth mode=1
2026-03-09 04:57:03.287  1576  1576 I SDM           : ResourceAlloc::SetMaxBandwidthMode: new bandwidth mode=1
2026-03-09 04:57:03.287   866  1662 I XrCameraHal   : XrStreamManager.cpp:configureStreams: Camera (logical) 6 configuring streams
2026-03-09 04:57:03.289   895  4523 D AudioFlinger  : Client defaulted notificationFrames to 962 for frameCount 2886
2026-03-09 04:57:03.290   866  1662 I VrSensors-HidlWrapper: Create IMU Sensor using fmq
2026-03-09 04:57:03.290   866  1662 I VrSensors-HidlWrapper: Create IMU Sensor using fmq
2026-03-09 04:57:03.292   895  4523 I EpsMixer      : [13] registerSessionTrack session(2177) track(339)
2026-03-09 04:57:03.293   866  1662 E [IspController]: Failed to get sensor foveation mode
2026-03-09 04:57:03.294  3696  4173 I AudioTrack    : registerVolumetricWindowToken_l session=2177 token=0x7832e978c0 force=true
2026-03-09 04:57:03.294  3696  4173 I AudioTrack    : setPackageForSession_l session=2177 packageName=
2026-03-09 04:57:03.294  3696  4173 W AudioTrack    : setPackageForSession_l: packageName is empty
2026-03-09 04:57:03.294  3696  4173 D AudioStreamTrack: open() flags changed from 0x00000104 to 0x00000000
2026-03-09 04:57:03.294  3696  4173 D AudioStreamTrack: open() perfMode changed from 12 to 10
2026-03-09 04:57:03.294  3696  4173 D AAudioStream  : setState(s#131) from 0 to 2
2026-03-09 04:57:03.295  3696  4173 I AAudio        : AAudioStreamBuilder_openStream() returns 0 = AAUDIO_OK for s#131 ----------------
2026-03-09 04:57:03.295   855   935 I Tracking      : boltlib: Initialized flatbuffers model dpr_process_body_delegate
2026-03-09 04:57:03.295   855   935 I Tracking      : BOLT:TorchDelegate: Input buffers were registered successfully for model dpr_process_body_delegate.
2026-03-09 04:57:03.295   895 19932 D EpsMessageChannelService: write: MessageChannelService binder write received for session(2177), param(3), binder val(0xb40000799efecaf0)
2026-03-09 04:57:03.295   895 19932 D EpsMessageChannelService: write: MessageChannelService volumetric token association received for session(2177), param(3), token(9f59b215-1533-42c4-a864-2d24e698e8a6)
2026-03-09 04:57:03.296  2341  6890 I ProxyToPassthroughLayerProcessor: Layer without color map style
2026-03-09 04:57:03.296  2341  6890 I ProxyToPassthroughLayerProcessor: ProcessPTProxyLayers: In/Out=1/1 PTApiLCnt=1 skipped=0
2026-03-09 04:57:03.296  2341  6890 I CompositorVR  : Passthrough usage state changed: app 0, guardian 0, shell 1, system 0, mask 0, surface_proj 0
2026-03-09 04:57:03.296  2341  6890 I CompositorVR  : Overall Passthrough usage state changed to used
2026-03-09 04:57:03.296  2341  6890 W PassthroughInCompositorRenderer: PTINC: No valid textures
2026-03-09 04:57:03.296  2341  6890 W PassthroughInCompositor: PTINC: Passthrough has not received valid images. Skip rendering.
2026-03-09 04:57:03.296  2341  6890 W PassthroughInCompositorRenderer: PTINC: SkipLayer due to invalid render data.
2026-03-09 04:57:03.297   855   935 I Tracking      : INPUT_TRACKING: Pipeline reset.
2026-03-09 04:57:03.297   855   935 I Tracking      : INPUT_TRACKING_ENGINE: InputTrackingEngine::onStart(): Lock acquired on controller status cache.
2026-03-09 04:57:03.297   855   935 I Tracking      : INPUT_TRACKING_ENGINE: InputTrackingEngine::updateControllerStatusInternal(): Status Cache requesting to deactivate device 0xbd69859b0f857714.
2026-03-09 04:57:03.297   855   935 I Tracking      : INPUT_TRACKING_ENGINE: InputTrackingEngine::updateControllerStatusInternal(): (Status Cache) Device 0xbd69859b0f857714 is registered. Update controller status.
2026-03-09 04:57:03.297   855   935 I Tracking      : INPUT_TRACKING: PipelineInterface setTrackedObjectStatus(0xbd69859b0f857714, false)
2026-03-09 04:57:03.297   855   935 I Tracking      : INPUT_TRACKING_ENGINE: Controller status cache failed to set status to false for device 0xbd69859b0f857714. This is normal.
2026-03-09 04:57:03.297   855   935 I Tracking      : INPUT_TRACKING_ENGINE: InputTrackingEngine::updateControllerStatusInternal(): Status Cache requesting to deactivate device 0x348e0779e9017c4.
2026-03-09 04:57:03.297   855   935 I Tracking      : INPUT_TRACKING_ENGINE: InputTrackingEngine::updateControllerStatusInternal(): (Status Cache) Device 0x348e0779e9017c4 is registered. Update controller status.
2026-03-09 04:57:03.297   855   935 I Tracking      : INPUT_TRACKING: PipelineInterface setTrackedObjectStatus(0x348e0779e9017c4, false)
2026-03-09 04:57:03.297   855   935 I Tracking      : INPUT_TRACKING_ENGINE: Controller status cache failed to set status to false for device 0x348e0779e9017c4. This is normal.
2026-03-09 04:57:03.297   855   935 I Tracking      : INPUT_TRACKING_ENGINE: InputTrackingEngine::onStart(): Done.
2026-03-09 04:57:03.297   856  1025 E perfservice   : End applying 'START_HINT' from hint 'FLOAT_PANEL_APPS_PRIME' - Failed after 5 retries - Latency: 49.950ms
2026-03-09 04:57:03.297   856  1025 E perfservice   : >> Failed final validation: /sys/block/dm-0/queue/read_ahead_kb=512
2026-03-09 04:57:03.297   856  1025 E perfservice   : >> Failed final validation: /sys/block/dm-1/queue/read_ahead_kb=512
2026-03-09 04:57:03.297   855   935 I TrackingService: [                   constellation] Power transition: SLEEP -> STANDBY transition time: 142 ms
2026-03-09 04:57:03.297   855   935 D TrackingService: [HANDTRACKINGGLUE] sleepToStandby
2026-03-09 04:57:03.298   855   935 I TrackingService: [                            hand] Power transition: SLEEP -> STANDBY transition time: 0 ms
2026-03-09 04:57:03.298   855   935 I Tracking      : SelftrackedHeadsetSide: onStart
2026-03-09 04:57:03.298   855   935 I TrackingService: [              selftracked_client] Power transition: SLEEP -> STANDBY transition time: 0 ms
2026-03-09 04:57:03.298   855   935 I TrackingService: [                            iobt] Power transition: SLEEP -> STANDBY transition time: 0 ms
2026-03-09 04:57:03.299  2341  6890 I ClientSurface : ClientSurface.SetOvrState: vr_compositor_4128x2208 ovrState=16
2026-03-09 04:57:03.299  2341  6890 I ClientSurface : ClientSurface.SetOvrState: vr_compositor_protected_4128x2208 ovrState=16
2026-03-09 04:57:03.299  2341  6890 I ClientSurface : ClientSurface.SetOvrState: vr_compositor_with_depth_test_4128x2208 ovrState=16
2026-03-09 04:57:03.299   855   935 I Tracking      : KEYBOARD: ObjectTrackingEngine::onStart() - Current State: Configured.
2026-03-09 04:57:03.300   855   935 E Tracking      : Executorch: program.cpp:261 !!DEPRECATED!! This branch is deprecated from ExecuTorch 0.7; re-export this PTE file to ensure support on newer runtimes.
2026-03-09 04:57:03.300   855   935 I Tracking      : BoltSDK::Soc: [EVENT] executorch::HexagonRpcMemory: Hexagon ref count changed from 36 to 37
2026-03-09 04:57:03.302   855   935 I Tracking      : Executorch: HexagonRpcBackend.cpp:145 Initializing model unnamed_et.
2026-03-09 04:57:03.302   855   935 I Tracking      : BoltSDK::Soc: [EVENT] HexagonRpcBackend: Hexagon ref count changed from 37 to 38
2026-03-09 04:57:03.305  3696  4173 D AAudio        : AAudioStream_close(s#131) called ---------------
2026-03-09 04:57:03.305  3696  4173 D AAudioStream  : setState(s#131) from 2 to 11
2026-03-09 04:57:03.305   895 19932 I EpsMixer      : [13] unregisterSessionTrack session(2177) track(339)
2026-03-09 04:57:03.306  3696  4173 D AAudioStream  : setState(s#131) from 11 to 12
2026-03-09 04:57:03.306  3696  4173 D AAudioStream  : ~AudioStream(s#131) mPlayerBase strongCount = 2
2026-03-09 04:57:03.306  3696  4173 D AAudio        : AAudioStream_close(s#131) returned 0 ---------
2026-03-09 04:57:03.306  2341  3062 I XrPerformanceManager: [EVENT] Performance profile changed to: COLLABORATION
2026-03-09 04:57:03.306  2341  3062 I XrPerformanceManager: Switching MainState: from_state: InHomeVr -> to_state: InHomeMr
2026-03-09 04:57:03.306   895 19932 D audioserver   : FGS Logger Transaction failed
2026-03-09 04:57:03.306   895 19932 D audioserver   : -129
2026-03-09 04:57:03.306  2341  3062 I ClientMgr     : Performance event: PROFILE_CHANGED to 3.
2026-03-09 04:57:03.311   855   935 I Tracking      : BoltSDK::Soc: [EVENT] executorch::HexagonRpcMemory: Hexagon ref count changed from 38 to 39
2026-03-09 04:57:03.311   855   935 I Tracking      : BoltSDK::Soc: [EVENT] executorch::HexagonRpcMemory: Hexagon ref count changed from 39 to 40
2026-03-09 04:57:03.312   855   935 I Tracking      : BoltSDK::Soc: [EVENT] DOT2Tracker: Hexagon ref count changed from 40 to 41
2026-03-09 04:57:03.314  3407  3407 I VrGuardianService.DonStateReceiver: screenStateReceiver Received broadcast: com.oculus.intent.action.MOUNT_STATE_CHANGED
2026-03-09 04:57:03.314  3407  3407 I VrGuardianService.DonStateReceiver: screenStateReceiver Received mount state changed, mounted = true
2026-03-09 04:57:03.314  3407  3407 I GuardianLifecycleMgr: ~~[GuardianLifecycleMgr::MountStateChangedFromIntent] isMounted: 1
2026-03-09 04:57:03.314  3407  4636 I GuardianSystemThreadMgr: [GuardianSystemThreadMgr::WaitForNotifyOrTimeout]: Notified
2026-03-09 04:57:03.314  3407  3407 I VrGuardianService.DonStateReceiver: screenStateReceiver Received broadcast: com.oculus.intent.action.MOUNT_STATE_CHANGED
2026-03-09 04:57:03.314  3407  3407 I VrGuardianService.DonStateReceiver: screenStateReceiver Received mount state changed, mounted = false
2026-03-09 04:57:03.314  3407  3407 I GuardianLifecycleMgr: ~~[GuardianLifecycleMgr::MountStateChangedFromIntent] isMounted: 0
2026-03-09 04:57:03.314  3407  3407 I VrGuardianService.DonStateReceiver: screenStateReceiver Received broadcast: com.oculus.intent.action.MOUNT_STATE_CHANGED
2026-03-09 04:57:03.314  3407  3407 I VrGuardianService.DonStateReceiver: screenStateReceiver Received mount state changed, mounted = true
2026-03-09 04:57:03.314  3407  4636 I VrRuntimeClient: UpdateEvents: Detected LOCAL_FLOOR reference space update. Sending reference space update event
2026-03-09 04:57:03.314  3407  3407 I GuardianLifecycleMgr: ~~[GuardianLifecycleMgr::MountStateChangedFromIntent] isMounted: 1
2026-03-09 04:57:03.314  3407  3407 I VrGuardianUserBroadcastReceiver: onReceive Intent { act=android.intent.action.USER_PRESENT flg=0x24000010 }
2026-03-09 04:57:03.314  3407  3407 I VrGuardianUserBroadcastReceiver: Guardian re-enabling itself com.oculus.guardian
2026-03-09 04:57:03.315  3407  4636 I VrRuntimeClient: UpdateEvents: Detected LOCAL reference space update. Sending reference space update event
2026-03-09 04:57:03.315  3407  4636 W GuardianInput : GuardianInput::UpdateActionData needs a valid OpenXr Session!
2026-03-09 04:57:03.315  3407  4636 W GuardianInput : GuardianInput::UpdateRawHeadLocation needs a valid OpenXr Session!
2026-03-09 04:57:03.315 17108 17108 W ResourceDownloadHMDMountReceiver: This user doesn't use Assistant at all. Not warming up Assistant.
2026-03-09 04:57:03.315 17108 17108 W ResourceDownloadHMDMountReceiver: This user doesn't use Assistant at all. Not warming up Assistant.
2026-03-09 04:57:03.316 17108 17108 W ResourceDownloadHMDMountReceiver: This user doesn't use Assistant at all. Not warming up Assistant.
2026-03-09 04:57:03.315  3407  4636 I GuardianLifecycleMgr: ~~[GuardianLifecycleMgr::UpdateLifecycleState] Lifecycle state changed from SUSPENDED to SAFETY_SYSTEM_MR MR_HOME_WORLD
2026-03-09 04:57:03.316   866  6872 I SyncBossInput : [info   ] [ruby (right) 0348e0779e9017c4]: 8284845 [info   ] {THDG}: inactive_connected -> active_seek
2026-03-09 04:57:03.316  3407  4636 I GuardianSystemThreadMgr: [GuardianSystemThreadMgr::WaitForFrameAndAllowGuardianSDKProcessing] Bypassing Sleep After Mount State Change
2026-03-09 04:57:03.316  3407  4636 I IStateMachineRecordKeeper: IStateMachineRecordKeeper::AddHistoryEntry GuardianInitialization: Transition  UnmountedState -> UnmountToMountTransitionState | Headset Mounted
2026-03-09 04:57:03.316 17108 17108 W ResourceDownloadHMDMountReceiver: This user doesn't use Assistant at all. Not warming up Assistant.
2026-03-09 04:57:03.316  3407  3407 I VrGuardianUserBroadcastReceiver: startService Guardian userId = -1
2026-03-09 04:57:03.316  3407  4636 I SafetyIntentMgr: [SafetyIntentMgr::UpdateSafetyIntentMode] SafetyIntentMode: SAFETY_INTENT_INVALID -> SAFETY_INTENT_MR_HOME (Package Name: ) isWorldManagerApiRefactorEnabled: 0
2026-03-09 04:57:03.316  3407  4636 W GuardianInput : GuardianInput::UpdateActionData needs a valid OpenXr Session!
2026-03-09 04:57:03.316  3407  4636 W GuardianInput : GuardianInput::UpdateRawHeadLocation needs a valid OpenXr Session!
2026-03-09 04:57:03.316  3407  4636 I GuardianLifecycleMgr: [GuardianLifecycleMgr::OnSystemThreadLifecycleState] State transition SUSPENDED->SAFETY_SYSTEM_MR MR_HOME_WORLD
2026-03-09 04:57:03.316  3407  4636 I GuardianRender: [GuardianRender::Resume] GuardianRender resuming.
2026-03-09 04:57:03.316  3407  4636 I GuardianRender: Resume: GuardianRender updating thread states.
2026-03-09 04:57:03.316  3407  4636 I GuardianRender: Resume: GuardianRender resume complete.
2026-03-09 04:57:03.316  3407  4636 I GuardianInput : GuardianInput::Resume ... intializing session bound objects.
2026-03-09 04:57:03.316  3407  4636 I OpenXR_Hands  : ------------ xrCreateHandTrackerEXT -----------
2026-03-09 04:57:03.316  3407  4636 I OpenXR_Hands  : ------------ xrCreateHandTrackerEXT -----------
2026-03-09 04:57:03.316  3407  4636 I GuardianTelemetry: GuardianTelemetry: Start Guardian Telemetry
2026-03-09 04:57:03.316  3407  4636 I GuardianTelemetry: OVR::Telemetry Guardian Stats thread started
2026-03-09 04:57:03.317  3696  4173 I fmod          : FMOD::supportsLowLatency                 : Low latency = true, Pro Audio = true, Bluetooth On = false, Acceptable Block Size = true (192)
2026-03-09 04:57:03.317  3407  4636 I GuardianLifecycleMgr: [GuardianLifecycleMgr::Resume] RESUMING operation. Headset waking up. Seconds elapsed: 206.59
2026-03-09 04:57:03.317  3407  4636 I GuardianToastMgr: ~~[GuardianToastMgr::HandleLifecycleEvent]: Suspend State exit
2026-03-09 04:57:03.317  3407  4636 I GuardianLifecycleMgr: ~~[GuardianLifecycleMgr::OnLifecycleStateExit]: Suspend State Exit
2026-03-09 04:57:03.317  3407  4636 I FreespaceMgr  : [FreespaceMgr::StartFreespaceScanningNonBlocking], isForegroundScan: 0
2026-03-09 04:57:03.317  2341  4641 I VrRuntimeService: RuntimeServiceSDKServer::ReleaseClientFrameAsync
2026-03-09 04:57:03.317  3407  4636 I GuardianTelemetry: [ovrStatsThreadGuardian::SendGuardianStateChangeTelemetry] Sending state change event DON, dialog 
2026-03-09 04:57:03.317  1112  4963 I MRSS          : MIXEDREALITY: MrSystemServiceIPCServer: ChangeMrCapabilityStatusNonBlocking: client 2756747559, capability MetaBackgroundFreespaceScan, command 1.
2026-03-09 04:57:03.317  3407  4636 I SpatialShiftLogger: [SpatialShift][Telemetry][FloorHeight]: [ event: HEADSET_DON, eventReason: [n/a], numGuardians: 0 hasActiveSafetyBound: 1 activeSafetyBound: 09dfb04c-9108-bf3b-1f20-2146e9560013, stageFloorHeight: -1.55418, guardianFloorHeight: -1.55514, isSlamFloorHeightValid: 0 slamFloorHeight: 99997 guardianSlamDiff:99997 guardianStageDiff: -0.000960588 ]
2026-03-09 04:57:03.317  3407  4636 I GuardianLifecycleMgr: GuardianLifecycleMgr::DetermineSuspendedLifecycleState Guardian is suspended when GetIsOSAppRunning() 0 GetIsGuardianPausedViaPrefStore() 0 GetIsIn3DofMode() 0 GetIsGuardianPausedViaSysProp() 0 GetIsHmdUnmounted() 1 
2026-03-09 04:57:03.317  3407  4636 I GuardianLifecycleMgr: ~~[GuardianLifecycleMgr::UpdateLifecycleState] Lifecycle state changed from SAFETY_SYSTEM_MR MR_HOME_WORLD to SUSPENDED
2026-03-09 04:57:03.317  3407  4636 I GuardianSystemThreadMgr: [GuardianSystemThreadMgr::WaitForFrameAndAllowGuardianSDKProcessing] Bypassing Sleep After Mount State Change
2026-03-09 04:57:03.317  3407  4636 I IStateMachineRecordKeeper: IStateMachineRecordKeeper::AddHistoryEntry GuardianInitialization: Transition  UnmountToMountTransitionState -> UnmountedState | Headset unmounted
2026-03-09 04:57:03.318  3407  4636 I IStateMachineRecordKeeper: IStateMachineRecordKeeper::AddHistoryEntry LeftMRSafeRange: Transition  NoSafeRange -> CheckSafeRange |  (input: SafetySystemMRStateEnter)
2026-03-09 04:57:03.318  3407  4636 I IStateMachineRecordKeeper: IStateMachineRecordKeeper::AddHistoryEntry SafetyIntent: Transition  SafetyIntentInvalid -> HomeSafetyMR
2026-03-09 04:57:03.318  3407  4636 I SafetyIntentMgr: [SafetyIntentMgr::UpdateSafetyIntentMode] SafetyIntentMode: SAFETY_INTENT_MR_HOME -> SAFETY_INTENT_INVALID (Package Name: ) isWorldManagerApiRefactorEnabled: 0
2026-03-09 04:57:03.318  3407  4636 I GuardianLifecycleMgr: [GuardianLifecycleMgr::OnSystemThreadLifecycleState] State transition SAFETY_SYSTEM_MR MR_HOME_WORLD->SUSPENDED
2026-03-09 04:57:03.318  3407  4636 I GuardianLifecycleMgr: ~~[GuardianLifecycleMgr::OnLifecycleStateEnter]: Suspend State Enter
2026-03-09 04:57:03.318  3407  4636 I IStateMachineRecordKeeper: IStateMachineRecordKeeper::AddHistoryEntry WorldsSafetySystem: Transition  NotActive -> NotActive | Reset
2026-03-09 04:57:03.318  3407  4636 I FreespaceMgr  : [FreespaceMgr::StopFreespaceScanningNonBlocking], isForegroundScan: 0
2026-03-09 04:57:03.318  3407  4636 I GuardianMapMgr: [GuardianMapMgr::SetUserPreferredGroundPlaneHeight] Updating user-preferred floor height from NONE to NONE
2026-03-09 04:57:03.318  3407  4636 I GuardianMapMgr: [GuardianMapMgr::SetCachedGroundPlaneHeightErrorCode] Updating cached ground plane height error code from 99997 to 99998
2026-03-09 04:57:03.318  3407  4636 I GuardianToastMgr: ~~[GuardianToastMgr::HandleLifecycleEvent]: Suspend State Enter
2026-03-09 04:57:03.318  3407  4636 I IStateMachineRecordKeeper: IStateMachineRecordKeeper::AddHistoryEntry SafetyIndicator: Transition  Invalid -> Invalid | Reset
2026-03-09 04:57:03.318  3407  4636 I GuardianDialogMgr: [GuardianDialogMgr::SetGuardianDialogAndDefinition] explicitly dismissing dialog
2026-03-09 04:57:03.318  3407  4636 I IStateMachineRecordKeeper: IStateMachineRecordKeeper::AddHistoryEntry TrackingLost: Transition  Valid -> Valid | Lifecycle suspended; resetting TrackingLostSM to initial state (signal: lifecycleSuspend)
2026-03-09 04:57:03.318  3407  4636 I IStateMachineRecordKeeper: IStateMachineRecordKeeper::AddHistoryEntry TrackingLost: Transition  Valid -> LostTransition
2026-03-09 04:57:03.318  3407  3407 I VrGuardianService: onStartCommand
2026-03-09 04:57:03.318  3407  3407 I VrGuardianService: onStartCommand startService called by source: 0
2026-03-09 04:57:03.319  3407  4636 I GuardianTelemetry: OVR::Telemetry Guardian Stats thread stopped
2026-03-09 04:57:03.319  3407  4636 I GuardianInput : Input::Suspend ... destroying hand trackers
2026-03-09 04:57:03.319  3407  4636 I OpenXR_Hands  : ------------ xrDestroyHandTrackerEXT -----------
2026-03-09 04:57:03.319  3407  4636 I OpenXR_Hands  : ------------ xrDestroyHandTrackerEXT -----------
2026-03-09 04:57:03.319  3407  4636 I GuardianRender: Suspend: GuardianRender suspending.
2026-03-09 04:57:03.319  3407  4636 I GuardianRender: Suspend: GuardianRender suspend complete.
2026-03-09 04:57:03.319  3407  4636 I GuardianTelemetry: [ovrStatsThreadGuardian::SendGuardianStateChangeTelemetry] Sending state change event DOFF, dialog 
2026-03-09 04:57:03.319  3407  3407 I VrGuardianService: getGuardianFilesDir() /data/user/0/com.oculus.guardian/files/guardian/
2026-03-09 04:57:03.319  3407  4636 I SpatialShiftLogger: [SpatialShift][Telemetry][FloorHeight]: [ event: HEADSET_DOFF, eventReason: [n/a], numGuardians: 0 hasActiveSafetyBound: 1 activeSafetyBound: 09dfb04c-9108-bf3b-1f20-2146e9560013, stageFloorHeight: -1.55418, guardianFloorHeight: -1.55514, isSlamFloorHeightValid: 0 slamFloorHeight: 99998 guardianSlamDiff:99998 guardianStageDiff: -0.000960588 ]
2026-03-09 04:57:03.319  3407  4636 I GuardianLifecycleMgr: ~~[GuardianLifecycleMgr::UpdateLifecycleState] Lifecycle state changed from SUSPENDED to SAFETY_SYSTEM_MR MR_HOME_WORLD
2026-03-09 04:57:03.319  3407  4636 I GuardianSystemThreadMgr: [GuardianSystemThreadMgr::WaitForFrameAndAllowGuardianSDKProcessing] Bypassing Sleep After Mount State Change
2026-03-09 04:57:03.319  3407  4636 I GuardianMapMgr: [GuardianMapMgr::SetCachedGroundPlaneHeightErrorCode] Updating cached ground plane height error code from 99998 to 99997
2026-03-09 04:57:03.319  3407  4636 I IStateMachineRecordKeeper: IStateMachineRecordKeeper::AddHistoryEntry GuardianInitialization: Transition  UnmountedState -> UnmountToMountTransitionState | Headset Mounted
2026-03-09 04:57:03.319  3407  4636 I IStateMachineRecordKeeper: IStateMachineRecordKeeper::AddHistoryEntry LeftMRSafeRange: Transition  CheckSafeRange -> NoSafeRange |  (input: SafetySystemMRStateExit)
2026-03-09 04:57:03.319  3407  4636 I IStateMachineRecordKeeper: IStateMachineRecordKeeper::AddHistoryEntry SafetyIntent: Transition  HomeSafetyMR -> SafetyIntentInvalid
2026-03-09 04:57:03.319  3407  4636 I SafetyIntentMgr: [SafetyIntentMgr::UpdateSafetyIntentMode] SafetyIntentMode: SAFETY_INTENT_INVALID -> SAFETY_INTENT_MR_HOME (Package Name: ) isWorldManagerApiRefactorEnabled: 0
2026-03-09 04:57:03.319  3407  4636 W GuardianInput : GuardianInput::UpdateActionData needs a valid OpenXr Session!
2026-03-09 04:57:03.319  3407  4636 W GuardianInput : GuardianInput::UpdateRawHeadLocation needs a valid OpenXr Session!
2026-03-09 04:57:03.319  3407  4636 I GuardianLifecycleMgr: [GuardianLifecycleMgr::OnSystemThreadLifecycleState] State transition SUSPENDED->SAFETY_SYSTEM_MR MR_HOME_WORLD
2026-03-09 04:57:03.319  3407  4636 I GuardianRender: [GuardianRender::Resume] GuardianRender resuming.
2026-03-09 04:57:03.319  3407  4636 I GuardianRender: Resume: GuardianRender updating thread states.
2026-03-09 04:57:03.319  3407  4636 I GuardianRender: Resume: GuardianRender resume complete.
2026-03-09 04:57:03.319  3407  4636 I GuardianInput : GuardianInput::Resume ... intializing session bound objects.
2026-03-09 04:57:03.319  3407  4636 I OpenXR_Hands  : ------------ xrCreateHandTrackerEXT -----------
2026-03-09 04:57:03.319  3407  4636 I OpenXR_Hands  : ------------ xrCreateHandTrackerEXT -----------
2026-03-09 04:57:03.319  3407  4636 I GuardianTelemetry: GuardianTelemetry: Start Guardian Telemetry
2026-03-09 04:57:03.319  3407  4636 I GuardianTelemetry: OVR::Telemetry Guardian Stats thread started
2026-03-09 04:57:03.319  3407  4636 I GuardianLifecycleMgr: [GuardianLifecycleMgr::Resume] RESUMING operation. Headset waking up. Seconds elapsed: 0.00
2026-03-09 04:57:03.319  3407  4636 I GuardianToastMgr: ~~[GuardianToastMgr::HandleLifecycleEvent]: Suspend State exit
2026-03-09 04:57:03.319  3407  4636 I GuardianLifecycleMgr: ~~[GuardianLifecycleMgr::OnLifecycleStateExit]: Suspend State Exit
2026-03-09 04:57:03.319  3407  4636 I FreespaceMgr  : [FreespaceMgr::StartFreespaceScanningNonBlocking], isForegroundScan: 0
2026-03-09 04:57:03.319  3407  3407 I VrGuardianService: createDirWithRetriesOrCrash.  IsKeyGuardLocked: false
2026-03-09 04:57:03.319  3407  4636 I GuardianTelemetry: [ovrStatsThreadGuardian::SendGuardianStateChangeTelemetry] Sending state change event DON, dialog 
2026-03-09 04:57:03.319  3407  4636 I SpatialShiftLogger: [SpatialShift][Telemetry][FloorHeight]: [ event: HEADSET_DON, eventReason: [n/a], numGuardians: 0 hasActiveSafetyBound: 1 activeSafetyBound: 09dfb04c-9108-bf3b-1f20-2146e9560013, stageFloorHeight: -1.55418, guardianFloorHeight: -1.55514, isSlamFloorHeightValid: 0 slamFloorHeight: 99997 guardianSlamDiff:99997 guardianStageDiff: -0.000960588 ]
2026-03-09 04:57:03.320  3407  3407 I VrGuardianService: maybeSubscribeDeviceConfigAndInitNative. deviceConfigSubscribed: true, IsKeyGuardLocked: false
2026-03-09 04:57:03.320  3696  4173 I fmod          : FMOD::supportsSpatial                    : Supports Spatial = false, Spatial available = false, Spatial enabled = false
2026-03-09 04:57:03.320  3696  4173 I AAudio        : AAudioStreamBuilder_openStream() called ----------------------------------------
2026-03-09 04:57:03.320  3696  4173 I AudioStreamBuilder: rate   =      0, channels  = 0, channelMask = 0, format   = 0, sharing = SH, dir = OUTPUT
2026-03-09 04:57:03.320  3696  4173 I AudioStreamBuilder: device =      0, sessionId = -1, perfMode = 12, callback: ON with frames = 0
2026-03-09 04:57:03.320  3696  4173 I AudioStreamBuilder: usage  =     14, contentType = 0, inputPreset = 0, allowedCapturePolicy = 0
2026-03-09 04:57:03.320  3696  4173 I AudioStreamBuilder: privacy sensitive = false, opPackageName = (null), attributionTag = (null)
2026-03-09 04:57:03.320  3696  4173 D AudioStreamBuilder: build() disable aaudio output mmap via gk
2026-03-09 04:57:03.320  3696  4173 D AudioStreamBuilder: build() MMAP not used because this is a 2D activity and spatialization is notdisabled on this stream.
2026-03-09 04:57:03.320  3696  4173 D .oculus.vrshell: PlayerBase::PlayerBase()
2026-03-09 04:57:03.321  3696  4173 D AudioStreamTrack: open(), request notificationFrames = -8, frameCount = 0
2026-03-09 04:57:03.323  2341  4641 I VrRuntimeService: RuntimeServiceSDKServer::ReleaseClientFrameAsync
2026-03-09 04:57:03.323  2341  4641 I VrRuntimeService: RuntimeServiceSDKServer::ReleaseClientFrameAsync
2026-03-09 04:57:03.323   895 26242 W AudioFlinger  : createTrack_l(): mismatch between requested flags (00000104) and output flags (00000006)
2026-03-09 04:57:03.323   895 26242 D AudioFlinger  : Client defaulted notificationFrames to 192 for frameCount 1536
2026-03-09 04:57:03.323  2341  4991 I VrRuntimeService: RuntimeServiceSDKServer::SetGuardianPolygon: 2756747559, 328
2026-03-09 04:57:03.323  2341  4991 I Guardian      : SetPolygon: 328
2026-03-09 04:57:03.323  2341 16786 I VrRuntimeService: RuntimeServiceSDKServer::SetGuardianStationaryInfo: 2756747559
2026-03-09 04:57:03.323  2341 19393 I VrRuntimeService: RuntimeServiceSDKServer::SetGuardianPolygon: 2756747559, 328
2026-03-09 04:57:03.323  2341 19393 I Guardian      : SetPolygon: 328
2026-03-09 04:57:03.323  2341 32013 I VrRuntimeService: RuntimeServiceSDKServer::SetGuardianPolygon: 2756747559, 328
2026-03-09 04:57:03.323  2341 32013 I Guardian      : SetPolygon: 328
2026-03-09 04:57:03.324  2341 32012 I VrRuntimeService: RuntimeServiceSDKServer::SetGuardianStationaryInfo: 2756747559
2026-03-09 04:57:03.324   895 26242 I EpsMixer      : [13] registerSessionTrack session(2185) track(340)
2026-03-09 04:57:03.325  3696  4173 I AudioTrack    : createTrack_l(0): AUDIO_OUTPUT_FLAG_FAST successful; frameCount 0 -> 1536
2026-03-09 04:57:03.325  3696  4173 I AudioTrack    : registerVolumetricWindowToken_l session=2185 token=0x7832e978c0 force=true
2026-03-09 04:57:03.325  3696  4173 I AudioTrack    : setPackageForSession_l session=2185 packageName=
2026-03-09 04:57:03.325  3696  4173 W AudioTrack    : setPackageForSession_l: packageName is empty
2026-03-09 04:57:03.325  3696  4173 D AudioStreamTrack: open() flags changed from 0x00000104 to 0x00000004
2026-03-09 04:57:03.325  3696  4173 D AAudioStream  : setState(s#132) from 0 to 2
2026-03-09 04:57:03.325   895 26242 D EpsMessageChannelService: write: MessageChannelService binder write received for session(2185), param(3), binder val(0xb40000799efecaf0)
2026-03-09 04:57:03.325   895 26242 D EpsMessageChannelService: write: MessageChannelService volumetric token association received for session(2185), param(3), token(9f59b215-1533-42c4-a864-2d24e698e8a6)
2026-03-09 04:57:03.326  3696  4173 I AAudio        : AAudioStreamBuilder_openStream() returns 0 = AAUDIO_OK for s#132 ----------------
2026-03-09 04:57:03.327  2341  6988 I VrRuntimeService: RuntimeServiceSDKServer::SetGuardianStationaryInfo: 2756747559
2026-03-09 04:57:03.330   855   935 I Tracking      : BoltSDK::Soc: [EVENT] executorch::HexagonRpcMemory: Hexagon ref count changed from 41 to 42
2026-03-09 04:57:03.331   866  6872 I SyncBossHAL   : [info   ] syncboss_hal_input_controller.c(186): Controller 0348e0779e9017c4 battery level changed: 0% -> 100%
2026-03-09 04:57:03.332   866  6865 D SensorService : Syncboss input 0348e0779e9017c4 hardware type 6, subtype 2, revision 0x10
2026-03-09 04:57:03.332   866  6865 I SensorService : preparePairedControllerInfo is adding device with valid 1
2026-03-09 04:57:03.332   866  6865 D SensorService : Syncboss input bd69859b0f857714 hardware type 6, subtype 1, revision 
2026-03-09 04:57:03.332   866  6865 I SensorService : preparePairedControllerInfo is adding device with valid 1
2026-03-09 04:57:03.333   866  6865 D SensorService : stateChangeNotifierFunc(): Reporting controller info. Change token: 81, paired=2 connected=1
2026-03-09 04:57:03.333  2752  6895 D ControllerManagement: processStateChange([PairedControllerInfo RUBY 0348e0779e9017c4 connected detached mcnt=4])
2026-03-09 04:57:03.333  2752  6895 D ControllerManagement: RemoteService::recordControllerStatusUpdate: device 0348e0779e9017c4: status: CONNECTED_ACTIVE tracking: NONE, errors: --
2026-03-09 04:57:03.334   866  6865 D SensorService : Found paired controllers: 2
2026-03-09 04:57:03.334   866  6865 D SensorService : Syncboss input 0348e0779e9017c4 hardware type 6, subtype 2, revision 0x10
2026-03-09 04:57:03.334   866  6865 I SensorService : preparePairedControllerInfo is adding device with valid 1
2026-03-09 04:57:03.334   866  6865 D SensorService : Syncboss input bd69859b0f857714 hardware type 6, subtype 1, revision 
2026-03-09 04:57:03.335   866  6865 I SensorService : preparePairedControllerInfo is adding device with valid 1
2026-03-09 04:57:03.335  2752  6895 D ControllerManagement: processStateChange([PairedControllerInfo RUBY bd69859b0f857714 disconnected detached update-required mcnt=4])
2026-03-09 04:57:03.336   866  1662 I CorePi        : AWB cam0: AWBInterface.cpp: 387 createCorePiAWBInterface: Enter
2026-03-09 04:57:03.336  3696  4173 D AAudio        : AAudioStream_close(s#132) called ---------------
2026-03-09 04:57:03.336  3696  4173 D AAudioStream  : setState(s#132) from 2 to 11
2026-03-09 04:57:03.336   895 26242 I EpsMixer      : [13] unregisterSessionTrack session(2185) track(340)
2026-03-09 04:57:03.336  3696  4173 D AAudioStream  : setState(s#132) from 11 to 12
2026-03-09 04:57:03.336  3696  4173 D AAudioStream  : ~AudioStream(s#132) mPlayerBase strongCount = 2
2026-03-09 04:57:03.336  3696  4173 D AAudio        : AAudioStream_close(s#132) returned 0 ---------
2026-03-09 04:57:03.337   895 26242 D audioserver   : FGS Logger Transaction failed
2026-03-09 04:57:03.337   895 26242 D audioserver   : -129
2026-03-09 04:57:03.337   866  1662 I CorePi        : AWB cam0: AWBCore.cpp: 441 initialize: Tuning version: 1.0.0
2026-03-09 04:57:03.337   866  1662 I CorePi        : AWB cam0: AWBCore.cpp: 34 createAWBCoreInterface: create AWB success, version: 1.4.7
2026-03-09 04:57:03.337   866  1662 I CorePi        : AWB cam0: AWBInterface.cpp: 406 createCorePiAWBInterface: Create Meta AWB interface succeed!
2026-03-09 04:57:03.337   866  6865 D SensorService : Found paired controllers: 2
2026-03-09 04:57:03.337   866  6865 D SensorService : Syncboss input 0348e0779e9017c4 hardware type 6, subtype 2, revision 0x10
2026-03-09 04:57:03.337   866  6865 I SensorService : preparePairedControllerInfo is adding device with valid 1
2026-03-09 04:57:03.337   866  6865 D SensorService : Syncboss input bd69859b0f857714 hardware type 6, subtype 1, revision 
2026-03-09 04:57:03.337   866  6865 I SensorService : preparePairedControllerInfo is adding device with valid 1
2026-03-09 04:57:03.344     0     0 I CAM_INFO      : CAM-SENSOR: cam_sensor_driver_cmd: 1211 CAM_ACQUIRE_DEV Success for imx471 id:0x471,slave-addr:0x34 crm:[0]
2026-03-09 04:57:03.348     9     9 I CAM_INFO      : CAM-SMMU: cam_smmu_map_user_iova: 3257 fd=777 already in list [9:57:3:339] cb=ife idx=0 handle=37111 len=573440,give same addr back
2026-03-09 04:57:03.348     9     9 I CAM_INFO      : CAM-SMMU: cam_smmu_map_user_iova: 3257 fd=778 already in list [9:57:3:339] cb=ife idx=0 handle=37111 len=471040,give same addr back
2026-03-09 04:57:03.346  3696  4173 I AAudio        : AAudioStreamBuilder_openStream() called ----------------------------------------
2026-03-09 04:57:03.346  3696  4173 I AudioStreamBuilder: rate   =      0, channels  = 0, channelMask = 0, format   = 0, sharing = SH, dir = OUTPUT
2026-03-09 04:57:03.346  3696  4173 I AudioStreamBuilder: device =      0, sessionId = -1, perfMode = 12, callback: ON with frames = 0
2026-03-09 04:57:03.346  3696  4173 I AudioStreamBuilder: usage  =     14, contentType = 0, inputPreset = 0, allowedCapturePolicy = 0
2026-03-09 04:57:03.346  3696  4173 I AudioStreamBuilder: privacy sensitive = false, opPackageName = (null), attributionTag = (null)
2026-03-09 04:57:03.347  3696  4173 D AudioStreamBuilder: build() disable aaudio output mmap via gk
2026-03-09 04:57:03.347  3696  4173 D AudioStreamBuilder: build() MMAP not used because this is a 2D activity and spatialization is notdisabled on this stream.
2026-03-09 04:57:03.347  3696  4173 D .oculus.vrshell: PlayerBase::PlayerBase()
2026-03-09 04:57:03.347  3696  4173 D AudioStreamTrack: open(), request notificationFrames = 0, frameCount = 3072
2026-03-09 04:57:03.348   895 26242 W AudioFlinger  : createTrack_l(): mismatch between requested flags (00000104) and output flags (00000006)
2026-03-09 04:57:03.348   895 26242 D AudioFlinger  : Client defaulted notificationFrames to 192 for frameCount 3072
2026-03-09 04:57:03.348   899  1081 I crcs          : Performance profile changed to collaboration
2026-03-09 04:57:03.348   899  1081 I crcs          : SetClockLevels: Apply pending clock request change: 4,5 -> 3,3
2026-03-09 04:57:03.349   895 26242 I EpsMixer      : [13] registerSessionTrack session(2193) track(341)
2026-03-09 04:57:03.349  2341 31575 I XrFeedbackController: XrFeedbackController: feature://xr/feedback/cpu_level --> 3 (raw 0.250000)
2026-03-09 04:57:03.349  2341 31575 I XrFeedbackController: XrFeedbackController: feature://xr/feedback/gpu_level --> 3 (raw 0.250000)
2026-03-09 04:57:03.349  3696  4173 I AudioTrack    : createTrack_l(0): AUDIO_OUTPUT_FLAG_FAST successful; frameCount 3072 -> 3072
2026-03-09 04:57:03.350  3696  4173 I AudioTrack    : registerVolumetricWindowToken_l session=2193 token=0x7832e978c0 force=true
2026-03-09 04:57:03.350  3696  4173 I AudioTrack    : setPackageForSession_l session=2193 packageName=
2026-03-09 04:57:03.350  3696  4173 W AudioTrack    : setPackageForSession_l: packageName is empty
2026-03-09 04:57:03.350  3696  4173 D AudioStreamTrack: open() flags changed from 0x00000104 to 0x00000004
2026-03-09 04:57:03.350  3696  4173 D AAudioStream  : setState(s#133) from 0 to 2
2026-03-09 04:57:03.350   895 26242 D EpsMessageChannelService: write: MessageChannelService binder write received for session(2193), param(3), binder val(0xb40000799efecaf0)
2026-03-09 04:57:03.350   895 26242 D EpsMessageChannelService: write: MessageChannelService volumetric token association received for session(2193), param(3), token(9f59b215-1533-42c4-a864-2d24e698e8a6)
2026-03-09 04:57:03.350  3696  4173 I AAudio        : AAudioStreamBuilder_openStream() returns 0 = AAUDIO_OK for s#133 ----------------
2026-03-09 04:57:03.350  3696  4173 D AAudio        : AAudioStream_requestStart(s#133) called --------------
2026-03-09 04:57:03.350  3696  4173 D AAudioStream  : setState(s#133) from 2 to 3
2026-03-09 04:57:03.350  3696  4173 I AudioTrack    : registerVolumetricWindowToken_l session=2193 token=0x7832e978c0 force=false
2026-03-09 04:57:03.351   895 26242 D audioserver   : FGS Logger Transaction failed
2026-03-09 04:57:03.351   895 26242 D audioserver   : -129
2026-03-09 04:57:03.348     9     9 I CAM_INFO      : CAM-SMMU: cam_smmu_map_user_iova: 3257 fd=780 already in list [9:57:3:339] cb=ife idx=0 handle=37111 len=495616,give same addr back
2026-03-09 04:57:03.351  3696  4173 D AAudio        : AAudioStream_requestStart(s#133) returned 0 ---------
2026-03-09 04:57:03.352  3696  4173 I [SEO] LocalSpace: Reset - initialRawFromLocalPose: quat(-0.045288, -0.076222, 0.021939, 0.995820), translation(0.009627, -0.007360, -0.005740)
2026-03-09 04:57:03.352  3696  4173 I [SEO] LocalSpace: Applying VRAPI Reorient, the reorient reason is 3
2026-03-09 04:57:03.352  2341  4937 I VrRuntimeService: RuntimeServiceSDKServer::RecenterLocalSpace
2026-03-09 04:57:03.352  2341  4937 I VrRuntimeService: RuntimeServiceSDKServer::RecenterLocalSpace_Internal
2026-03-09 04:57:03.352  2341  4937 I LyingDownModeManager: [GetIsLDMEnabledForCurrentApp] Is LDM Enabled for Current App: FALSE, HSR <> Shell Space Convergence Enabled: false, LDM Preference Enabled: false, Current App Opted Out: false
2026-03-09 04:57:03.352  2341  4937 V VrSpaceState  : SetStateBatched in UpdateLocalSpace
2026-03-09 04:57:03.352  2341  4937 V VrSpaceState  : shouldRecenter the position: 0
2026-03-09 04:57:03.352  2341  4937 I VrSpaceState  : UpdateLocalSpace: Src: 2, Version: 65, VersionUser: 0, RawFloorHeightOld: -1.554182, RawFloorHeightNew: -1.554182
2026-03-09 04:57:03.352  2341  4937 I VrRuntimeService: RuntimeServiceSDKServer::UpdateRSSDKSpaces_Internal
2026-03-09 04:57:03.354   866  1662 I CorePi        : AWB cam0: AWBInterface.cpp: 387 createCorePiAWBInterface: Enter
2026-03-09 04:57:03.354   866  1662 I CorePi        : AWB cam0: AWBCore.cpp: 441 initialize: Tuning version: 1.0.0
2026-03-09 04:57:03.355   866  1662 I CorePi        : AWB cam0: AWBCore.cpp: 34 createAWBCoreInterface: create AWB success, version: 1.4.7
2026-03-09 04:57:03.355   866  1662 I CorePi        : AWB cam0: AWBInterface.cpp: 406 createCorePiAWBInterface: Create Meta AWB interface succeed!
2026-03-09 04:57:03.359     0     0 I CAM_INFO      : CAM-SENSOR: cam_sensor_driver_cmd: 1211 CAM_ACQUIRE_DEV Success for imx471 id:0x471,slave-addr:0x34 crm:[0]
2026-03-09 04:57:03.365     9     9 I CAM_INFO      : CAM-SMMU: cam_smmu_map_user_iova: 3257 fd=850 already in list [9:57:3:357] cb=ife idx=0 handle=37111 len=573440,give same addr back
2026-03-09 04:57:03.365     9     9 I CAM_INFO      : CAM-SMMU: cam_smmu_map_user_iova: 3257 fd=851 already in list [9:57:3:357] cb=ife idx=0 handle=37111 len=471040,give same addr back
2026-03-09 04:57:03.358   855   935 I Tracking      : Executorch: HexagonRpcBackend.cpp:145 Initializing model ofi_detector.
2026-03-09 04:57:03.358   855   935 I Tracking      : BoltSDK::Soc: [EVENT] HexagonRpcBackend: Hexagon ref count changed from 42 to 43
2026-03-09 04:57:03.359   899  1081 I crcs          : DVFS: [VR_MODE_GPU_3, VR_MODE_CPU_3, VR_MODE_OVERRIDE_FOREGROUND_TO_CONTENT_CORES, SUSTAINED_PERFORMANCE_MR_MODE, VR_MODE_CX_0, FLOAT_PANEL_APPS_PRIME, WIFI_LOW_LATENCY]
2026-03-09 04:57:03.359  3696  4173 I [SEO] LocalSpace: New Space: quat(-0.042398, 0.000800, 0.018858, 0.998922), translation(0.000000, 1.547113, 0.000000) - Prior Space: quat(-0.043454, 0.001104, 0.025379, 0.998732), translation(0.000000, 1.546822, 0.000000)
2026-03-09 04:57:03.359  3696  4173 I [SEO] LocalSpace: Local space version from 62 to 63, local space user version from 0 to 0.
2026-03-09 04:57:03.360   899  1081 I crcs          : DVFS: cpu_levels: max=-1 min=-1, gpu_levels: max=-1 min=-1
2026-03-09 04:57:03.360  3696  4173 I [SEO] PanelAppHost: Setting panel layer visibility of layer "controlbar12" to visible, panel (panelId:5) (com.oculus.vrshell/com.oculus.panelapp.controlbar.ControlBarActivity)
2026-03-09 04:57:03.360   895  1287 I EpsMixer      : [13] addTrack session(2193) track(341)
2026-03-09 04:57:03.360   895  1287 I EpsMixer      : [13] setTrackEnabled(1) session(2193) track (341)
2026-03-09 04:57:03.360  3696  8558 D AudioStreamLegacy: onAudioDeviceUpdate(deviceId = 268435457)
2026-03-09 04:57:03.360   856  5527 E perfservice   : DspDCVSPower: Invalid DSP DCVS QE config: 
2026-03-09 04:57:03.360   856  5527 E perfservice   : DspDCVSPower: Invalid DSP DCVS QE config: 
2026-03-09 04:57:03.360   856  5527 E perfservice   : DspDCVSPower: Invalid DSP DCVS QE config: 
2026-03-09 04:57:03.360   856  5527 E perfservice   : DspDCVSPower: Invalid DSP DCVS QE config: 
2026-03-09 04:57:03.361   856  5527 E perfservice   : DspDCVSPower: Invalid DSP DCVS QE config: 
2026-03-09 04:57:03.361   856  5527 E perfservice   : DspDCVSPower: Invalid DSP DCVS QE config: 
2026-03-09 04:57:03.361  3696  4173 I [SEO] SystemUXControllerHelper: OnReorient(reason: 3)
2026-03-09 04:57:03.361  3696  4173 I [SEO] TelemetryProvider: aui_reorient system 0 0 0 com.oculus.vrshell
2026-03-09 04:57:03.361  3696  4173 I ShellHsr      : Input: Destroying hand instance: hand=Left
2026-03-09 04:57:03.361  3696  4173 I OpenXR_Anchor : xrQuerySpacesFB: split anchor query enabled
2026-03-09 04:57:03.361  3696  4173 I [CT]          : SP:AF:InsightAnchorApi: QueryAnchorSpaces loadAndQueryAvailableAnchors flow. (task start) duration: 0.000000000 [sec], flags: 44, location: StorageLocation::LOCAL(1), method: 1, request: 4128, source: SourceType::LIVE_TRACKER(1)
2026-03-09 04:57:03.361  3696  5405 I [CT]          : RuntimeIpcHelper: RuntimeIpcClient::CALL_RPC isAsync: true, func: loadAvailableAnchors
2026-03-09 04:57:03.362  5279  6166 I [CT]          : SP:AP:AnchorPersistenceRuntimeIpcServer: checkRPC start: sessionUuid:c401f3bb-af84-68c4-787a-5fe720803f58, clientId:1869454968, givenPackageName:com.oculus.vrshell
2026-03-09 04:57:03.362  5279  6166 I [CT]          : SP:AP:AnchorPersistenceRuntimeIpcServer: checkPackageAccess - detectedPackageName:com.oculus.vrshell, detectedProcessName:com.oculus.vrshell, givenPackageName:com.oculus.vrshell
2026-03-09 04:57:03.362  5279  6166 I [CT]          : SP:AP:AnchorPersistenceRuntimeIpcServer: checkRPC package name matches: sessionUuid:c401f3bb-af84-68c4-787a-5fe720803f58, clientId:1869454968, givenPackageName:com.oculus.vrshell, detectedPackageName:com.oculus.vrshell, detectedProcessName:com.oculus.vrshell
2026-03-09 04:57:03.362  5279  6166 I [CT]          : SP:AP:AnchorPersistenceRuntimeIpcServer: queryAvailableAnchorsSMV2: clientId: 1869454968, maxAnchors: 500, filter: 0, queryMultipleRoomsEnabledByOpenXrVersion: true, source: 1, appId: com.oculus.vrshell
